[2026-07-08 16:37:59] [INFO] =========================================
[2026-07-08 16:37:59] [SUCCESS] === COPIE SHAREPOINT + PERMISSIONS ===
[2026-07-08 16:37:59] [INFO] Version: 8.2
[2026-07-08 16:37:59] [INFO] Log: C:\Users\ffaradji-op\Desktop\Mercury script powershell\SharePoint_Copy_2026-07-08_163759.log
[2026-07-08 16:37:59] [INFO] Erreurs: C:\Users\ffaradji-op\Desktop\Mercury script powershell\SharePoint_Errors_2026-07-08_163759.csv
[2026-07-08 16:37:59] [SUCCESS] Traductions chargées: 2
[2026-07-08 16:37:59] [SUCCESS] Mappages chargés: ID=3, Name=3
[2026-07-08 16:37:59] [INFO] === AUTHENTIFICATION ===
[2026-07-08 16:38:00] [INFO] === RÉSOLUTION SITES/DRIVES ===
[2026-07-08 16:38:00] [SUCCESS] Source: https://ipdlab.sharepoint.com/sites/SERVICES_GENERAUX
[2026-07-08 16:38:00] [SUCCESS] Drive source: Documents (b!XnWYyX1Yt0OS_raijD1IJ3BoByys1aRJgLg7kzMz9vWsIxCHkG4qSbx5BSt1yNsv)
[2026-07-08 16:38:00] [SUCCESS] Destination: https://infoprodigital365.sharepoint.com/sites/Notisum
[2026-07-08 16:38:00] [SUCCESS] Drive destination: Dokument (b!0z6sqSw4wkKUBSEZsaLleFBcHn8_IVFNo3VteQoV3ZuvDB11OkfdTI0ydXY5E-Yg)
[2026-07-08 16:38:01] [INFO] Librairies source: Documents
[2026-07-08 16:38:01] [INFO] === LECTURE CSV ===
[2026-07-08 16:38:01] [SUCCESS] Lignes CSV: 1938
[2026-07-08 16:38:01] [SUCCESS] Chemins uniques: 333
[2026-07-08 16:38:01] [INFO] Traitement: /Audit_user_gmail.xlsx (5 permission(s))
[2026-07-08 16:38:01] [INFO] === COPIE REELLE: Audit_user_gmail.xlsx ===
[2026-07-08 16:38:02] [SUCCESS] Fichier copié: Audit_user_gmail.xlsx (id=01ZUFXZGL5S7EBTTJRVNAZLYINQDQILAHF)
[2026-07-08 16:38:03] [SUCCESS] Permission Entra: User test 02 [write] -> Audit_user_gmail.xlsx
[2026-07-08 16:38:03] [INFO] Traitement: /Capture d’écran 2026-01-27 172058.jpg (5 permission(s))
[2026-07-08 16:38:03] [INFO] === COPIE REELLE: Capture d’écran 2026-01-27 172058.jpg ===
[2026-07-08 16:38:04] [SUCCESS] Fichier copié: Capture d’écran 2026-01-27 172058.jpg (id=01ZUFXZGNZ3ELH7VM2NBE3N3JOMTWGQ5BW)
[2026-07-08 16:38:04] [SUCCESS] Permission Entra: User test 02 [write] -> Capture d’écran 2026-01-27 172058.jpg
[2026-07-08 16:38:04] [INFO] Traitement: /Drive ECHOLINE/ (6 permission(s))
[2026-07-08 16:38:05] [INFO] === COPIE REELLE: Drive ECHOLINE ===
[2026-07-08 16:38:05] [SUCCESS] Dossier créé: Drive ECHOLINE
[2026-07-08 16:38:05] [SUCCESS] Permission Entra: User test 02 [write] -> Drive ECHOLINE
[2026-07-08 16:38:06] [SUCCESS] Permission Entra: FARADJI, Fethi [write] -> Drive ECHOLINE
[2026-07-08 16:38:06] [INFO] Traitement: /Drive ECHOLINE/01-Internal Ops/ (6 permission(s))
[2026-07-08 16:38:06] [INFO] === COPIE REELLE: Drive ECHOLINE/01-Internal Ops ===
[2026-07-08 16:38:06] [SUCCESS] Dossier créé: Drive ECHOLINE/01-Internal Ops
[2026-07-08 16:38:07] [SUCCESS] Permission Entra: User test 02 [write] -> Drive ECHOLINE/01-Internal Ops
[2026-07-08 16:38:07] [SUCCESS] Permission Entra: FARADJI, Fethi [write] -> Drive ECHOLINE/01-Internal Ops
[2026-07-08 16:38:07] [INFO] Traitement: /Drive ECHOLINE/01-Internal Ops/A-Veilles et traitement/ (6 permission(s))
[2026-07-08 16:38:07] [INFO] === COPIE REELLE: Drive ECHOLINE/01-Internal Ops/A-Veilles et traitement ===
[2026-07-08 16:38:08] [SUCCESS] Dossier créé: Drive ECHOLINE/01-Internal Ops/A-Veilles et traitement
[2026-07-08 16:38:08] [SUCCESS] Permission Entra: User test 02 [write] -> Drive ECHOLINE/01-Internal Ops/A-Veilles et traitement
[2026-07-08 16:38:08] [SUCCESS] Permission Entra: FARADJI, Fethi [write] -> Drive ECHOLINE/01-Internal Ops/A-Veilles et traitement
[2026-07-08 16:38:09] [INFO] Traitement: /Drive ECHOLINE/01-Internal Ops/A-Veilles et traitement/00 - A - Documents accessibles par l'API/ (6 permission(s))
[2026-07-08 16:38:09] [INFO] === COPIE REELLE: Drive ECHOLINE/01-Internal Ops/A-Veilles et traitement/00 - A - Documents accessibles par l'API ===
[2026-07-08 16:38:10] [SUCCESS] Dossier créé: Drive ECHOLINE/01-Internal Ops/A-Veilles et traitement/00 - A - Documents accessibles par l'API
[2026-07-08 16:38:10] [SUCCESS] Permission Entra: User test 02 [write] -> Drive ECHOLINE/01-Internal Ops/A-Veilles et traitement/00 - A - Documents accessibles par l'API
[2026-07-08 16:38:10] [SUCCESS] Permission Entra: FARADJI, Fethi [write] -> Drive ECHOLINE/01-Internal Ops/A-Veilles et traitement/00 - A - Documents accessibles par l'API
[2026-07-08 16:38:10] [INFO] Traitement: /Drive ECHOLINE/01-Internal Ops/A-Veilles et traitement/Veille reg. Allemagne/ (6 permission(s))
[2026-07-08 16:38:10] [INFO] === COPIE REELLE: Drive ECHOLINE/01-Internal Ops/A-Veilles et traitement/Veille reg. Allemagne ===
[2026-07-08 16:38:11] [SUCCESS] Dossier créé: Drive ECHOLINE/01-Internal Ops/A-Veilles et traitement/Veille reg. Allemagne
[2026-07-08 16:38:11] [SUCCESS] Permission Entra: User test 02 [write] -> Drive ECHOLINE/01-Internal Ops/A-Veilles et traitement/Veille reg. Allemagne
[2026-07-08 16:38:12] [SUCCESS] Permission Entra: FARADJI, Fethi [write] -> Drive ECHOLINE/01-Internal Ops/A-Veilles et traitement/Veille reg. Allemagne
[2026-07-08 16:38:12] [INFO] Traitement: /Drive ECHOLINE/01-Internal Ops/A-Veilles et traitement/Veille reg. Australie/ (6 permission(s))
[2026-07-08 16:38:12] [INFO] === COPIE REELLE: Drive ECHOLINE/01-Internal Ops/A-Veilles et traitement/Veille reg. Australie ===
[2026-07-08 16:38:13] [SUCCESS] Dossier créé: Drive ECHOLINE/01-Internal Ops/A-Veilles et traitement/Veille reg. Australie
[2026-07-08 16:38:13] [SUCCESS] Permission Entra: FARADJI, Fethi [write] -> Drive ECHOLINE/01-Internal Ops/A-Veilles et traitement/Veille reg. Australie
[2026-07-08 16:38:13] [SUCCESS] Permission Entra: User test 02 [write] -> Drive ECHOLINE/01-Internal Ops/A-Veilles et traitement/Veille reg. Australie
[2026-07-08 16:38:13] [INFO] Traitement: /Drive ECHOLINE/01-Internal Ops/A-Veilles et traitement/Veille reg. Belgique/ (6 permission(s))
[2026-07-08 16:38:13] [INFO] === COPIE REELLE: Drive ECHOLINE/01-Internal Ops/A-Veilles et traitement/Veille reg. Belgique ===
[2026-07-08 16:38:14] [SUCCESS] Dossier créé: Drive ECHOLINE/01-Internal Ops/A-Veilles et traitement/Veille reg. Belgique
[2026-07-08 16:38:15] [SUCCESS] Permission Entra: FARADJI, Fethi [write] -> Drive ECHOLINE/01-Internal Ops/A-Veilles et traitement/Veille reg. Belgique
[2026-07-08 16:38:15] [SUCCESS] Permission Entra: User test 02 [write] -> Drive ECHOLINE/01-Internal Ops/A-Veilles et traitement/Veille reg. Belgique
[2026-07-08 16:38:15] [INFO] Traitement: /Drive ECHOLINE/01-Internal Ops/A-Veilles et traitement/Veille reg. Brésil/ (6 permission(s))
[2026-07-08 16:38:15] [INFO] === COPIE REELLE: Drive ECHOLINE/01-Internal Ops/A-Veilles et traitement/Veille reg. Brésil ===
[2026-07-08 16:38:16] [SUCCESS] Dossier créé: Drive ECHOLINE/01-Internal Ops/A-Veilles et traitement/Veille reg. Brésil
[2026-07-08 16:38:23] [WARN] Impossible de récupérer item pour droits: Drive ECHOLINE/01-Internal Ops/A-Veilles et traitement/Veille reg. Brésil
[2026-07-08 16:38:23] [INFO] Traitement: /Drive ECHOLINE/01-Internal Ops/A-Veilles et traitement/Veille reg. Canada/ (6 permission(s))
[2026-07-08 16:38:23] [INFO] === COPIE REELLE: Drive ECHOLINE/01-Internal Ops/A-Veilles et traitement/Veille reg. Canada ===
[2026-07-08 16:38:24] [SUCCESS] Dossier créé: Drive ECHOLINE/01-Internal Ops/A-Veilles et traitement/Veille reg. Canada
[2026-07-08 16:38:24] [SUCCESS] Permission Entra: FARADJI, Fethi [write] -> Drive ECHOLINE/01-Internal Ops/A-Veilles et traitement/Veille reg. Canada
[2026-07-08 16:38:24] [SUCCESS] Permission Entra: User test 02 [write] -> Drive ECHOLINE/01-Internal Ops/A-Veilles et traitement/Veille reg. Canada
[2026-07-08 16:38:24] [INFO] Traitement: /Drive ECHOLINE/01-Internal Ops/A-Veilles et traitement/Veille reg. Corée du Sud/ (6 permission(s))
[2026-07-08 16:38:24] [INFO] === COPIE REELLE: Drive ECHOLINE/01-Internal Ops/A-Veilles et traitement/Veille reg. Corée du Sud ===
[2026-07-08 16:38:25] [SUCCESS] Dossier créé: Drive ECHOLINE/01-Internal Ops/A-Veilles et traitement/Veille reg. Corée du Sud
[2026-07-08 16:38:32] [WARN] Impossible de récupérer item pour droits: Drive ECHOLINE/01-Internal Ops/A-Veilles et traitement/Veille reg. Corée du Sud
[2026-07-08 16:38:32] [INFO] Traitement: /Drive ECHOLINE/01-Internal Ops/A-Veilles et traitement/Veille reg. Espagne/ (6 permission(s))
[2026-07-08 16:38:32] [INFO] === COPIE REELLE: Drive ECHOLINE/01-Internal Ops/A-Veilles et traitement/Veille reg. Espagne ===
[2026-07-08 16:38:33] [SUCCESS] Dossier créé: Drive ECHOLINE/01-Internal Ops/A-Veilles et traitement/Veille reg. Espagne
[2026-07-08 16:38:33] [SUCCESS] Permission Entra: FARADJI, Fethi [write] -> Drive ECHOLINE/01-Internal Ops/A-Veilles et traitement/Veille reg. Espagne
[2026-07-08 16:38:34] [SUCCESS] Permission Entra: User test 02 [write] -> Drive ECHOLINE/01-Internal Ops/A-Veilles et traitement/Veille reg. Espagne
[2026-07-08 16:38:34] [INFO] Traitement: /Drive ECHOLINE/01-Internal Ops/A-Veilles et traitement/Veille reg. Estonie/ (6 permission(s))
[2026-07-08 16:38:34] [INFO] === COPIE REELLE: Drive ECHOLINE/01-Internal Ops/A-Veilles et traitement/Veille reg. Estonie ===
[2026-07-08 16:38:35] [SUCCESS] Dossier créé: Drive ECHOLINE/01-Internal Ops/A-Veilles et traitement/Veille reg. Estonie
[2026-07-08 16:38:35] [SUCCESS] Permission Entra: FARADJI, Fethi [write] -> Drive ECHOLINE/01-Internal Ops/A-Veilles et traitement/Veille reg. Estonie
[2026-07-08 16:38:35] [SUCCESS] Permission Entra: User test 02 [write] -> Drive ECHOLINE/01-Internal Ops/A-Veilles et traitement/Veille reg. Estonie
[2026-07-08 16:38:35] [INFO] Traitement: /Drive ECHOLINE/01-Internal Ops/A-Veilles et traitement/Veille reg. Europe/ (6 permission(s))
[2026-07-08 16:38:35] [INFO] === COPIE REELLE: Drive ECHOLINE/01-Internal Ops/A-Veilles et traitement/Veille reg. Europe ===
[2026-07-08 16:38:36] [SUCCESS] Dossier créé: Drive ECHOLINE/01-Internal Ops/A-Veilles et traitement/Veille reg. Europe
[2026-07-08 16:38:37] [SUCCESS] Permission Entra: FARADJI, Fethi [write] -> Drive ECHOLINE/01-Internal Ops/A-Veilles et traitement/Veille reg. Europe
[2026-07-08 16:38:37] [SUCCESS] Permission Entra: User test 02 [write] -> Drive ECHOLINE/01-Internal Ops/A-Veilles et traitement/Veille reg. Europe
[2026-07-08 16:38:37] [INFO] Traitement: /Drive ECHOLINE/01-Internal Ops/A-Veilles et traitement/Veille reg. Finlande/ (6 permission(s))
[2026-07-08 16:38:37] [INFO] === COPIE REELLE: Drive ECHOLINE/01-Internal Ops/A-Veilles et traitement/Veille reg. Finlande ===
[2026-07-08 16:38:38] [SUCCESS] Dossier créé: Drive ECHOLINE/01-Internal Ops/A-Veilles et traitement/Veille reg. Finlande
[2026-07-08 16:38:38] [SUCCESS] Permission Entra: User test 02 [write] -> Drive ECHOLINE/01-Internal Ops/A-Veilles et traitement/Veille reg. Finlande
[2026-07-08 16:38:39] [SUCCESS] Permission Entra: FARADJI, Fethi [write] -> Drive ECHOLINE/01-Internal Ops/A-Veilles et traitement/Veille reg. Finlande
[2026-07-08 16:38:39] [INFO] Traitement: /Drive ECHOLINE/01-Internal Ops/A-Veilles et traitement/Veille reg. France/ (6 permission(s))
[2026-07-08 16:38:39] [INFO] === COPIE REELLE: Drive ECHOLINE/01-Internal Ops/A-Veilles et traitement/Veille reg. France ===
[2026-07-08 16:38:39] [SUCCESS] Dossier créé: Drive ECHOLINE/01-Internal Ops/A-Veilles et traitement/Veille reg. France
[2026-07-08 16:38:40] [SUCCESS] Permission Entra: FARADJI, Fethi [write] -> Drive ECHOLINE/01-Internal Ops/A-Veilles et traitement/Veille reg. France
[2026-07-08 16:38:40] [SUCCESS] Permission Entra: User test 02 [write] -> Drive ECHOLINE/01-Internal Ops/A-Veilles et traitement/Veille reg. France
[2026-07-08 16:38:40] [INFO] Traitement: /Drive ECHOLINE/01-Internal Ops/A-Veilles et traitement/Veille reg. Inde/ (6 permission(s))
[2026-07-08 16:38:40] [INFO] === COPIE REELLE: Drive ECHOLINE/01-Internal Ops/A-Veilles et traitement/Veille reg. Inde ===
[2026-07-08 16:38:41] [SUCCESS] Dossier créé: Drive ECHOLINE/01-Internal Ops/A-Veilles et traitement/Veille reg. Inde
[2026-07-08 16:38:41] [SUCCESS] Permission Entra: FARADJI, Fethi [write] -> Drive ECHOLINE/01-Internal Ops/A-Veilles et traitement/Veille reg. Inde
[2026-07-08 16:38:41] [SUCCESS] Permission Entra: User test 02 [write] -> Drive ECHOLINE/01-Internal Ops/A-Veilles et traitement/Veille reg. Inde
[2026-07-08 16:38:41] [INFO] Traitement: /Drive ECHOLINE/01-Internal Ops/A-Veilles et traitement/Veille reg. Irlande/ (6 permission(s))
[2026-07-08 16:38:41] [INFO] === COPIE REELLE: Drive ECHOLINE/01-Internal Ops/A-Veilles et traitement/Veille reg. Irlande ===
[2026-07-08 16:38:42] [SUCCESS] Dossier créé: Drive ECHOLINE/01-Internal Ops/A-Veilles et traitement/Veille reg. Irlande
[2026-07-08 16:38:43] [SUCCESS] Permission Entra: FARADJI, Fethi [write] -> Drive ECHOLINE/01-Internal Ops/A-Veilles et traitement/Veille reg. Irlande
[2026-07-08 16:38:43] [SUCCESS] Permission Entra: User test 02 [write] -> Drive ECHOLINE/01-Internal Ops/A-Veilles et traitement/Veille reg. Irlande
[2026-07-08 16:38:43] [INFO] Traitement: /Drive ECHOLINE/01-Internal Ops/A-Veilles et traitement/Veille reg. Italie/ (6 permission(s))
[2026-07-08 16:38:43] [INFO] === COPIE REELLE: Drive ECHOLINE/01-Internal Ops/A-Veilles et traitement/Veille reg. Italie ===
[2026-07-08 16:38:44] [SUCCESS] Dossier créé: Drive ECHOLINE/01-Internal Ops/A-Veilles et traitement/Veille reg. Italie
[2026-07-08 16:38:44] [SUCCESS] Permission Entra: User test 02 [write] -> Drive ECHOLINE/01-Internal Ops/A-Veilles et traitement/Veille reg. Italie
[2026-07-08 16:38:44] [SUCCESS] Permission Entra: FARADJI, Fethi [write] -> Drive ECHOLINE/01-Internal Ops/A-Veilles et traitement/Veille reg. Italie
[2026-07-08 16:38:44] [INFO] Traitement: /Drive ECHOLINE/01-Internal Ops/A-Veilles et traitement/Veille reg. Luxembourg/ (6 permission(s))
[2026-07-08 16:38:44] [INFO] === COPIE REELLE: Drive ECHOLINE/01-Internal Ops/A-Veilles et traitement/Veille reg. Luxembourg ===
[2026-07-08 16:38:45] [SUCCESS] Dossier créé: Drive ECHOLINE/01-Internal Ops/A-Veilles et traitement/Veille reg. Luxembourg
[2026-07-08 16:38:46] [SUCCESS] Permission Entra: User test 02 [write] -> Drive ECHOLINE/01-Internal Ops/A-Veilles et traitement/Veille reg. Luxembourg
[2026-07-08 16:38:46] [SUCCESS] Permission Entra: FARADJI, Fethi [write] -> Drive ECHOLINE/01-Internal Ops/A-Veilles et traitement/Veille reg. Luxembourg
[2026-07-08 16:38:46] [INFO] Traitement: /Drive ECHOLINE/01-Internal Ops/A-Veilles et traitement/Veille reg. Malaysie/ (6 permission(s))
[2026-07-08 16:38:46] [INFO] === COPIE REELLE: Drive ECHOLINE/01-Internal Ops/A-Veilles et traitement/Veille reg. Malaysie ===
[2026-07-08 16:38:47] [SUCCESS] Dossier créé: Drive ECHOLINE/01-Internal Ops/A-Veilles et traitement/Veille reg. Malaysie
[2026-07-08 16:38:47] [SUCCESS] Permission Entra: User test 02 [write] -> Drive ECHOLINE/01-Internal Ops/A-Veilles et traitement/Veille reg. Malaysie
[2026-07-08 16:38:48] [SUCCESS] Permission Entra: FARADJI, Fethi [write] -> Drive ECHOLINE/01-Internal Ops/A-Veilles et traitement/Veille reg. Malaysie
[2026-07-08 16:38:48] [INFO] Traitement: /Drive ECHOLINE/01-Internal Ops/A-Veilles et traitement/Veille reg. Maroc/ (6 permission(s))
[2026-07-08 16:38:48] [INFO] === COPIE REELLE: Drive ECHOLINE/01-Internal Ops/A-Veilles et traitement/Veille reg. Maroc ===
[2026-07-08 16:38:49] [SUCCESS] Dossier créé: Drive ECHOLINE/01-Internal Ops/A-Veilles et traitement/Veille reg. Maroc
[2026-07-08 16:38:49] [SUCCESS] Permission Entra: User test 02 [write] -> Drive ECHOLINE/01-Internal Ops/A-Veilles et traitement/Veille reg. Maroc
[2026-07-08 16:38:49] [SUCCESS] Permission Entra: FARADJI, Fethi [write] -> Drive ECHOLINE/01-Internal Ops/A-Veilles et traitement/Veille reg. Maroc
[2026-07-08 16:38:49] [INFO] Traitement: /Drive ECHOLINE/01-Internal Ops/A-Veilles et traitement/Veille reg. Pologne/ (6 permission(s))
[2026-07-08 16:38:49] [INFO] === COPIE REELLE: Drive ECHOLINE/01-Internal Ops/A-Veilles et traitement/Veille reg. Pologne ===
[2026-07-08 16:38:50] [SUCCESS] Dossier créé: Drive ECHOLINE/01-Internal Ops/A-Veilles et traitement/Veille reg. Pologne
[2026-07-08 16:38:50] [SUCCESS] Permission Entra: User test 02 [write] -> Drive ECHOLINE/01-Internal Ops/A-Veilles et traitement/Veille reg. Pologne
[2026-07-08 16:38:51] [SUCCESS] Permission Entra: FARADJI, Fethi [write] -> Drive ECHOLINE/01-Internal Ops/A-Veilles et traitement/Veille reg. Pologne
[2026-07-08 16:38:51] [INFO] Traitement: /Drive ECHOLINE/01-Internal Ops/A-Veilles et traitement/Veille reg. Portugal/ (6 permission(s))
[2026-07-08 16:38:51] [INFO] === COPIE REELLE: Drive ECHOLINE/01-Internal Ops/A-Veilles et traitement/Veille reg. Portugal ===
[2026-07-08 16:38:52] [SUCCESS] Dossier créé: Drive ECHOLINE/01-Internal Ops/A-Veilles et traitement/Veille reg. Portugal
[2026-07-08 16:38:52] [SUCCESS] Permission Entra: User test 02 [write] -> Drive ECHOLINE/01-Internal Ops/A-Veilles et traitement/Veille reg. Portugal
[2026-07-08 16:38:52] [SUCCESS] Permission Entra: FARADJI, Fethi [write] -> Drive ECHOLINE/01-Internal Ops/A-Veilles et traitement/Veille reg. Portugal
[2026-07-08 16:38:52] [INFO] Traitement: /Drive ECHOLINE/01-Internal Ops/A-Veilles et traitement/Veille reg. Royaume-Uni/ (6 permission(s))
[2026-07-08 16:38:52] [INFO] === COPIE REELLE: Drive ECHOLINE/01-Internal Ops/A-Veilles et traitement/Veille reg. Royaume-Uni ===
[2026-07-08 16:38:54] [SUCCESS] Dossier créé: Drive ECHOLINE/01-Internal Ops/A-Veilles et traitement/Veille reg. Royaume-Uni
[2026-07-08 16:38:54] [SUCCESS] Permission Entra: FARADJI, Fethi [write] -> Drive ECHOLINE/01-Internal Ops/A-Veilles et traitement/Veille reg. Royaume-Uni
[2026-07-08 16:38:54] [SUCCESS] Permission Entra: User test 02 [write] -> Drive ECHOLINE/01-Internal Ops/A-Veilles et traitement/Veille reg. Royaume-Uni
[2026-07-08 16:38:54] [INFO] Traitement: /Drive ECHOLINE/01-Internal Ops/A-Veilles et traitement/Veille reg. Singapour/ (6 permission(s))
[2026-07-08 16:38:54] [INFO] === COPIE REELLE: Drive ECHOLINE/01-Internal Ops/A-Veilles et traitement/Veille reg. Singapour ===
[2026-07-08 16:38:55] [SUCCESS] Dossier créé: Drive ECHOLINE/01-Internal Ops/A-Veilles et traitement/Veille reg. Singapour
[2026-07-08 16:38:56] [SUCCESS] Permission Entra: User test 02 [write] -> Drive ECHOLINE/01-Internal Ops/A-Veilles et traitement/Veille reg. Singapour
[2026-07-08 16:38:56] [SUCCESS] Permission Entra: FARADJI, Fethi [write] -> Drive ECHOLINE/01-Internal Ops/A-Veilles et traitement/Veille reg. Singapour
[2026-07-08 16:38:56] [INFO] Traitement: /Drive ECHOLINE/01-Internal Ops/A-Veilles et traitement/Veille reg. Suède/ (6 permission(s))
[2026-07-08 16:38:56] [INFO] === COPIE REELLE: Drive ECHOLINE/01-Internal Ops/A-Veilles et traitement/Veille reg. Suède ===
[2026-07-08 16:38:57] [SUCCESS] Dossier créé: Drive ECHOLINE/01-Internal Ops/A-Veilles et traitement/Veille reg. Suède
[2026-07-08 16:39:04] [WARN] Impossible de récupérer item pour droits: Drive ECHOLINE/01-Internal Ops/A-Veilles et traitement/Veille reg. Suède
[2026-07-08 16:39:04] [INFO] Traitement: /Drive ECHOLINE/01-Internal Ops/A-Veilles et traitement/Veille reg. Suisse/ (6 permission(s))
[2026-07-08 16:39:04] [INFO] === COPIE REELLE: Drive ECHOLINE/01-Internal Ops/A-Veilles et traitement/Veille reg. Suisse ===
[2026-07-08 16:39:05] [SUCCESS] Dossier créé: Drive ECHOLINE/01-Internal Ops/A-Veilles et traitement/Veille reg. Suisse
[2026-07-08 16:39:05] [SUCCESS] Permission Entra: User test 02 [write] -> Drive ECHOLINE/01-Internal Ops/A-Veilles et traitement/Veille reg. Suisse
[2026-07-08 16:39:05] [SUCCESS] Permission Entra: FARADJI, Fethi [write] -> Drive ECHOLINE/01-Internal Ops/A-Veilles et traitement/Veille reg. Suisse
[2026-07-08 16:39:05] [INFO] Traitement: /Drive ECHOLINE/01-Internal Ops/A-Veilles et traitement/Veille reg. Tunisie/ (6 permission(s))
[2026-07-08 16:39:05] [INFO] === COPIE REELLE: Drive ECHOLINE/01-Internal Ops/A-Veilles et traitement/Veille reg. Tunisie ===
[2026-07-08 16:39:06] [SUCCESS] Dossier créé: Drive ECHOLINE/01-Internal Ops/A-Veilles et traitement/Veille reg. Tunisie
[2026-07-08 16:39:06] [SUCCESS] Permission Entra: User test 02 [write] -> Drive ECHOLINE/01-Internal Ops/A-Veilles et traitement/Veille reg. Tunisie
[2026-07-08 16:39:07] [SUCCESS] Permission Entra: FARADJI, Fethi [write] -> Drive ECHOLINE/01-Internal Ops/A-Veilles et traitement/Veille reg. Tunisie
[2026-07-08 16:39:07] [INFO] Traitement: /Drive ECHOLINE/01-Internal Ops/A-Veilles et traitement/Veille reg. USA/ (6 permission(s))
[2026-07-08 16:39:07] [INFO] === COPIE REELLE: Drive ECHOLINE/01-Internal Ops/A-Veilles et traitement/Veille reg. USA ===
[2026-07-08 16:39:08] [SUCCESS] Dossier créé: Drive ECHOLINE/01-Internal Ops/A-Veilles et traitement/Veille reg. USA
[2026-07-08 16:39:08] [SUCCESS] Permission Entra: FARADJI, Fethi [write] -> Drive ECHOLINE/01-Internal Ops/A-Veilles et traitement/Veille reg. USA
[2026-07-08 16:39:08] [SUCCESS] Permission Entra: User test 02 [write] -> Drive ECHOLINE/01-Internal Ops/A-Veilles et traitement/Veille reg. USA
[2026-07-08 16:39:08] [INFO] Traitement: /Drive ECHOLINE/01-Internal Ops/B-Partenaires veille int._/ (6 permission(s))
[2026-07-08 16:39:08] [INFO] === COPIE REELLE: Drive ECHOLINE/01-Internal Ops/B-Partenaires veille int._ ===
[2026-07-08 16:39:09] [SUCCESS] Dossier créé: Drive ECHOLINE/01-Internal Ops/B-Partenaires veille int._
[2026-07-08 16:39:09] [SUCCESS] Permission Entra: User test 02 [write] -> Drive ECHOLINE/01-Internal Ops/B-Partenaires veille int._
[2026-07-08 16:39:09] [SUCCESS] Permission Entra: FARADJI, Fethi [write] -> Drive ECHOLINE/01-Internal Ops/B-Partenaires veille int._
[2026-07-08 16:39:09] [INFO] Traitement: /Drive ECHOLINE/01-Internal Ops/B-Partenaires veille int._/Nimonik/ (6 permission(s))
[2026-07-08 16:39:09] [INFO] === COPIE REELLE: Drive ECHOLINE/01-Internal Ops/B-Partenaires veille int._/Nimonik ===
[2026-07-08 16:39:11] [SUCCESS] Dossier créé: Drive ECHOLINE/01-Internal Ops/B-Partenaires veille int._/Nimonik
[2026-07-08 16:39:11] [SUCCESS] Permission Entra: User test 02 [write] -> Drive ECHOLINE/01-Internal Ops/B-Partenaires veille int._/Nimonik
[2026-07-08 16:39:11] [SUCCESS] Permission Entra: FARADJI, Fethi [write] -> Drive ECHOLINE/01-Internal Ops/B-Partenaires veille int._/Nimonik
[2026-07-08 16:39:11] [INFO] Traitement: /Drive ECHOLINE/01-Internal Ops/B-Partenaires veille int._/Notisum/ (6 permission(s))
[2026-07-08 16:39:11] [INFO] === COPIE REELLE: Drive ECHOLINE/01-Internal Ops/B-Partenaires veille int._/Notisum ===
[2026-07-08 16:39:12] [SUCCESS] Dossier créé: Drive ECHOLINE/01-Internal Ops/B-Partenaires veille int._/Notisum
[2026-07-08 16:39:12] [SUCCESS] Permission Entra: FARADJI, Fethi [write] -> Drive ECHOLINE/01-Internal Ops/B-Partenaires veille int._/Notisum
[2026-07-08 16:39:13] [SUCCESS] Permission Entra: User test 02 [write] -> Drive ECHOLINE/01-Internal Ops/B-Partenaires veille int._/Notisum
[2026-07-08 16:39:13] [INFO] Traitement: /Drive ECHOLINE/01-Internal Ops/B-Partenaires veille int._/ZZ-Archives/ (6 permission(s))
[2026-07-08 16:39:13] [INFO] === COPIE REELLE: Drive ECHOLINE/01-Internal Ops/B-Partenaires veille int._/ZZ-Archives ===
[2026-07-08 16:39:14] [SUCCESS] Dossier créé: Drive ECHOLINE/01-Internal Ops/B-Partenaires veille int._/ZZ-Archives
[2026-07-08 16:39:14] [SUCCESS] Permission Entra: User test 02 [write] -> Drive ECHOLINE/01-Internal Ops/B-Partenaires veille int._/ZZ-Archives
[2026-07-08 16:39:14] [SUCCESS] Permission Entra: FARADJI, Fethi [write] -> Drive ECHOLINE/01-Internal Ops/B-Partenaires veille int._/ZZ-Archives
[2026-07-08 16:39:14] [INFO] Traitement: /Drive ECHOLINE/01-Internal Ops/C-Projets/ (6 permission(s))
[2026-07-08 16:39:14] [INFO] === COPIE REELLE: Drive ECHOLINE/01-Internal Ops/C-Projets ===
[2026-07-08 16:39:15] [SUCCESS] Dossier créé: Drive ECHOLINE/01-Internal Ops/C-Projets
[2026-07-08 16:39:16] [SUCCESS] Permission Entra: User test 02 [write] -> Drive ECHOLINE/01-Internal Ops/C-Projets
[2026-07-08 16:39:16] [SUCCESS] Permission Entra: FARADJI, Fethi [write] -> Drive ECHOLINE/01-Internal Ops/C-Projets
[2026-07-08 16:39:16] [INFO] Traitement: /Drive ECHOLINE/01-Internal Ops/C-Projets/Fiches thématiques/ (6 permission(s))
[2026-07-08 16:39:16] [INFO] === COPIE REELLE: Drive ECHOLINE/01-Internal Ops/C-Projets/Fiches thématiques ===
[2026-07-08 16:39:17] [ERROR] Erreur copie: Le serveur distant a retourné une erreur : (400) Demande incorrecte.
[2026-07-08 16:39:17] [WARN] Droits ignorés (copie échouée): /Drive ECHOLINE/01-Internal Ops/C-Projets/Fiches thématiques/
[2026-07-08 16:39:17] [INFO] Traitement: /Drive ECHOLINE/01-Internal Ops/C-Projets/Normes/ (6 permission(s))
[2026-07-08 16:39:17] [INFO] === COPIE REELLE: Drive ECHOLINE/01-Internal Ops/C-Projets/Normes ===
[2026-07-08 16:39:18] [SUCCESS] Dossier créé: Drive ECHOLINE/01-Internal Ops/C-Projets/Normes
[2026-07-08 16:39:18] [SUCCESS] Permission Entra: FARADJI, Fethi [write] -> Drive ECHOLINE/01-Internal Ops/C-Projets/Normes
[2026-07-08 16:39:18] [SUCCESS] Permission Entra: User test 02 [write] -> Drive ECHOLINE/01-Internal Ops/C-Projets/Normes
[2026-07-08 16:39:19] [INFO] Traitement: /Drive ECHOLINE/01-Internal Ops/C-Projets/Projet QSE Veille/ (6 permission(s))
[2026-07-08 16:39:19] [INFO] === COPIE REELLE: Drive ECHOLINE/01-Internal Ops/C-Projets/Projet QSE Veille ===
[2026-07-08 16:39:20] [SUCCESS] Dossier créé: Drive ECHOLINE/01-Internal Ops/C-Projets/Projet QSE Veille
[2026-07-08 16:39:20] [SUCCESS] Permission Entra: User test 02 [write] -> Drive ECHOLINE/01-Internal Ops/C-Projets/Projet QSE Veille
[2026-07-08 16:39:20] [SUCCESS] Permission Entra: FARADJI, Fethi [write] -> Drive ECHOLINE/01-Internal Ops/C-Projets/Projet QSE Veille
[2026-07-08 16:39:20] [INFO] Traitement: /Drive ECHOLINE/01-Internal Ops/D-OKRs-KPIs/ (6 permission(s))
[2026-07-08 16:39:20] [INFO] === COPIE REELLE: Drive ECHOLINE/01-Internal Ops/D-OKRs-KPIs ===
[2026-07-08 16:39:21] [SUCCESS] Dossier créé: Drive ECHOLINE/01-Internal Ops/D-OKRs-KPIs
[2026-07-08 16:39:21] [SUCCESS] Permission Entra: User test 02 [write] -> Drive ECHOLINE/01-Internal Ops/D-OKRs-KPIs
[2026-07-08 16:39:21] [SUCCESS] Permission Entra: FARADJI, Fethi [write] -> Drive ECHOLINE/01-Internal Ops/D-OKRs-KPIs
[2026-07-08 16:39:21] [INFO] Traitement: /Drive ECHOLINE/01-Internal Ops/E-Ressources juridiques/ (6 permission(s))
[2026-07-08 16:39:21] [INFO] === COPIE REELLE: Drive ECHOLINE/01-Internal Ops/E-Ressources juridiques ===
[2026-07-08 16:39:22] [SUCCESS] Dossier créé: Drive ECHOLINE/01-Internal Ops/E-Ressources juridiques
[2026-07-08 16:39:22] [SUCCESS] Permission Entra: User test 02 [write] -> Drive ECHOLINE/01-Internal Ops/E-Ressources juridiques
[2026-07-08 16:39:23] [SUCCESS] Permission Entra: FARADJI, Fethi [write] -> Drive ECHOLINE/01-Internal Ops/E-Ressources juridiques
[2026-07-08 16:39:23] [INFO] Traitement: /Drive ECHOLINE/01-Internal Ops/E-Ressources juridiques/Environnement/ (6 permission(s))
[2026-07-08 16:39:23] [INFO] === COPIE REELLE: Drive ECHOLINE/01-Internal Ops/E-Ressources juridiques/Environnement ===
[2026-07-08 16:39:24] [SUCCESS] Dossier créé: Drive ECHOLINE/01-Internal Ops/E-Ressources juridiques/Environnement
[2026-07-08 16:39:24] [SUCCESS] Permission Entra: User test 02 [write] -> Drive ECHOLINE/01-Internal Ops/E-Ressources juridiques/Environnement
[2026-07-08 16:39:25] [SUCCESS] Permission Entra: FARADJI, Fethi [write] -> Drive ECHOLINE/01-Internal Ops/E-Ressources juridiques/Environnement
[2026-07-08 16:39:25] [INFO] Traitement: /Drive ECHOLINE/01-Internal Ops/E-Ressources juridiques/Sécurité au travail/ (6 permission(s))
[2026-07-08 16:39:25] [INFO] === COPIE REELLE: Drive ECHOLINE/01-Internal Ops/E-Ressources juridiques/Sécurité au travail ===
[2026-07-08 16:39:26] [ERROR] Erreur copie: Le serveur distant a retourné une erreur : (400) Demande incorrecte.
[2026-07-08 16:39:26] [WARN] Droits ignorés (copie échouée): /Drive ECHOLINE/01-Internal Ops/E-Ressources juridiques/Sécurité au travail/
[2026-07-08 16:39:26] [INFO] Traitement: /Drive ECHOLINE/01-Internal Ops/ZZ-Archives/ (6 permission(s))
[2026-07-08 16:39:26] [INFO] === COPIE REELLE: Drive ECHOLINE/01-Internal Ops/ZZ-Archives ===
[2026-07-08 16:39:27] [SUCCESS] Dossier créé: Drive ECHOLINE/01-Internal Ops/ZZ-Archives
[2026-07-08 16:39:27] [SUCCESS] Permission Entra: User test 02 [write] -> Drive ECHOLINE/01-Internal Ops/ZZ-Archives
[2026-07-08 16:39:27] [SUCCESS] Permission Entra: FARADJI, Fethi [write] -> Drive ECHOLINE/01-Internal Ops/ZZ-Archives
[2026-07-08 16:39:27] [INFO] Traitement: /Drive ECHOLINE/01-Internal Ops/ZZ-Archives/Check List - Traitement/ (6 permission(s))
[2026-07-08 16:39:27] [INFO] === COPIE REELLE: Drive ECHOLINE/01-Internal Ops/ZZ-Archives/Check List - Traitement ===
[2026-07-08 16:39:27] [WARN] 2 erreur(s) -> C:\Users\ffaradji-op\Desktop\Mercury script powershell\SharePoint_Errors_2026-07-08_163759.csv
