
[06/08/2026 11:44:12] [INFO] Demarrage du script Rapport-Utilisation-PowerBI-ISE.ps1
[06/08/2026 11:44:12] [INFO] Rapport CSV prevu : C:\Users\ffaradji-op\Desktop\Mercury script powershell\Comparatif-Utilisation-PowerBI-Desktop-Online.csv
[06/08/2026 11:44:12] [INFO] Historique CSV prevu : C:\Users\ffaradji-op\Desktop\Mercury script powershell\Historique-Connexions-PowerBI-30-jours.csv
[06/08/2026 11:44:12] [INFO] Verification du module Microsoft.Graph.Users
[06/08/2026 11:44:12] [INFO] Module Microsoft.Graph.Users charge
[06/08/2026 11:44:12] [INFO] Verification du module Microsoft.Graph.Reports
[06/08/2026 11:44:12] [INFO] Module Microsoft.Graph.Reports charge
[06/08/2026 11:44:12] [INFO] Connexion a Microsoft Graph avec application Azure
[06/08/2026 11:44:13] [INFO] Connexion Graph AppOnly reussie pour le tenant 2eea08b8-1972-447b-ad43-d044d042500a
[06/08/2026 11:44:13] [INFO] Chargement des utilisateurs du tenant
[06/08/2026 11:45:15] [INFO] 21726 utilisateurs charges
[06/08/2026 11:45:15] [INFO] Filtrage des licences Power BI payantes
[06/08/2026 11:45:25] [INFO] 708 utilisateurs Power BI payants trouves
[06/08/2026 11:45:25] [INFO] Periode demandee : du 07/07/2026 11:45:25 au 06/08/2026 11:45:25
[06/08/2026 11:45:25] [INFO] Interrogation globale de Power BI Online
[06/08/2026 11:45:51] [INFO] 0 evenements Power BI Online recuperes
[06/08/2026 11:45:51] [INFO] Interrogation globale de Power BI Desktop
[06/08/2026 11:46:21] [INFO] 60 evenements Power BI Desktop recuperes
[06/08/2026 11:46:22] [INFO] 42 evenements concernent les utilisateurs Power BI payants
[06/08/2026 11:46:22] [INFO] [1/708] aaraa.javed@infopro-digital.com - Online: 0 - Desktop: 0 - Aucune utilisation detectee
[06/08/2026 11:46:22] [INFO] [2/708] abhijit.chaudhari@infopro-digital.com - Online: 0 - Desktop: 0 - Aucune utilisation detectee
[06/08/2026 11:46:22] [INFO] [3/708] abi.stanton@infopro-digital.com - Online: 0 - Desktop: 0 - Aucune utilisation detectee
[06/08/2026 11:46:22] [INFO] [4/708] Abigail.McLemore@infopro-digital.com - Online: 0 - Desktop: 0 - Aucune utilisation detectee
[06/08/2026 11:46:22] [INFO] [5/708] adrien.boulard@infopro-digital.com - Online: 0 - Desktop: 0 - Aucune utilisation detectee
[06/08/2026 11:46:22] [INFO] [6/708] adrien.couty@vecteurplus.com - Online: 0 - Desktop: 0 - Aucune utilisation detectee
[06/08/2026 11:46:22] [INFO] [7/708] adrien.pouthier@lemoniteur.fr - Online: 0 - Desktop: 0 - Aucune utilisation detectee
[06/08/2026 11:46:22] [INFO] [8/708] aina.dalle@infopro-digital.com - Online: 0 - Desktop: 0 - Aucune utilisation detectee
[06/08/2026 11:46:22] [INFO] [9/708] alain.grossat@inovaxo.fr - Online: 0 - Desktop: 0 - Aucune utilisation detectee
[06/08/2026 11:46:22] [INFO] [10/708] alban.joly@infopro-digital.com - Online: 0 - Desktop: 0 - Aucune utilisation detectee
[06/08/2026 11:46:22] [INFO] [11/708] albane.averty@vecteurplus.com - Online: 0 - Desktop: 0 - Aucune utilisation detectee
[06/08/2026 11:46:22] [INFO] [12/708] albane.canto@technicites.fr - Online: 0 - Desktop: 0 - Aucune utilisation detectee
[06/08/2026 11:46:22] [INFO] [13/708] alejandro.diez@infopro-digital.com - Online: 0 - Desktop: 0 - Aucune utilisation detectee
[06/08/2026 11:46:22] [INFO] [14/708] alessandro.aimone@infopro-digital.com - Online: 0 - Desktop: 0 - Aucune utilisation detectee
[06/08/2026 11:46:22] [INFO] [15/708] alessia.carolo@656editions.net - Online: 0 - Desktop: 0 - Aucune utilisation detectee
[06/08/2026 11:46:22] [INFO] [16/708] Alex.Constandinou@infopro-digital.com - Online: 0 - Desktop: 0 - Aucune utilisation detectee
[06/08/2026 11:46:22] [INFO] [17/708] Alex.Fernandes@infopro-digital.com - Online: 0 - Desktop: 0 - Aucune utilisation detectee
[06/08/2026 11:46:22] [INFO] [18/708] Alex.Fulton@infopro-digital.com - Online: 0 - Desktop: 0 - Aucune utilisation detectee
[06/08/2026 11:46:22] [INFO] [19/708] alex.krohn@infopro-digital.com - Online: 0 - Desktop: 0 - Aucune utilisation detectee
[06/08/2026 11:46:22] [INFO] [20/708] alexander.brink-dlugi@infopro-digital.com - Online: 0 - Desktop: 0 - Aucune utilisation detectee
[06/08/2026 11:46:22] [INFO] [21/708] alexandra.brandes-fricke@infopro-digital.com - Online: 0 - Desktop: 0 - Aucune utilisation detectee
[06/08/2026 11:46:22] [INFO] [22/708] alexandra.thiellet@infopro-digital.com - Online: 0 - Desktop: 0 - Aucune utilisation detectee
[06/08/2026 11:46:22] [INFO] [23/708] alexandre.ausseur@infopro-digital.com - Online: 0 - Desktop: 0 - Aucune utilisation detectee
[06/08/2026 11:46:22] [INFO] [24/708] alexandre.lemarchand@infopro-digital.com - Online: 0 - Desktop: 0 - Aucune utilisation detectee
[06/08/2026 11:46:22] [INFO] [25/708] alexandre.moulin@infopro-digital.com - Online: 0 - Desktop: 0 - Aucune utilisation detectee
[06/08/2026 11:46:22] [INFO] [26/708] alexandre.olivier@infopro-digital.com - Online: 0 - Desktop: 0 - Aucune utilisation detectee
[06/08/2026 11:46:22] [INFO] [27/708] alexandre.vouez@ebp.be - Online: 0 - Desktop: 0 - Aucune utilisation detectee
[06/08/2026 11:46:22] [INFO] [28/708] alexia.dugrandlaunay@infopro-digital.com - Online: 0 - Desktop: 0 - Aucune utilisation detectee
[06/08/2026 11:46:22] [INFO] [29/708] alexia.quagliato@infopro-digital.com - Online: 0 - Desktop: 0 - Aucune utilisation detectee
[06/08/2026 11:46:22] [INFO] [30/708] alexis.uzan@infopro-digital.com - Online: 0 - Desktop: 0 - Aucune utilisation detectee
[06/08/2026 11:46:22] [INFO] [31/708] Alison.Yung@infopro-digital.com - Online: 0 - Desktop: 0 - Aucune utilisation detectee
[06/08/2026 11:46:22] [INFO] [32/708] amal.djerboua@infopro-digital.com - Online: 0 - Desktop: 0 - Aucune utilisation detectee
[06/08/2026 11:46:22] [INFO] [33/708] amal.mehio@red-on-line.com - Online: 0 - Desktop: 0 - Aucune utilisation detectee
[06/08/2026 11:46:22] [INFO] [34/708] Amanda.Chinyanganya@infopro-digital.com - Online: 0 - Desktop: 0 - Aucune utilisation detectee
[06/08/2026 11:46:22] [INFO] [35/708] amin.maneshi@infopro-digital.com - Online: 0 - Desktop: 0 - Aucune utilisation detectee
[06/08/2026 11:46:22] [INFO] [36/708] amina.guo@infopro-digital.com - Online: 0 - Desktop: 0 - Aucune utilisation detectee
[06/08/2026 11:46:22] [INFO] [37/708] ana.neumann@infopro-digital.com - Online: 0 - Desktop: 0 - Aucune utilisation detectee
[06/08/2026 11:46:22] [INFO] [38/708] anas.torres@infopro-digital.com - Online: 0 - Desktop: 1 - Desktop seulement
[06/08/2026 11:46:22] [INFO] [39/708] andrea.roig@infopro-digital.com - Online: 0 - Desktop: 0 - Aucune utilisation detectee
[06/08/2026 11:46:22] [INFO] [40/708] andreas.goeppel@infopro-digital.com - Online: 0 - Desktop: 0 - Aucune utilisation detectee
[06/08/2026 11:46:22] [INFO] [41/708] andreas.neumann@infopro-digital.com - Online: 0 - Desktop: 0 - Aucune utilisation detectee
[06/08/2026 11:46:22] [INFO] [42/708] Andreea.Baroti@infopro-digital.com - Online: 0 - Desktop: 0 - Aucune utilisation detectee
[06/08/2026 11:46:22] [INFO] [43/708] Andrew.Golby@infopro-digital.com - Online: 0 - Desktop: 0 - Aucune utilisation detectee
[06/08/2026 11:46:22] [INFO] [44/708] andrew.lennon@infopro-digital.com - Online: 0 - Desktop: 0 - Aucune utilisation detectee
[06/08/2026 11:46:22] [INFO] [45/708] andrew.murray@infopro-digital.com - Online: 0 - Desktop: 0 - Aucune utilisation detectee
[06/08/2026 11:46:22] [INFO] [46/708] angela.rolland@infopro-digital.com - Online: 0 - Desktop: 0 - Aucune utilisation detectee
[06/08/2026 11:46:22] [INFO] [47/708] angelique.lopes@infopro-digital.com - Online: 0 - Desktop: 0 - Aucune utilisation detectee
[06/08/2026 11:46:22] [INFO] [48/708] Anish.Shah@infopro-digital.com - Online: 0 - Desktop: 0 - Aucune utilisation detectee
[06/08/2026 11:46:22] [INFO] [49/708] Anja.Goessel@infopro-digital.com - Online: 0 - Desktop: 0 - Aucune utilisation detectee
[06/08/2026 11:46:22] [INFO] [50/708] anke.zimmermeister@infopro-digital.com - Online: 0 - Desktop: 0 - Aucune utilisation detectee
[06/08/2026 11:46:22] [INFO] [51/708] anna.arykova@infopro-digital.com - Online: 0 - Desktop: 0 - Aucune utilisation detectee
[06/08/2026 11:46:22] [INFO] [52/708] anna.duemeland@infopro-digital.com - Online: 0 - Desktop: 0 - Aucune utilisation detectee
[06/08/2026 11:46:22] [INFO] [53/708] anne.schuechner@infopro-digital.com - Online: 0 - Desktop: 0 - Aucune utilisation detectee
[06/08/2026 11:46:22] [INFO] [54/708] annelies.helmer@infopro-digital.com - Online: 0 - Desktop: 0 - Aucune utilisation detectee
[06/08/2026 11:46:22] [INFO] [55/708] anouar.errafi@infopro-digital.com - Online: 0 - Desktop: 0 - Aucune utilisation detectee
[06/08/2026 11:46:22] [INFO] [56/708] anthony.dreneau@infopro-digital.com - Online: 0 - Desktop: 0 - Aucune utilisation detectee
[06/08/2026 11:46:22] [INFO] [57/708] anthony.macias@vecteurplus.com - Online: 0 - Desktop: 0 - Aucune utilisation detectee
[06/08/2026 11:46:22] [INFO] [58/708] anthony.malakian@infopro-digital.com - Online: 0 - Desktop: 0 - Aucune utilisation detectee
[06/08/2026 11:46:22] [INFO] [59/708] antoine.boislard@infopro-digital.com - Online: 0 - Desktop: 0 - Aucune utilisation detectee
[06/08/2026 11:46:22] [INFO] [60/708] antonio.maldonado@infopro-digital.com - Online: 0 - Desktop: 0 - Aucune utilisation detectee
[06/08/2026 11:46:22] [INFO] [61/708] antony.chambers@infopro-digital.com - Online: 0 - Desktop: 0 - Aucune utilisation detectee
[06/08/2026 11:46:22] [INFO] [62/708] Ariel.Pu@infopro-digital.com - Online: 0 - Desktop: 0 - Aucune utilisation detectee
[06/08/2026 11:46:22] [INFO] [63/708] arnaud.pevrier@etai.fr - Online: 0 - Desktop: 0 - Aucune utilisation detectee
[06/08/2026 11:46:22] [INFO] [64/708] arti.patel@infopro-digital.com - Online: 0 - Desktop: 0 - Aucune utilisation detectee
[06/08/2026 11:46:22] [INFO] [65/708] ashura.imbabazi@infopro-digital.com - Online: 0 - Desktop: 2 - Desktop seulement
[06/08/2026 11:46:22] [INFO] [66/708] asmaa.cherraf-bonneville@infopro-digital.com - Online: 0 - Desktop: 0 - Aucune utilisation detectee
[06/08/2026 11:46:22] [INFO] [67/708] Assunta.Ronner@infopro-digital.ch - Online: 0 - Desktop: 0 - Aucune utilisation detectee
[06/08/2026 11:46:22] [INFO] [68/708] astrid.guenther@infopro-digital.com - Online: 0 - Desktop: 0 - Aucune utilisation detectee
[06/08/2026 11:46:22] [INFO] [69/708] audrey.diligent@red-on-line.com - Online: 0 - Desktop: 0 - Aucune utilisation detectee
[06/08/2026 11:46:22] [INFO] [70/708] audrey.robin@infopro-digital.com - Online: 0 - Desktop: 0 - Aucune utilisation detectee
[06/08/2026 11:46:22] [INFO] [71/708] aurelie.menay@infopro-digital.com - Online: 0 - Desktop: 0 - Aucune utilisation detectee
[06/08/2026 11:46:22] [INFO] [72/708] aurelien.lebrun@infopro-digital.com - Online: 0 - Desktop: 0 - Aucune utilisation detectee
[06/08/2026 11:46:22] [INFO] [73/708] axelle.neau@infopro-digital.com - Online: 0 - Desktop: 0 - Aucune utilisation detectee
[06/08/2026 11:46:22] [INFO] [74/708] badie.babay@infopro-digital.com - Online: 0 - Desktop: 0 - Aucune utilisation detectee
[06/08/2026 11:46:22] [INFO] [75/708] baker.jaggwe@infopro-digital.com - Online: 0 - Desktop: 0 - Aucune utilisation detectee
[06/08/2026 11:46:22] [INFO] [76/708] barbara.faiman@infopro-digital.com - Online: 0 - Desktop: 0 - Aucune utilisation detectee
[06/08/2026 11:46:22] [INFO] [77/708] Bastien.Thorelle@infopro-digital.com - Online: 0 - Desktop: 0 - Aucune utilisation detectee
[06/08/2026 11:46:22] [INFO] [78/708] Beatrice.Sung@infopro-digital.com - Online: 0 - Desktop: 0 - Aucune utilisation detectee
[06/08/2026 11:46:22] [INFO] [79/708] bekim.vata@infopro-digital.com - Online: 0 - Desktop: 0 - Aucune utilisation detectee
[06/08/2026 11:46:22] [INFO] [80/708] ben.lee@infopro-digital.com - Online: 0 - Desktop: 0 - Aucune utilisation detectee
[06/08/2026 11:46:22] [INFO] [81/708] Ben.Puyenbroek@infopro-digital.com - Online: 0 - Desktop: 2 - Desktop seulement
[06/08/2026 11:46:22] [INFO] [82/708] Ben.StClair@infopro-digital.com - Online: 0 - Desktop: 0 - Aucune utilisation detectee
[06/08/2026 11:46:23] [INFO] [83/708] ben.sumner@infopro-digital.com - Online: 0 - Desktop: 0 - Aucune utilisation detectee
[06/08/2026 11:46:23] [INFO] [84/708] ben.wood@infopro-digital.com - Online: 0 - Desktop: 0 - Aucune utilisation detectee
[06/08/2026 11:46:23] [INFO] [85/708] Benita.Igbinedion@infopro-digital.com - Online: 0 - Desktop: 0 - Aucune utilisation detectee
[06/08/2026 11:46:23] [INFO] [86/708] benja-liantsoa.randrianirina@infopro-digital.com - Online: 0 - Desktop: 0 - Aucune utilisation detectee
[06/08/2026 11:46:23] [INFO] [87/708] benjamin.dixneuf@infopro-digital.com - Online: 0 - Desktop: 0 - Aucune utilisation detectee
[06/08/2026 11:46:23] [INFO] [88/708] benoit.malet@etai.fr - Online: 0 - Desktop: 0 - Aucune utilisation detectee
[06/08/2026 11:46:23] [INFO] [89/708] Bernd.Goroncy@infopro-digital.com - Online: 0 - Desktop: 0 - Aucune utilisation detectee
[06/08/2026 11:46:23] [INFO] [90/708] bertrand.bourgeois@infopro-digital.com - Online: 0 - Desktop: 0 - Aucune utilisation detectee
[06/08/2026 11:46:23] [INFO] [91/708] Bethany.Jones@infopro-digital.com - Online: 0 - Desktop: 0 - Aucune utilisation detectee
[06/08/2026 11:46:23] [INFO] [92/708] Bhavanesh.Laher@infopro-digital.com - Online: 0 - Desktop: 0 - Aucune utilisation detectee
[06/08/2026 11:46:23] [INFO] [93/708] Bill.Holbrook@infopro-digital.com - Online: 0 - Desktop: 0 - Aucune utilisation detectee
[06/08/2026 11:46:23] [INFO] [94/708] bisi.sijuade@infopro-digital.com - Online: 0 - Desktop: 0 - Aucune utilisation detectee
[06/08/2026 11:46:23] [INFO] [95/708] blandine.fischer@infopro-digital.com - Online: 0 - Desktop: 0 - Aucune utilisation detectee
[06/08/2026 11:46:23] [INFO] [96/708] boris.stevanovic@infopro-digital.com - Online: 0 - Desktop: 0 - Aucune utilisation detectee
[06/08/2026 11:46:23] [INFO] [97/708] brendan.badenhorst@infopro-digital.com - Online: 0 - Desktop: 0 - Aucune utilisation detectee
[06/08/2026 11:46:23] [INFO] [98/708] Brendan.ONeill@infopro-digital.com - Online: 0 - Desktop: 0 - Aucune utilisation detectee
[06/08/2026 11:46:23] [INFO] [99/708] brian.horton@barbour-abi.com - Online: 0 - Desktop: 0 - Aucune utilisation detectee
[06/08/2026 11:46:23] [INFO] [100/708] brice.perard@infopro-digital.com - Online: 0 - Desktop: 0 - Aucune utilisation detectee
[06/08/2026 11:46:23] [INFO] [101/708] brieuc.decannart@ebp.be - Online: 0 - Desktop: 0 - Aucune utilisation detectee
[06/08/2026 11:46:23] [INFO] [102/708] bruno.connerth@infopro-digital.com - Online: 0 - Desktop: 0 - Aucune utilisation detectee
[06/08/2026 11:46:23] [INFO] [103/708] bruno.hedan@infopro-digital.com - Online: 0 - Desktop: 0 - Aucune utilisation detectee
[06/08/2026 11:46:23] [INFO] [104/708] BrunoNascimento.Lago@infopro-digital.com - Online: 0 - Desktop: 0 - Aucune utilisation detectee
[06/08/2026 11:46:23] [INFO] [105/708] camille.mercey@infopro-digital.com - Online: 0 - Desktop: 0 - Aucune utilisation detectee
[06/08/2026 11:46:23] [INFO] [106/708] candy.marduel@infopro-digital.com - Online: 0 - Desktop: 0 - Aucune utilisation detectee
[06/08/2026 11:46:23] [INFO] [107/708] caren.genthner-kappesz@infopro-digital.com - Online: 0 - Desktop: 0 - Aucune utilisation detectee
[06/08/2026 11:46:23] [INFO] [108/708] carles.pujol@infopro-digital.com - Online: 0 - Desktop: 0 - Aucune utilisation detectee
[06/08/2026 11:46:23] [INFO] [109/708] carole.hainaut@infopro-digital.com - Online: 0 - Desktop: 0 - Aucune utilisation detectee
[06/08/2026 11:46:23] [INFO] [110/708] carole-anne.coulhon@infopro-digital.com - Online: 0 - Desktop: 0 - Aucune utilisation detectee
[06/08/2026 11:46:23] [INFO] [111/708] carolina.rebeu@infopro-digital.com - Online: 0 - Desktop: 0 - Aucune utilisation detectee
[06/08/2026 11:46:23] [INFO] [112/708] caroline.sanchez@inovaxo.fr - Online: 0 - Desktop: 0 - Aucune utilisation detectee
[06/08/2026 11:46:23] [INFO] [113/708] caroline.verdier@infopro-digital.com - Online: 0 - Desktop: 0 - Aucune utilisation detectee
[06/08/2026 11:46:23] [INFO] [114/708] catherine.jarvis@infopro-digital.com - Online: 0 - Desktop: 0 - Aucune utilisation detectee
[06/08/2026 11:46:23] [INFO] [115/708] cecile.varejao@infopro-digital.com - Online: 0 - Desktop: 0 - Aucune utilisation detectee
[06/08/2026 11:46:23] [INFO] [116/708] cedric.duquenne@infopro-digital.com - Online: 0 - Desktop: 1 - Desktop seulement
[06/08/2026 11:46:23] [INFO] [117/708] celine.aussant@infopro-digital.com - Online: 0 - Desktop: 0 - Aucune utilisation detectee
[06/08/2026 11:46:23] [INFO] [118/708] celine.guillou@vecteurplus.com - Online: 0 - Desktop: 0 - Aucune utilisation detectee
[06/08/2026 11:46:23] [INFO] [119/708] celine.keverian-salou@infopro-digital.com - Online: 0 - Desktop: 0 - Aucune utilisation detectee
[06/08/2026 11:46:23] [INFO] [120/708] celine.ruat@infopro-digital.com - Online: 0 - Desktop: 0 - Aucune utilisation detectee
[06/08/2026 11:46:23] [INFO] [121/708] chaimaa.elaimeur@infopro-digital.com - Online: 0 - Desktop: 1 - Desktop seulement
[06/08/2026 11:46:23] [INFO] [122/708] charles.million-rousseau@infopro-digital.com - Online: 0 - Desktop: 0 - Aucune utilisation detectee
[06/08/2026 11:46:23] [INFO] [123/708] Charles.Morris@infopro-digital.com - Online: 0 - Desktop: 0 - Aucune utilisation detectee
[06/08/2026 11:46:23] [INFO] [124/708] Chris.Ai@infopro-digital.com - Online: 0 - Desktop: 0 - Aucune utilisation detectee
[06/08/2026 11:46:23] [INFO] [125/708] chris.davis@infopro-digital.com - Online: 0 - Desktop: 0 - Aucune utilisation detectee
[06/08/2026 11:46:23] [INFO] [126/708] chris.finnegan@infopro-digital.com - Online: 0 - Desktop: 0 - Aucune utilisation detectee
[06/08/2026 11:46:23] [INFO] [127/708] chris.jeffery@infopro-digital.com - Online: 0 - Desktop: 0 - Aucune utilisation detectee
[06/08/2026 11:46:23] [INFO] [128/708] chris.journet@infopro-digital.com - Online: 0 - Desktop: 0 - Aucune utilisation detectee
[06/08/2026 11:46:23] [INFO] [129/708] chris.wade@infopro-digital.com - Online: 0 - Desktop: 0 - Aucune utilisation detectee
[06/08/2026 11:46:23] [INFO] [130/708] christian.krasso@infopro-digital.com - Online: 0 - Desktop: 0 - Aucune utilisation detectee
[06/08/2026 11:46:23] [INFO] [131/708] christian.stallknecht@infopro-digital.com - Online: 0 - Desktop: 0 - Aucune utilisation detectee
[06/08/2026 11:46:23] [INFO] [132/708] christian.tiller@infopro-digital.com - Online: 0 - Desktop: 0 - Aucune utilisation detectee
[06/08/2026 11:46:23] [INFO] [133/708] christiane.faller@infopro-digital.com - Online: 0 - Desktop: 0 - Aucune utilisation detectee
[06/08/2026 11:46:23] [INFO] [134/708] christina.baart@infopro-digital.com - Online: 0 - Desktop: 0 - Aucune utilisation detectee
[06/08/2026 11:46:23] [INFO] [135/708] christine.jamieson@barbour-abi.com - Online: 0 - Desktop: 0 - Aucune utilisation detectee
[06/08/2026 11:46:23] [INFO] [136/708] christine.seguin@infopro-digital.com - Online: 0 - Desktop: 0 - Aucune utilisation detectee
[06/08/2026 11:46:23] [INFO] [137/708] christine.wiltz-papendieck@infopro-digital.com - Online: 0 - Desktop: 0 - Aucune utilisation detectee
[06/08/2026 11:46:23] [INFO] [138/708] Christoph.Apel@infopro-digital.com - Online: 0 - Desktop: 0 - Aucune utilisation detectee
[06/08/2026 11:46:23] [INFO] [139/708] christoph.stein@infopro-digital.com - Online: 0 - Desktop: 0 - Aucune utilisation detectee
[06/08/2026 11:46:23] [INFO] [140/708] christophe.bernard@infopro-digital.com - Online: 0 - Desktop: 0 - Aucune utilisation detectee
[06/08/2026 11:46:23] [INFO] [141/708] christophe.czajka@infopro-digital.com - Online: 0 - Desktop: 0 - Aucune utilisation detectee
[06/08/2026 11:46:23] [INFO] [142/708] christophe.serrie@infopro-digital.com - Online: 0 - Desktop: 0 - Aucune utilisation detectee
[06/08/2026 11:46:23] [INFO] [143/708] cindy.cariou@infopro-digital.com - Online: 0 - Desktop: 0 - Aucune utilisation detectee
[06/08/2026 11:46:23] [INFO] [144/708] claire.hammond@infopro-digital.com - Online: 0 - Desktop: 0 - Aucune utilisation detectee
[06/08/2026 11:46:23] [INFO] [145/708] Claire.Jordan@infopro-digital.com - Online: 0 - Desktop: 0 - Aucune utilisation detectee
[06/08/2026 11:46:23] [INFO] [146/708] claire.mauger@infopro-digital.com - Online: 0 - Desktop: 0 - Aucune utilisation detectee
[06/08/2026 11:46:23] [INFO] [147/708] clara@infopro-digital.com - Online: 0 - Desktop: 0 - Aucune utilisation detectee
[06/08/2026 11:46:23] [INFO] [148/708] clare.hetherington@infopro-digital.com - Online: 0 - Desktop: 0 - Aucune utilisation detectee
[06/08/2026 11:46:23] [INFO] [149/708] clarisse.jagueneau@infopro-digital.com - Online: 0 - Desktop: 0 - Aucune utilisation detectee
[06/08/2026 11:46:23] [INFO] [150/708] claudia.vanravesteijn@infopro-digital.com - Online: 0 - Desktop: 0 - Aucune utilisation detectee
[06/08/2026 11:46:23] [INFO] [151/708] clement.campaner@vecteurplus.com - Online: 0 - Desktop: 0 - Aucune utilisation detectee
[06/08/2026 11:46:23] [INFO] [152/708] clementine.segreto@infopro-digital.com - Online: 0 - Desktop: 0 - Aucune utilisation detectee
[06/08/2026 11:46:23] [INFO] [153/708] clive.whitford@infopro-digital.com - Online: 0 - Desktop: 0 - Aucune utilisation detectee
[06/08/2026 11:46:23] [INFO] [154/708] Cole.Lipsky@infopro-digital.com - Online: 0 - Desktop: 0 - Aucune utilisation detectee
[06/08/2026 11:46:23] [INFO] [155/708] Conchita.Misquith@infopro-digital.com - Online: 0 - Desktop: 0 - Aucune utilisation detectee
[06/08/2026 11:46:23] [INFO] [156/708] coralie.leblanc@vecteurplus.com - Online: 0 - Desktop: 0 - Aucune utilisation detectee
[06/08/2026 11:46:23] [INFO] [157/708] corina.aldea@infopro-digital.com - Online: 0 - Desktop: 0 - Aucune utilisation detectee
[06/08/2026 11:46:23] [INFO] [158/708] cube@infopro-digital.fr - Online: 0 - Desktop: 0 - Aucune utilisation detectee
[06/08/2026 11:46:23] [INFO] [159/708] cyril.fernandes@infopro-digital.com - Online: 0 - Desktop: 0 - Aucune utilisation detectee
[06/08/2026 11:46:23] [INFO] [160/708] cyril.ladet@etai.fr - Online: 0 - Desktop: 0 - Aucune utilisation detectee
[06/08/2026 11:46:23] [INFO] [161/708] daleche.ossengue@infopro-digital.com - Online: 0 - Desktop: 0 - Aucune utilisation detectee
[06/08/2026 11:46:23] [INFO] [162/708] damien.schmitz@infopro-digital.com - Online: 0 - Desktop: 0 - Aucune utilisation detectee
[06/08/2026 11:46:23] [INFO] [163/708] Dan.Aldridge@infopro-digital.com - Online: 0 - Desktop: 0 - Aucune utilisation detectee
[06/08/2026 11:46:23] [INFO] [164/708] dane.barnard@infopro-digital.com - Online: 0 - Desktop: 0 - Aucune utilisation detectee
[06/08/2026 11:46:23] [INFO] [165/708] Daniel.Blackburn@infopro-digital.com - Online: 0 - Desktop: 0 - Aucune utilisation detectee
[06/08/2026 11:46:23] [INFO] [166/708] daniel.ciotkowski@infopro-digital.com - Online: 0 - Desktop: 0 - Aucune utilisation detectee
[06/08/2026 11:46:23] [INFO] [167/708] Daniel.DeBruce@infopro-digital.com - Online: 0 - Desktop: 0 - Aucune utilisation detectee
[06/08/2026 11:46:23] [INFO] [168/708] daniel.hilsdon@infopro-digital.com - Online: 0 - Desktop: 0 - Aucune utilisation detectee
[06/08/2026 11:46:23] [INFO] [169/708] daniel.hinge@infopro-digital.com - Online: 0 - Desktop: 0 - Aucune utilisation detectee
[06/08/2026 11:46:23] [INFO] [170/708] daniel.marx@infopro-digital.com - Online: 0 - Desktop: 0 - Aucune utilisation detectee
[06/08/2026 11:46:23] [INFO] [171/708] Daniel.Merg@infopro-digital.com - Online: 0 - Desktop: 0 - Aucune utilisation detectee
[06/08/2026 11:46:23] [INFO] [172/708] daniel.rodriguez-bazin@infopro-digital.com - Online: 0 - Desktop: 0 - Aucune utilisation detectee
[06/08/2026 11:46:23] [INFO] [173/708] daniel.sigwarth@infopro-digital.com - Online: 0 - Desktop: 0 - Aucune utilisation detectee
[06/08/2026 11:46:23] [INFO] [174/708] Daniel.Steiger@infopro-digital.com - Online: 0 - Desktop: 0 - Aucune utilisation detectee
[06/08/2026 11:46:23] [INFO] [175/708] danielle.attias@infopro-digital.com - Online: 0 - Desktop: 0 - Aucune utilisation detectee
[06/08/2026 11:46:23] [INFO] [176/708] Dariga.Halsey@infopro-digital.com - Online: 0 - Desktop: 0 - Aucune utilisation detectee
[06/08/2026 11:46:23] [INFO] [177/708] darryl.watts@infopro-digital.com - Online: 0 - Desktop: 0 - Aucune utilisation detectee
[06/08/2026 11:46:23] [INFO] [178/708] david.bonneau@infopro-digital.com - Online: 0 - Desktop: 0 - Aucune utilisation detectee
[06/08/2026 11:46:23] [INFO] [179/708] david.harris@barbour-abi.com - Online: 0 - Desktop: 1 - Desktop seulement
[06/08/2026 11:46:23] [INFO] [180/708] david.kaplanyan@infopro-digital.com - Online: 0 - Desktop: 0 - Aucune utilisation detectee
[06/08/2026 11:46:23] [INFO] [181/708] david.lamb@infopro-digital.com - Online: 0 - Desktop: 0 - Aucune utilisation detectee
[06/08/2026 11:46:23] [INFO] [182/708] david.marchand@infopro-digital.com - Online: 0 - Desktop: 0 - Aucune utilisation detectee
[06/08/2026 11:46:23] [INFO] [183/708] denis.blot@inovaxo.fr - Online: 0 - Desktop: 0 - Aucune utilisation detectee
[06/08/2026 11:46:23] [INFO] [184/708] Dhruv.Patel@infopro-digital.com - Online: 0 - Desktop: 0 - Aucune utilisation detectee
[06/08/2026 11:46:23] [INFO] [185/708] diane.fayolle@infopro-digital.com - Online: 0 - Desktop: 0 - Aucune utilisation detectee
[06/08/2026 11:46:23] [INFO] [186/708] diane.hippolyte@infopro-digital.com - Online: 0 - Desktop: 0 - Aucune utilisation detectee
[06/08/2026 11:46:23] [INFO] [187/708] dietmar.kretschmer@infopro-digital.com - Online: 0 - Desktop: 0 - Aucune utilisation detectee
[06/08/2026 11:46:23] [INFO] [188/708] dodava.damoaliga@infopro-digital.com - Online: 0 - Desktop: 0 - Aucune utilisation detectee
[06/08/2026 11:46:23] [INFO] [189/708] dominic.keegan@infopro-digital.com - Online: 0 - Desktop: 0 - Aucune utilisation detectee
[06/08/2026 11:46:23] [INFO] [190/708] Doug.Hausken@infopro-digital.com - Online: 0 - Desktop: 0 - Aucune utilisation detectee
[06/08/2026 11:46:23] [INFO] [191/708] dounia.barakaou@infopro-digital.com - Online: 0 - Desktop: 0 - Aucune utilisation detectee
[06/08/2026 11:46:23] [INFO] [192/708] duncan.wood@infopro-digital.com - Online: 0 - Desktop: 0 - Aucune utilisation detectee
[06/08/2026 11:46:23] [INFO] [193/708] ed.griffiths@barbour-abi.com - Online: 0 - Desktop: 0 - Aucune utilisation detectee
[06/08/2026 11:46:23] [INFO] [194/708] Edie.Chang@infopro-digital.com - Online: 0 - Desktop: 0 - Aucune utilisation detectee
[06/08/2026 11:46:23] [INFO] [195/708] edoardo.galione@infopro-digital.com - Online: 0 - Desktop: 0 - Aucune utilisation detectee
[06/08/2026 11:46:23] [INFO] [196/708] Ekaterina.Tikhomirova@infopro-digital.com - Online: 0 - Desktop: 0 - Aucune utilisation detectee
[06/08/2026 11:46:23] [INFO] [197/708] ekrem.nurkerim@infopro-digital.com - Online: 0 - Desktop: 0 - Aucune utilisation detectee
[06/08/2026 11:46:23] [INFO] [198/708] Eleanor.Piotrowicz@infopro-digital.com - Online: 0 - Desktop: 0 - Aucune utilisation detectee
[06/08/2026 11:46:23] [INFO] [199/708] elina.patler@infopro-digital.com - Online: 0 - Desktop: 0 - Aucune utilisation detectee
[06/08/2026 11:46:23] [INFO] [200/708] Elisabete.Ferreira@infopro-digital.com - Online: 0 - Desktop: 0 - Aucune utilisation detectee
[06/08/2026 11:46:23] [INFO] [201/708] elisabeth.urbach@infopro-digital.com - Online: 0 - Desktop: 0 - Aucune utilisation detectee
[06/08/2026 11:46:23] [INFO] [202/708] elise.camus@infopro-digital.com - Online: 0 - Desktop: 0 - Aucune utilisation detectee
[06/08/2026 11:46:23] [INFO] [203/708] elise.da-silva@infopro-digital.com - Online: 0 - Desktop: 0 - Aucune utilisation detectee
[06/08/2026 11:46:23] [INFO] [204/708] Elizabeth.Locke@infopro-digital.com - Online: 0 - Desktop: 0 - Aucune utilisation detectee
[06/08/2026 11:46:23] [INFO] [205/708] elke.hallung@infopro-digital.com - Online: 0 - Desktop: 0 - Aucune utilisation detectee
[06/08/2026 11:46:23] [INFO] [206/708] elodie.castillo@infopro-digital.com - Online: 0 - Desktop: 0 - Aucune utilisation detectee
[06/08/2026 11:46:23] [INFO] [207/708] eloise.piette@vecteurplus.com - Online: 0 - Desktop: 0 - Aucune utilisation detectee
[06/08/2026 11:46:23] [INFO] [208/708] eloise.quint@infopro-digital.com - Online: 0 - Desktop: 0 - Aucune utilisation detectee
[06/08/2026 11:46:23] [INFO] [209/708] elsa.lenclud@infopro-digital.com - Online: 0 - Desktop: 0 - Aucune utilisation detectee
[06/08/2026 11:46:23] [INFO] [210/708] emilie.carette@infopro-digital.com - Online: 0 - Desktop: 0 - Aucune utilisation detectee
[06/08/2026 11:46:24] [INFO] [211/708] emilie.le-bot@red-on-line.com - Online: 0 - Desktop: 0 - Aucune utilisation detectee
[06/08/2026 11:46:24] [INFO] [212/708] emilie.pecassou@infopro-digital.com - Online: 0 - Desktop: 0 - Aucune utilisation detectee
[06/08/2026 11:46:24] [INFO] [213/708] emilie-xuan.nguyen@infopro-digital.com - Online: 0 - Desktop: 0 - Aucune utilisation detectee
[06/08/2026 11:46:24] [INFO] [214/708] Emma.Hughes@infopro-digital.com - Online: 0 - Desktop: 0 - Aucune utilisation detectee
[06/08/2026 11:46:24] [INFO] [215/708] emma.solheim-poisson@infopro-digital.com - Online: 0 - Desktop: 0 - Aucune utilisation detectee
[06/08/2026 11:46:24] [INFO] [216/708] emmanuel.champetier@infopro-digital.com - Online: 0 - Desktop: 0 - Aucune utilisation detectee
[06/08/2026 11:46:24] [INFO] [217/708] emmanuel.kenning@infopro-digital.com - Online: 0 - Desktop: 0 - Aucune utilisation detectee
[06/08/2026 11:46:24] [INFO] [218/708] enzo.franchini@infopro-digital.com - Online: 0 - Desktop: 0 - Aucune utilisation detectee
[06/08/2026 11:46:24] [INFO] [219/708] Eren.Muduroglu@infopro-digital.com - Online: 0 - Desktop: 0 - Aucune utilisation detectee
[06/08/2026 11:46:24] [INFO] [220/708] eric.thierry@infopro-digital.com - Online: 0 - Desktop: 2 - Desktop seulement
[06/08/2026 11:46:24] [INFO] [221/708] estelle.arijs@ebp.be - Online: 0 - Desktop: 0 - Aucune utilisation detectee
[06/08/2026 11:46:24] [INFO] [222/708] Ethel.Sarkodie@infopro-digital.com - Online: 0 - Desktop: 0 - Aucune utilisation detectee
[06/08/2026 11:46:24] [INFO] [223/708] eve.degrave@infopro-digital.com - Online: 0 - Desktop: 0 - Aucune utilisation detectee
[06/08/2026 11:46:24] [INFO] [224/708] fabien.durand@vecteurplus.com - Online: 0 - Desktop: 0 - Aucune utilisation detectee
[06/08/2026 11:46:24] [INFO] [225/708] fabien.lim@infopro-digital.com - Online: 0 - Desktop: 0 - Aucune utilisation detectee
[06/08/2026 11:46:24] [INFO] [226/708] fabien.rouvier@infopro-digital.com - Online: 0 - Desktop: 0 - Aucune utilisation detectee
[06/08/2026 11:46:24] [INFO] [227/708] fabienne.barbier@infopro-digital.com - Online: 0 - Desktop: 0 - Aucune utilisation detectee
[06/08/2026 11:46:24] [INFO] [228/708] fabienne.germond@infopro-digital.com - Online: 0 - Desktop: 0 - Aucune utilisation detectee
[06/08/2026 11:46:24] [INFO] [229/708] fabienne.taylor@infopro-digital.com - Online: 0 - Desktop: 0 - Aucune utilisation detectee
[06/08/2026 11:46:24] [INFO] [230/708] fabio.giarrizzo@infopro-digital.com - Online: 0 - Desktop: 0 - Aucune utilisation detectee
[06/08/2026 11:46:24] [INFO] [231/708] fabio.palacios@infopro-digital.com - Online: 0 - Desktop: 1 - Desktop seulement
[06/08/2026 11:46:24] [INFO] [232/708] fabrice.contrel@infopro-digital.com - Online: 0 - Desktop: 0 - Aucune utilisation detectee
[06/08/2026 11:46:24] [INFO] [233/708] fabrice.madode@vecteurplus.com - Online: 0 - Desktop: 0 - Aucune utilisation detectee
[06/08/2026 11:46:24] [INFO] [234/708] fakhri.zouaghi@infopro-digital.com - Online: 0 - Desktop: 0 - Aucune utilisation detectee
[06/08/2026 11:46:24] [INFO] [235/708] fanny.devos@vecteurplus.com - Online: 0 - Desktop: 0 - Aucune utilisation detectee
[06/08/2026 11:46:24] [INFO] [236/708] fanny.hussenot@infopro-digital.com - Online: 0 - Desktop: 0 - Aucune utilisation detectee
[06/08/2026 11:46:24] [INFO] [237/708] farhan.arif@infopro-digital.com - Online: 0 - Desktop: 0 - Aucune utilisation detectee
[06/08/2026 11:46:24] [INFO] [238/708] fatouma.coulibaly@infopro-digital.com - Online: 0 - Desktop: 0 - Aucune utilisation detectee
[06/08/2026 11:46:24] [INFO] [239/708] financereports@infopro-digital.com - Online: 0 - Desktop: 0 - Aucune utilisation detectee
[06/08/2026 11:46:24] [INFO] [240/708] Fiorella.Diaz@infopro-digital.com - Online: 0 - Desktop: 0 - Aucune utilisation detectee
[06/08/2026 11:46:24] [INFO] [241/708] florent.massiera@infopro-digital.com - Online: 0 - Desktop: 0 - Aucune utilisation detectee
[06/08/2026 11:46:24] [INFO] [242/708] florian.courgenouil@infopro-digital.com - Online: 0 - Desktop: 0 - Aucune utilisation detectee
[06/08/2026 11:46:24] [INFO] [243/708] florian.rasoamanana@infopro-digital.com - Online: 0 - Desktop: 0 - Aucune utilisation detectee
[06/08/2026 11:46:24] [INFO] [244/708] florian.roth@infopro-digital.com - Online: 0 - Desktop: 0 - Aucune utilisation detectee
[06/08/2026 11:46:24] [INFO] [245/708] florian.spinder@infopro-digital.com - Online: 0 - Desktop: 1 - Desktop seulement
[06/08/2026 11:46:24] [INFO] [246/708] francesca.hammell@infopro-digital.com - Online: 0 - Desktop: 0 - Aucune utilisation detectee
[06/08/2026 11:46:24] [INFO] [247/708] franck.liogier@infopro-digital.com - Online: 0 - Desktop: 0 - Aucune utilisation detectee
[06/08/2026 11:46:24] [INFO] [248/708] franck.theret@infopro-digital.com - Online: 0 - Desktop: 0 - Aucune utilisation detectee
[06/08/2026 11:46:24] [INFO] [249/708] franck.yepmo-djomo@infopro-digital.com - Online: 0 - Desktop: 0 - Aucune utilisation detectee
[06/08/2026 11:46:24] [INFO] [250/708] Frank.Buisson@infopro-digital.com - Online: 0 - Desktop: 0 - Aucune utilisation detectee
[06/08/2026 11:46:24] [INFO] [251/708] franz.luft@infopro-digital.com - Online: 0 - Desktop: 0 - Aucune utilisation detectee
[06/08/2026 11:46:24] [INFO] [252/708] frederick.lecomte@etai.fr - Online: 0 - Desktop: 0 - Aucune utilisation detectee
[06/08/2026 11:46:24] [INFO] [253/708] friederike.meyer@infopro-digital.com - Online: 0 - Desktop: 0 - Aucune utilisation detectee
[06/08/2026 11:46:24] [INFO] [254/708] gabrielle.veronneau@infopro-digital.com - Online: 0 - Desktop: 0 - Aucune utilisation detectee
[06/08/2026 11:46:24] [INFO] [255/708] gael.morsetti@infopro-digital.com - Online: 0 - Desktop: 0 - Aucune utilisation detectee
[06/08/2026 11:46:24] [INFO] [256/708] geoffrey.petuaud@infopro-digital.com - Online: 0 - Desktop: 0 - Aucune utilisation detectee
[06/08/2026 11:46:24] [INFO] [257/708] Georgie.Mailer-Wilkin@infopro-digital.com - Online: 0 - Desktop: 0 - Aucune utilisation detectee
[06/08/2026 11:46:24] [INFO] [258/708] ghofrane.rebhi@infopro-digital.com - Online: 0 - Desktop: 0 - Aucune utilisation detectee
[06/08/2026 11:46:24] [INFO] [259/708] gilles.marcvincent@etai.fr - Online: 0 - Desktop: 0 - Aucune utilisation detectee
[06/08/2026 11:46:24] [INFO] [260/708] grace.lewis@barbour-abi.com - Online: 0 - Desktop: 0 - Aucune utilisation detectee
[06/08/2026 11:46:24] [INFO] [261/708] gregor.harbusch@infopro-digital.com - Online: 0 - Desktop: 0 - Aucune utilisation detectee
[06/08/2026 11:46:24] [INFO] [262/708] gregory.devoyon@etai.fr - Online: 0 - Desktop: 1 - Desktop seulement
[06/08/2026 11:46:24] [INFO] [263/708] greta.cardani@infopro-digital.com - Online: 0 - Desktop: 0 - Aucune utilisation detectee
[06/08/2026 11:46:24] [INFO] [264/708] guenter.kuhns@infopro-digital.com - Online: 0 - Desktop: 0 - Aucune utilisation detectee
[06/08/2026 11:46:24] [INFO] [265/708] Guido.Schmidt@infopro-digital.com - Online: 0 - Desktop: 0 - Aucune utilisation detectee
[06/08/2026 11:46:24] [INFO] [266/708] guillaume.de-corbiere@infopro-digital.com - Online: 0 - Desktop: 0 - Aucune utilisation detectee
[06/08/2026 11:46:24] [INFO] [267/708] guillaume.pontnau@infopro-digital.com - Online: 0 - Desktop: 0 - Aucune utilisation detectee
[06/08/2026 11:46:24] [INFO] [268/708] guy.kinnell@infopro-digital.com - Online: 0 - Desktop: 0 - Aucune utilisation detectee
[06/08/2026 11:46:24] [INFO] [269/708] habib.fitouri@groupemoniteur.fr - Online: 0 - Desktop: 0 - Aucune utilisation detectee
[06/08/2026 11:46:24] [INFO] [270/708] hafedh.amrouch@infopro-digital.com - Online: 0 - Desktop: 0 - Aucune utilisation detectee
[06/08/2026 11:46:24] [INFO] [271/708] haifa.allouchi@infopro-digital.com - Online: 0 - Desktop: 0 - Aucune utilisation detectee
[06/08/2026 11:46:24] [INFO] [272/708] hanen.khalfaoui@infopro-digital.com - Online: 0 - Desktop: 0 - Aucune utilisation detectee
[06/08/2026 11:46:24] [INFO] [273/708] Hannah.Craig@infopro-digital.com - Online: 0 - Desktop: 0 - Aucune utilisation detectee
[06/08/2026 11:46:24] [INFO] [274/708] hannah.robbins@barbour-abi.com - Online: 0 - Desktop: 0 - Aucune utilisation detectee
[06/08/2026 11:46:24] [INFO] [275/708] hara@infopro-digital.com - Online: 0 - Desktop: 0 - Aucune utilisation detectee
[06/08/2026 11:46:24] [INFO] [276/708] harry.griffiths@infopro-digital.com - Online: 0 - Desktop: 0 - Aucune utilisation detectee
[06/08/2026 11:46:24] [INFO] [277/708] hayley.carroll@barbour-abi.com - Online: 0 - Desktop: 0 - Aucune utilisation detectee
[06/08/2026 11:46:24] [INFO] [278/708] Helen.Bartholomew@infopro-digital.com - Online: 0 - Desktop: 0 - Aucune utilisation detectee
[06/08/2026 11:46:24] [INFO] [279/708] herve.chevallier@vecteurplus.com - Online: 0 - Desktop: 0 - Aucune utilisation detectee
[06/08/2026 11:46:24] [INFO] [280/708] Hildegard.Albers@infopro-digital.com - Online: 0 - Desktop: 0 - Aucune utilisation detectee
[06/08/2026 11:46:24] [INFO] [281/708] hiten.rabadia@infopro-digital.com - Online: 0 - Desktop: 0 - Aucune utilisation detectee
[06/08/2026 11:46:24] [INFO] [282/708] holger.lachenmayer@infopro-digital.com - Online: 0 - Desktop: 0 - Aucune utilisation detectee
[06/08/2026 11:46:24] [INFO] [283/708] houda.gammazi@infopro-digital.com - Online: 0 - Desktop: 0 - Aucune utilisation detectee
[06/08/2026 11:46:24] [INFO] [284/708] hugo.tanne@infopro-digital.com - Online: 0 - Desktop: 0 - Aucune utilisation detectee
[06/08/2026 11:46:24] [INFO] [285/708] ido.holtkuile@infopro-digital.com - Online: 0 - Desktop: 0 - Aucune utilisation detectee
[06/08/2026 11:46:24] [INFO] [286/708] Ildiko.Balazs@infopro-digital.com - Online: 0 - Desktop: 0 - Aucune utilisation detectee
[06/08/2026 11:46:24] [INFO] [287/708] ilham.filali@infopro-digital.com - Online: 0 - Desktop: 0 - Aucune utilisation detectee
[06/08/2026 11:46:24] [INFO] [288/708] Imran.Mohamed@infopro-digital.com - Online: 0 - Desktop: 0 - Aucune utilisation detectee
[06/08/2026 11:46:24] [INFO] [289/708] inaame.lemkhanat-barrois@infopro-digital.com - Online: 0 - Desktop: 0 - Aucune utilisation detectee
[06/08/2026 11:46:24] [INFO] [290/708] ingbert.corbe@infopro-digital.com - Online: 0 - Desktop: 2 - Desktop seulement
[06/08/2026 11:46:24] [INFO] [291/708] inge.demets@ebp.be - Online: 0 - Desktop: 0 - Aucune utilisation detectee
[06/08/2026 11:46:24] [INFO] [292/708] inge.van-den-hengel-albers@infopro-digital.com - Online: 0 - Desktop: 0 - Aucune utilisation detectee
[06/08/2026 11:46:24] [INFO] [293/708] Ingo.Zoppa@infopro-digital.com - Online: 0 - Desktop: 0 - Aucune utilisation detectee
[06/08/2026 11:46:24] [INFO] [294/708] ingolf.loeber@infopro-digital.com - Online: 0 - Desktop: 0 - Aucune utilisation detectee
[06/08/2026 11:46:24] [INFO] [295/708] irene.lo@infopro-digital.com - Online: 0 - Desktop: 0 - Aucune utilisation detectee
[06/08/2026 11:46:24] [INFO] [296/708] isabelle.andre@infopro-digital.com - Online: 0 - Desktop: 0 - Aucune utilisation detectee
[06/08/2026 11:46:24] [INFO] [297/708] izabelle.blanchet@infopro-digital.com - Online: 0 - Desktop: 0 - Aucune utilisation detectee
[06/08/2026 11:46:24] [INFO] [298/708] Jack.Grocott@infopro-digital.com - Online: 0 - Desktop: 0 - Aucune utilisation detectee
[06/08/2026 11:46:24] [INFO] [299/708] jack.morgan@infopro-digital.com - Online: 0 - Desktop: 0 - Aucune utilisation detectee
[06/08/2026 11:46:24] [INFO] [300/708] jack.ryan@infopro-digital.com - Online: 0 - Desktop: 0 - Aucune utilisation detectee
[06/08/2026 11:46:24] [INFO] [301/708] jack.west@infopro-digital.com - Online: 0 - Desktop: 0 - Aucune utilisation detectee
[06/08/2026 11:46:24] [INFO] [302/708] Jacqueline.Calcano@infopro-digital.com - Online: 0 - Desktop: 0 - Aucune utilisation detectee
[06/08/2026 11:46:24] [INFO] [303/708] James.Bywood@infopro-digital.com - Online: 0 - Desktop: 0 - Aucune utilisation detectee
[06/08/2026 11:46:24] [INFO] [304/708] James.Key@infopro-digital.com - Online: 0 - Desktop: 0 - Aucune utilisation detectee
[06/08/2026 11:46:24] [INFO] [305/708] james.monahan@infopro-digital.com - Online: 0 - Desktop: 0 - Aucune utilisation detectee
[06/08/2026 11:46:24] [INFO] [306/708] james.parker@infopro-digital.com - Online: 0 - Desktop: 0 - Aucune utilisation detectee
[06/08/2026 11:46:24] [INFO] [307/708] Janice.Tam@infopro-digital.com - Online: 0 - Desktop: 0 - Aucune utilisation detectee
[06/08/2026 11:46:24] [INFO] [308/708] Jason.Moore@infopro-digital.com - Online: 0 - Desktop: 0 - Aucune utilisation detectee
[06/08/2026 11:46:24] [INFO] [309/708] Jawad.Khan@infopro-digital.com - Online: 0 - Desktop: 0 - Aucune utilisation detectee
[06/08/2026 11:46:24] [INFO] [310/708] jayquan.adams@infopro-digital.com - Online: 0 - Desktop: 0 - Aucune utilisation detectee
[06/08/2026 11:46:24] [INFO] [311/708] jean-baptiste.draux@etai.fr - Online: 0 - Desktop: 0 - Aucune utilisation detectee
[06/08/2026 11:46:24] [INFO] [312/708] jean-baptiste.jouannaud@infopro-digital.com - Online: 0 - Desktop: 0 - Aucune utilisation detectee
[06/08/2026 11:46:24] [INFO] [313/708] jean-christophe.gabriel@infopro-digital.com - Online: 0 - Desktop: 0 - Aucune utilisation detectee
[06/08/2026 11:46:24] [INFO] [314/708] jean-luc.garnier@infopro-digital.com - Online: 0 - Desktop: 0 - Aucune utilisation detectee
[06/08/2026 11:46:24] [INFO] [315/708] jennifer.archer@barbour-abi.com - Online: 0 - Desktop: 0 - Aucune utilisation detectee
[06/08/2026 11:46:24] [INFO] [316/708] jennifer.houssart@infopro-digital.com - Online: 0 - Desktop: 0 - Aucune utilisation detectee
[06/08/2026 11:46:24] [INFO] [317/708] jennifer.licari@infopro-digital.com - Online: 0 - Desktop: 0 - Aucune utilisation detectee
[06/08/2026 11:46:24] [INFO] [318/708] jennifer.massicard@infopro-digital.com - Online: 0 - Desktop: 0 - Aucune utilisation detectee
[06/08/2026 11:46:24] [INFO] [319/708] Jennifer.Reid@infopro-digital.com - Online: 0 - Desktop: 0 - Aucune utilisation detectee
[06/08/2026 11:46:24] [INFO] [320/708] jennifer.soares@infopro-digital.com - Online: 0 - Desktop: 0 - Aucune utilisation detectee
[06/08/2026 11:46:24] [INFO] [321/708] jeremy.terrier@infopro-digital.com - Online: 0 - Desktop: 0 - Aucune utilisation detectee
[06/08/2026 11:46:24] [INFO] [322/708] jerome.baulan@inovaxo.fr - Online: 0 - Desktop: 0 - Aucune utilisation detectee
[06/08/2026 11:46:24] [INFO] [323/708] jerome.dasilva@infopro-digital.com - Online: 0 - Desktop: 0 - Aucune utilisation detectee
[06/08/2026 11:46:24] [INFO] [324/708] jerome.del-duca@infopro-digital.com - Online: 0 - Desktop: 0 - Aucune utilisation detectee
[06/08/2026 11:46:24] [INFO] [325/708] jerome.droin@infopro-digital.com - Online: 0 - Desktop: 0 - Aucune utilisation detectee
[06/08/2026 11:46:24] [INFO] [326/708] jessica.davies@barbour-abi.com - Online: 0 - Desktop: 0 - Aucune utilisation detectee
[06/08/2026 11:46:24] [INFO] [327/708] Jillian.Baugher@infopro-digital.com - Online: 0 - Desktop: 0 - Aucune utilisation detectee
[06/08/2026 11:46:24] [INFO] [328/708] jim-hendrik.meininghaus@infopro-digital.com - Online: 0 - Desktop: 0 - Aucune utilisation detectee
[06/08/2026 11:46:24] [INFO] [329/708] Joann.Rebello@infopro-digital.com - Online: 0 - Desktop: 0 - Aucune utilisation detectee
[06/08/2026 11:46:24] [INFO] [330/708] Joasia.Popowicz@infopro-digital.com - Online: 0 - Desktop: 0 - Aucune utilisation detectee
[06/08/2026 11:46:24] [INFO] [331/708] jocelyne.pero@infopro-digital.com - Online: 0 - Desktop: 0 - Aucune utilisation detectee
[06/08/2026 11:46:24] [INFO] [332/708] Joe.Parsons@infopro-digital.com - Online: 0 - Desktop: 0 - Aucune utilisation detectee
[06/08/2026 11:46:24] [INFO] [333/708] joerg.bendel@infopro-digital.com - Online: 0 - Desktop: 0 - Aucune utilisation detectee
[06/08/2026 11:46:24] [INFO] [334/708] joerg.flasdieck@infopro-digital.com - Online: 0 - Desktop: 0 - Aucune utilisation detectee
[06/08/2026 11:46:24] [INFO] [335/708] johan.haegeman@infopro-digital.com - Online: 0 - Desktop: 0 - Aucune utilisation detectee
[06/08/2026 11:46:24] [INFO] [336/708] Johan.Morales@infopro-digital.com - Online: 0 - Desktop: 9 - Desktop seulement
[06/08/2026 11:46:24] [INFO] [337/708] johan.vu@infopro-digital.com - Online: 0 - Desktop: 0 - Aucune utilisation detectee
[06/08/2026 11:46:24] [INFO] [338/708] John.Mullen@infopro-digital.com - Online: 0 - Desktop: 0 - Aucune utilisation detectee
[06/08/2026 11:46:24] [INFO] [339/708] john.van-der-valk@infopro-digital.com - Online: 0 - Desktop: 0 - Aucune utilisation detectee
[06/08/2026 11:46:24] [INFO] [340/708] jon.lloyd@infopro-digital.com - Online: 0 - Desktop: 0 - Aucune utilisation detectee
[06/08/2026 11:46:24] [INFO] [341/708] jonathan.fogg@barbour-abi.com - Online: 0 - Desktop: 0 - Aucune utilisation detectee
[06/08/2026 11:46:24] [INFO] [342/708] jonathan.grimal@etai.fr - Online: 0 - Desktop: 0 - Aucune utilisation detectee
[06/08/2026 11:46:25] [INFO] [343/708] jonathan.swift@infopro-digital.com - Online: 0 - Desktop: 0 - Aucune utilisation detectee
[06/08/2026 11:46:25] [INFO] [344/708] Jonathan.White@infopro-digital.com - Online: 0 - Desktop: 0 - Aucune utilisation detectee
[06/08/2026 11:46:25] [INFO] [345/708] jose.quiles@isicondal.es - Online: 0 - Desktop: 0 - Aucune utilisation detectee
[06/08/2026 11:46:25] [INFO] [346/708] Joshua.King@infopro-digital.com - Online: 0 - Desktop: 0 - Aucune utilisation detectee
[06/08/2026 11:46:25] [INFO] [347/708] josiane.lebreton@infopro-digital.com - Online: 0 - Desktop: 0 - Aucune utilisation detectee
[06/08/2026 11:46:25] [INFO] [348/708] julia.dolhain@infopro-digital.com - Online: 0 - Desktop: 0 - Aucune utilisation detectee
[06/08/2026 11:46:25] [INFO] [349/708] julie.coursimault@infopro-digital.com - Online: 0 - Desktop: 0 - Aucune utilisation detectee
[06/08/2026 11:46:25] [INFO] [350/708] julie.lacaille@red-on-line.com - Online: 0 - Desktop: 0 - Aucune utilisation detectee
[06/08/2026 11:46:25] [INFO] [351/708] julien.colom@infopro-digital.com - Online: 0 - Desktop: 0 - Aucune utilisation detectee
[06/08/2026 11:46:25] [INFO] [352/708] julien.elmaleh@infopro-digital.com - Online: 0 - Desktop: 0 - Aucune utilisation detectee
[06/08/2026 11:46:25] [INFO] [353/708] Karin.Menges@infopro-digital.com - Online: 0 - Desktop: 0 - Aucune utilisation detectee
[06/08/2026 11:46:25] [INFO] [354/708] karine.requena@infopro-digital.com - Online: 0 - Desktop: 0 - Aucune utilisation detectee
[06/08/2026 11:46:25] [INFO] [355/708] karsten.budde@infopro-digital.com - Online: 0 - Desktop: 0 - Aucune utilisation detectee
[06/08/2026 11:46:25] [INFO] [356/708] Katelyn.Zdunek@infopro-digital.com - Online: 0 - Desktop: 0 - Aucune utilisation detectee
[06/08/2026 11:46:25] [INFO] [357/708] katharina.horstmann@infopro-digital.com - Online: 0 - Desktop: 0 - Aucune utilisation detectee
[06/08/2026 11:46:25] [INFO] [358/708] katharina.lux@infopro-digital.com - Online: 0 - Desktop: 0 - Aucune utilisation detectee
[06/08/2026 11:46:25] [INFO] [359/708] kathirsan.yogarajah@infopro-digital.com - Online: 0 - Desktop: 2 - Desktop seulement
[06/08/2026 11:46:25] [INFO] [360/708] Kathryn.Headington@infopro-digital.com - Online: 0 - Desktop: 0 - Aucune utilisation detectee
[06/08/2026 11:46:25] [INFO] [361/708] Kelvin.Andrews@infopro-digital.com - Online: 0 - Desktop: 0 - Aucune utilisation detectee
[06/08/2026 11:46:25] [INFO] [362/708] Kento.Jorge@infopro-digital.com - Online: 0 - Desktop: 0 - Aucune utilisation detectee
[06/08/2026 11:46:25] [INFO] [363/708] kevin.haring@infopro-digital.com - Online: 0 - Desktop: 0 - Aucune utilisation detectee
[06/08/2026 11:46:25] [INFO] [364/708] kevin.marten@infopro-digital.com - Online: 0 - Desktop: 0 - Aucune utilisation detectee
[06/08/2026 11:46:25] [INFO] [365/708] kevin.roualec@infopro-digital.com - Online: 0 - Desktop: 0 - Aucune utilisation detectee
[06/08/2026 11:46:25] [INFO] [366/708] Kieren.Ghuman@infopro-digital.com - Online: 0 - Desktop: 0 - Aucune utilisation detectee
[06/08/2026 11:46:25] [INFO] [367/708] kim.lau@infopro-digital.com - Online: 0 - Desktop: 0 - Aucune utilisation detectee
[06/08/2026 11:46:25] [INFO] [368/708] klaus.fuener@infopro-digital.com - Online: 0 - Desktop: 0 - Aucune utilisation detectee
[06/08/2026 11:46:25] [INFO] [369/708] korentin.harscouet-de-keravel@etai.fr - Online: 0 - Desktop: 0 - Aucune utilisation detectee
[06/08/2026 11:46:25] [INFO] [370/708] Kris.Devasabai@infopro-digital.com - Online: 0 - Desktop: 0 - Aucune utilisation detectee
[06/08/2026 11:46:25] [INFO] [371/708] kristel.hussard@infopro-digital.com - Online: 0 - Desktop: 0 - Aucune utilisation detectee
[06/08/2026 11:46:25] [INFO] [372/708] kristel.sonck@ebp.be - Online: 0 - Desktop: 0 - Aucune utilisation detectee
[06/08/2026 11:46:25] [INFO] [373/708] Kurran.Pooni@infopro-digital.com - Online: 0 - Desktop: 0 - Aucune utilisation detectee
[06/08/2026 11:46:25] [INFO] [374/708] lahouaria.pailloux@infopro-digital.com - Online: 0 - Desktop: 0 - Aucune utilisation detectee
[06/08/2026 11:46:25] [INFO] [375/708] larisa.ilie@infopro-digital.com - Online: 0 - Desktop: 0 - Aucune utilisation detectee
[06/08/2026 11:46:25] [INFO] [376/708] Laura.Chu@infopro-digital.com - Online: 0 - Desktop: 0 - Aucune utilisation detectee
[06/08/2026 11:46:25] [INFO] [377/708] laura.hancocks@barbour-abi.com - Online: 0 - Desktop: 0 - Aucune utilisation detectee
[06/08/2026 11:46:25] [INFO] [378/708] laura.hayden@barbour-abi.com - Online: 0 - Desktop: 0 - Aucune utilisation detectee
[06/08/2026 11:46:25] [INFO] [379/708] Laura.Sherrin@infopro-digital.com - Online: 0 - Desktop: 0 - Aucune utilisation detectee
[06/08/2026 11:46:25] [INFO] [380/708] laurence.vassor@infopro-digital.com - Online: 0 - Desktop: 0 - Aucune utilisation detectee
[06/08/2026 11:46:25] [INFO] [381/708] laurent.gigault@etai.fr - Online: 0 - Desktop: 0 - Aucune utilisation detectee
[06/08/2026 11:46:25] [INFO] [382/708] laurent.leenhardt@infopro-digital.com - Online: 0 - Desktop: 0 - Aucune utilisation detectee
[06/08/2026 11:46:25] [INFO] [383/708] laurent.pitoun@infopro-digital.com - Online: 0 - Desktop: 0 - Aucune utilisation detectee
[06/08/2026 11:46:25] [INFO] [384/708] lawrence.tamaklo@infopro-digital.com - Online: 0 - Desktop: 0 - Aucune utilisation detectee
[06/08/2026 11:46:25] [INFO] [385/708] Leah.Quinlan@infopro-digital.com - Online: 0 - Desktop: 0 - Aucune utilisation detectee
[06/08/2026 11:46:25] [INFO] [386/708] lea-ines.caron@infopro-digital.com - Online: 0 - Desktop: 0 - Aucune utilisation detectee
[06/08/2026 11:46:25] [INFO] [387/708] leigh.millar@infopro-digital.com - Online: 0 - Desktop: 0 - Aucune utilisation detectee
[06/08/2026 11:46:25] [INFO] [388/708] Levente.Koroes@infopro-digital.com - Online: 0 - Desktop: 0 - Aucune utilisation detectee
[06/08/2026 11:46:25] [INFO] [389/708] lezandri.de-meyer@infopro-digital.com - Online: 0 - Desktop: 0 - Aucune utilisation detectee
[06/08/2026 11:46:25] [INFO] [390/708] Lily.Bass@infopro-digital.com - Online: 0 - Desktop: 0 - Aucune utilisation detectee
[06/08/2026 11:46:25] [INFO] [391/708] lisa.guillet@inovaxo.fr - Online: 0 - Desktop: 0 - Aucune utilisation detectee
[06/08/2026 11:46:25] [INFO] [392/708] lisa.houssin@infopro-digital.com - Online: 0 - Desktop: 0 - Aucune utilisation detectee
[06/08/2026 11:46:25] [INFO] [393/708] lisa.nedelec@vecteurplus.com - Online: 0 - Desktop: 0 - Aucune utilisation detectee
[06/08/2026 11:46:25] [INFO] [394/708] lois.rey@infopro-digital.com - Online: 0 - Desktop: 1 - Desktop seulement
[06/08/2026 11:46:25] [INFO] [395/708] Lorenzo.CIOFFI@infopro-digital.com - Online: 0 - Desktop: 0 - Aucune utilisation detectee
[06/08/2026 11:46:25] [INFO] [396/708] lotfi.benhammou@infopro-digital.com - Online: 0 - Desktop: 0 - Aucune utilisation detectee
[06/08/2026 11:46:25] [INFO] [397/708] louise.eyre@infopro-digital.com - Online: 0 - Desktop: 0 - Aucune utilisation detectee
[06/08/2026 11:46:25] [INFO] [398/708] Louise.Lim@infopro-digital.com - Online: 0 - Desktop: 0 - Aucune utilisation detectee
[06/08/2026 11:46:25] [INFO] [399/708] Louise.Marshall@infopro-digital.com - Online: 0 - Desktop: 0 - Aucune utilisation detectee
[06/08/2026 11:46:25] [INFO] [400/708] lourenco.gaspar@infopro-digital.com - Online: 0 - Desktop: 0 - Aucune utilisation detectee
[06/08/2026 11:46:25] [INFO] [401/708] Lu.Steinkopf@infopro-digital.com - Online: 0 - Desktop: 3 - Desktop seulement
[06/08/2026 11:46:25] [INFO] [402/708] lucie.blatche@infopro-digital.com - Online: 0 - Desktop: 0 - Aucune utilisation detectee
[06/08/2026 11:46:25] [INFO] [403/708] lucie.frican@infopro-digital.com - Online: 0 - Desktop: 0 - Aucune utilisation detectee
[06/08/2026 11:46:25] [INFO] [404/708] lucie.lecrosnier@infopro-digital.com - Online: 0 - Desktop: 0 - Aucune utilisation detectee
[06/08/2026 11:46:25] [INFO] [405/708] ludivine.dumont@infopro-digital.com - Online: 0 - Desktop: 0 - Aucune utilisation detectee
[06/08/2026 11:46:25] [INFO] [406/708] ludovic.manigot@infopro-digital.com - Online: 0 - Desktop: 0 - Aucune utilisation detectee
[06/08/2026 11:46:25] [INFO] [407/708] luka.durin@infopro-digital.com - Online: 0 - Desktop: 0 - Aucune utilisation detectee
[06/08/2026 11:46:25] [INFO] [408/708] lukas.angerer@infopro-digital.com - Online: 0 - Desktop: 0 - Aucune utilisation detectee
[06/08/2026 11:46:25] [INFO] [409/708] lukas.becker@infopro-digital.com - Online: 0 - Desktop: 0 - Aucune utilisation detectee
[06/08/2026 11:46:25] [INFO] [410/708] luke.clancy@infopro-digital.com - Online: 0 - Desktop: 0 - Aucune utilisation detectee
[06/08/2026 11:46:25] [INFO] [411/708] luke.whiteacre@infopro-digital.com - Online: 0 - Desktop: 0 - Aucune utilisation detectee
[06/08/2026 11:46:25] [INFO] [412/708] madisone.vaccarin@infopro-digital.com - Online: 0 - Desktop: 0 - Aucune utilisation detectee
[06/08/2026 11:46:25] [INFO] [413/708] mael.gombert@infopro-digital.com - Online: 0 - Desktop: 0 - Aucune utilisation detectee
[06/08/2026 11:46:25] [INFO] [414/708] maelle.penelon@infopro-digital.com - Online: 0 - Desktop: 0 - Aucune utilisation detectee
[06/08/2026 11:46:25] [INFO] [415/708] maeva.becque@infopro-digital.com - Online: 0 - Desktop: 0 - Aucune utilisation detectee
[06/08/2026 11:46:25] [INFO] [416/708] magdalena.clapaud@infopro-digital.com - Online: 0 - Desktop: 0 - Aucune utilisation detectee
[06/08/2026 11:46:25] [INFO] [417/708] maissa.cayla@infopro-digital.com - Online: 0 - Desktop: 0 - Aucune utilisation detectee
[06/08/2026 11:46:25] [INFO] [418/708] manon.delpech@infopro-digital.com - Online: 0 - Desktop: 0 - Aucune utilisation detectee
[06/08/2026 11:46:25] [INFO] [419/708] manon.rossetti@infopro-digital.com - Online: 0 - Desktop: 0 - Aucune utilisation detectee
[06/08/2026 11:46:25] [INFO] [420/708] manuel.starinieri@infopro-digital.com - Online: 0 - Desktop: 0 - Aucune utilisation detectee
[06/08/2026 11:46:25] [INFO] [421/708] manuela.delaunay@infopro-digital.com - Online: 0 - Desktop: 0 - Aucune utilisation detectee
[06/08/2026 11:46:25] [INFO] [422/708] manuella.denon@infopro-digital.com - Online: 0 - Desktop: 0 - Aucune utilisation detectee
[06/08/2026 11:46:25] [INFO] [423/708] marc.crauffon@infopro-digital.com - Online: 0 - Desktop: 0 - Aucune utilisation detectee
[06/08/2026 11:46:25] [INFO] [424/708] marc.hahnen@infopro-digital.com - Online: 0 - Desktop: 0 - Aucune utilisation detectee
[06/08/2026 11:46:25] [INFO] [425/708] Marc.Schuhmacher@infopro-digital.ch - Online: 0 - Desktop: 0 - Aucune utilisation detectee
[06/08/2026 11:46:25] [INFO] [426/708] Marcel.Chambers@infopro-digital.com - Online: 0 - Desktop: 0 - Aucune utilisation detectee
[06/08/2026 11:46:25] [INFO] [427/708] Marco.Mezzarobba@infopro-digital.com - Online: 0 - Desktop: 0 - Aucune utilisation detectee
[06/08/2026 11:46:25] [INFO] [428/708] marco.salgueiro@infopro-digital.com - Online: 0 - Desktop: 0 - Aucune utilisation detectee
[06/08/2026 11:46:25] [INFO] [429/708] marco.winter@infopro-digital.com - Online: 0 - Desktop: 0 - Aucune utilisation detectee
[06/08/2026 11:46:25] [INFO] [430/708] Margarita.Kats@infopro-digital.com - Online: 0 - Desktop: 0 - Aucune utilisation detectee
[06/08/2026 11:46:25] [INFO] [431/708] margaux.rebours@infopro-digital.com - Online: 0 - Desktop: 0 - Aucune utilisation detectee
[06/08/2026 11:46:25] [INFO] [432/708] margot.lefebvre@infopro-digital.com - Online: 0 - Desktop: 0 - Aucune utilisation detectee
[06/08/2026 11:46:25] [INFO] [433/708] maria.di-sarno@infopro-digital.com - Online: 0 - Desktop: 0 - Aucune utilisation detectee
[06/08/2026 11:46:25] [INFO] [434/708] marie.dagostini@vecteurplus.com - Online: 0 - Desktop: 0 - Aucune utilisation detectee
[06/08/2026 11:46:25] [INFO] [435/708] marie.montel@infopro-digital.com - Online: 0 - Desktop: 0 - Aucune utilisation detectee
[06/08/2026 11:46:25] [INFO] [436/708] marie.riouallon@infopro-digital.com - Online: 0 - Desktop: 0 - Aucune utilisation detectee
[06/08/2026 11:46:25] [INFO] [437/708] marie-antoinette.hugon@infopro-digital.com - Online: 0 - Desktop: 0 - Aucune utilisation detectee
[06/08/2026 11:46:25] [INFO] [438/708] marine.chauvin@infopro-digital.com - Online: 0 - Desktop: 0 - Aucune utilisation detectee
[06/08/2026 11:46:25] [INFO] [439/708] marion.jaeschke@infopro-digital.com - Online: 0 - Desktop: 0 - Aucune utilisation detectee
[06/08/2026 11:46:25] [INFO] [440/708] marion.legoff@vecteurplus.com - Online: 0 - Desktop: 0 - Aucune utilisation detectee
[06/08/2026 11:46:25] [INFO] [441/708] mark.goddard@infopro-digital.com - Online: 0 - Desktop: 0 - Aucune utilisation detectee
[06/08/2026 11:46:25] [INFO] [442/708] Mark.Kirwan@infopro-digital.com - Online: 0 - Desktop: 0 - Aucune utilisation detectee
[06/08/2026 11:46:25] [INFO] [443/708] Markus.Kreimer@infopro-digital.com - Online: 0 - Desktop: 0 - Aucune utilisation detectee
[06/08/2026 11:46:25] [INFO] [444/708] markus.rettkowski@infopro-digital.com - Online: 0 - Desktop: 0 - Aucune utilisation detectee
[06/08/2026 11:46:25] [INFO] [445/708] marta.arnau@infopro-digital.com - Online: 0 - Desktop: 0 - Aucune utilisation detectee
[06/08/2026 11:46:25] [INFO] [446/708] martin.ben-hamou@infopro-digital.com - Online: 0 - Desktop: 0 - Aucune utilisation detectee
[06/08/2026 11:46:25] [INFO] [447/708] Martin.Muerb@infopro-digital.com - Online: 0 - Desktop: 0 - Aucune utilisation detectee
[06/08/2026 11:46:25] [INFO] [448/708] martine.constantinidis@infopro-digital.com - Online: 0 - Desktop: 0 - Aucune utilisation detectee
[06/08/2026 11:46:25] [INFO] [449/708] Martynn.Randall@infopro-digital.com - Online: 0 - Desktop: 0 - Aucune utilisation detectee
[06/08/2026 11:46:25] [INFO] [450/708] marvin.desmazon@infopro-digital.com - Online: 0 - Desktop: 0 - Aucune utilisation detectee
[06/08/2026 11:46:25] [INFO] [451/708] mary-anne.edmonds@infopro-digital.com - Online: 0 - Desktop: 0 - Aucune utilisation detectee
[06/08/2026 11:46:25] [INFO] [452/708] Mason.Gillan-Lee@infopro-digital.com - Online: 0 - Desktop: 0 - Aucune utilisation detectee
[06/08/2026 11:46:25] [INFO] [453/708] mathias.kutt@infopro-digital.com - Online: 0 - Desktop: 0 - Aucune utilisation detectee
[06/08/2026 11:46:25] [INFO] [454/708] mathieu.leturcq@infopro-digital.com - Online: 0 - Desktop: 0 - Aucune utilisation detectee
[06/08/2026 11:46:25] [INFO] [455/708] mathieu.ouvrard@inovaxo.fr - Online: 0 - Desktop: 0 - Aucune utilisation detectee
[06/08/2026 11:46:25] [INFO] [456/708] matt.christie@infopro-digital.com - Online: 0 - Desktop: 0 - Aucune utilisation detectee
[06/08/2026 11:46:25] [INFO] [457/708] matthias.papet@infopro-digital.com - Online: 0 - Desktop: 0 - Aucune utilisation detectee
[06/08/2026 11:46:25] [INFO] [458/708] matthieu.gibert@infopro-digital.com - Online: 0 - Desktop: 0 - Aucune utilisation detectee
[06/08/2026 11:46:25] [INFO] [459/708] maureen.quintin@infopro-digital.com - Online: 0 - Desktop: 0 - Aucune utilisation detectee
[06/08/2026 11:46:25] [INFO] [460/708] mauro.cesa@infopro-digital.com - Online: 0 - Desktop: 0 - Aucune utilisation detectee
[06/08/2026 11:46:25] [INFO] [461/708] maxime.bouyer@infopro-digital.com - Online: 0 - Desktop: 0 - Aucune utilisation detectee
[06/08/2026 11:46:25] [INFO] [462/708] maxime.giraudy@infopro-digital.com - Online: 0 - Desktop: 0 - Aucune utilisation detectee
[06/08/2026 11:46:25] [INFO] [463/708] may-britt.frank-grosse@infopro-digital.com - Online: 0 - Desktop: 0 - Aucune utilisation detectee
[06/08/2026 11:46:25] [INFO] [464/708] med_ali.annabi@infopro-digital.com - Online: 0 - Desktop: 0 - Aucune utilisation detectee
[06/08/2026 11:46:25] [INFO] [465/708] Menghan.Xiao@infopro-digital.com - Online: 0 - Desktop: 0 - Aucune utilisation detectee
[06/08/2026 11:46:25] [INFO] [466/708] meriem.benzaida@infopro-digital.com - Online: 0 - Desktop: 0 - Aucune utilisation detectee
[06/08/2026 11:46:25] [INFO] [467/708] meryem.khayer@infopro-digital.com - Online: 0 - Desktop: 0 - Aucune utilisation detectee
[06/08/2026 11:46:25] [INFO] [468/708] Mia.Wong@infopro-digital.com - Online: 0 - Desktop: 0 - Aucune utilisation detectee
[06/08/2026 11:46:25] [INFO] [469/708] Michael.Chambers@infopro-digital.com - Online: 0 - Desktop: 0 - Aucune utilisation detectee
[06/08/2026 11:46:25] [INFO] [470/708] michael.krampe@infopro-digital.com - Online: 0 - Desktop: 0 - Aucune utilisation detectee
[06/08/2026 11:46:25] [INFO] [471/708] michael.schoepke@infopro-digital.com - Online: 0 - Desktop: 0 - Aucune utilisation detectee
[06/08/2026 11:46:25] [INFO] [472/708] michael.suelzer@infopro-digital.com - Online: 0 - Desktop: 0 - Aucune utilisation detectee
[06/08/2026 11:46:25] [INFO] [473/708] Michael.Wilson@infopro-digital.com - Online: 0 - Desktop: 0 - Aucune utilisation detectee
[06/08/2026 11:46:25] [INFO] [474/708] michelle.godwin@infopro-digital.com - Online: 0 - Desktop: 0 - Aucune utilisation detectee
[06/08/2026 11:46:25] [INFO] [475/708] michelle.hinam@barbour-abi.com - Online: 0 - Desktop: 0 - Aucune utilisation detectee
[06/08/2026 11:46:25] [INFO] [476/708] moaffak.assassa@infopro-digital.com - Online: 0 - Desktop: 0 - Aucune utilisation detectee
[06/08/2026 11:46:26] [INFO] [477/708] mohamed.aliasgar@infopro-digital.com - Online: 0 - Desktop: 0 - Aucune utilisation detectee
[06/08/2026 11:46:26] [INFO] [478/708] mohamed.inaamrachdi@infopro-digital.com - Online: 0 - Desktop: 0 - Aucune utilisation detectee
[06/08/2026 11:46:26] [INFO] [479/708] moncef.habboul@infopro-digital.com - Online: 0 - Desktop: 0 - Aucune utilisation detectee
[06/08/2026 11:46:26] [INFO] [480/708] Monica.Summerville@infopro-digital.com - Online: 0 - Desktop: 0 - Aucune utilisation detectee
[06/08/2026 11:46:26] [INFO] [481/708] monika.ghose@infopro-digital.com - Online: 0 - Desktop: 0 - Aucune utilisation detectee
[06/08/2026 11:46:26] [INFO] [482/708] monique.piedade@infopro-digital.com - Online: 0 - Desktop: 0 - Aucune utilisation detectee
[06/08/2026 11:46:26] [INFO] [483/708] Mujtaba.Pasha@infopro-digital.com - Online: 0 - Desktop: 0 - Aucune utilisation detectee
[06/08/2026 11:46:26] [INFO] [484/708] murilo-godek.oliveira@infopro-digital.com - Online: 0 - Desktop: 0 - Aucune utilisation detectee
[06/08/2026 11:46:26] [INFO] [485/708] myriam.burlin@etai.fr - Online: 0 - Desktop: 0 - Aucune utilisation detectee
[06/08/2026 11:46:26] [INFO] [486/708] n.vandebelt@infopro-digital.com - Online: 0 - Desktop: 0 - Aucune utilisation detectee
[06/08/2026 11:46:26] [INFO] [487/708] nabil.talssi@infopro-digital.com - Online: 0 - Desktop: 0 - Aucune utilisation detectee
[06/08/2026 11:46:26] [INFO] [488/708] nadia.clement@infopro-digital.com - Online: 0 - Desktop: 0 - Aucune utilisation detectee
[06/08/2026 11:46:26] [INFO] [489/708] Naomi.Castellanos@infopro-digital.com - Online: 0 - Desktop: 0 - Aucune utilisation detectee
[06/08/2026 11:46:26] [INFO] [490/708] natascha.haupt@infopro-digital.com - Online: 0 - Desktop: 0 - Aucune utilisation detectee
[06/08/2026 11:46:26] [INFO] [491/708] natasha.santos@infopro-digital.com - Online: 0 - Desktop: 0 - Aucune utilisation detectee
[06/08/2026 11:46:26] [INFO] [492/708] nathalie.armitage@barbour-abi.com - Online: 0 - Desktop: 0 - Aucune utilisation detectee
[06/08/2026 11:46:26] [INFO] [493/708] nathalie.depetro@infopro-digital.com - Online: 0 - Desktop: 0 - Aucune utilisation detectee
[06/08/2026 11:46:26] [INFO] [494/708] nathan.spencer@infopro-digital.com - Online: 0 - Desktop: 0 - Aucune utilisation detectee
[06/08/2026 11:46:26] [INFO] [495/708] Nathanael.Coke@infopro-digital.com - Online: 0 - Desktop: 0 - Aucune utilisation detectee
[06/08/2026 11:46:26] [INFO] [496/708] ngrosdidier@idice.fr - Online: 0 - Desktop: 0 - Aucune utilisation detectee
[06/08/2026 11:46:26] [INFO] [497/708] nicolas.lehovetzki@infopro-digital.com - Online: 0 - Desktop: 1 - Desktop seulement
[06/08/2026 11:46:26] [INFO] [498/708] nicolas.panier@infopro-digital.com - Online: 0 - Desktop: 0 - Aucune utilisation detectee
[06/08/2026 11:46:26] [INFO] [499/708] nicole.dalmeida@infopro-digital.com - Online: 0 - Desktop: 0 - Aucune utilisation detectee
[06/08/2026 11:46:26] [INFO] [500/708] Nigel.Donnelly@infopro-digital.com - Online: 0 - Desktop: 0 - Aucune utilisation detectee
[06/08/2026 11:46:26] [INFO] [501/708] Noel.d'Ablemont-Smith@infopro-digital.com - Online: 0 - Desktop: 0 - Aucune utilisation detectee
[06/08/2026 11:46:26] [INFO] [502/708] noemie.hurel@infopro-digital.com - Online: 0 - Desktop: 0 - Aucune utilisation detectee
[06/08/2026 11:46:26] [INFO] [503/708] noemie.kern@infopro-digital.com - Online: 0 - Desktop: 0 - Aucune utilisation detectee
[06/08/2026 11:46:26] [INFO] [504/708] norbert.jamet@infopro-digital.com - Online: 0 - Desktop: 0 - Aucune utilisation detectee
[06/08/2026 11:46:26] [INFO] [505/708] noura.medjkoune@infopro-digital.com - Online: 0 - Desktop: 0 - Aucune utilisation detectee
[06/08/2026 11:46:26] [INFO] [506/708] olaf.sieker@infopro-digital.com - Online: 0 - Desktop: 0 - Aucune utilisation detectee
[06/08/2026 11:46:26] [INFO] [507/708] olivier.bretzner@infopro-digital.com - Online: 0 - Desktop: 0 - Aucune utilisation detectee
[06/08/2026 11:46:26] [INFO] [508/708] olivier.dragoni@infopro-digital.com - Online: 0 - Desktop: 0 - Aucune utilisation detectee
[06/08/2026 11:46:26] [INFO] [509/708] olivier.lendresse@infopro-digital.com - Online: 0 - Desktop: 0 - Aucune utilisation detectee
[06/08/2026 11:46:26] [INFO] [510/708] olivier.sindezingue@infopro-digital.com - Online: 0 - Desktop: 0 - Aucune utilisation detectee
[06/08/2026 11:46:26] [INFO] [511/708] Paola.Vergine@infopro-digital.com - Online: 0 - Desktop: 0 - Aucune utilisation detectee
[06/08/2026 11:46:26] [INFO] [512/708] papa-arona.ndiaye@infopro-digital.com - Online: 0 - Desktop: 0 - Aucune utilisation detectee
[06/08/2026 11:46:26] [INFO] [513/708] pascaline.gojin@achatpublic.com - Online: 0 - Desktop: 0 - Aucune utilisation detectee
[06/08/2026 11:46:26] [INFO] [514/708] patricia.pertus-vaillant@infopro-digital.com - Online: 0 - Desktop: 0 - Aucune utilisation detectee
[06/08/2026 11:46:26] [INFO] [515/708] patrick.hurel@infopro-digital.com - Online: 0 - Desktop: 0 - Aucune utilisation detectee
[06/08/2026 11:46:26] [INFO] [516/708] patrick.schulte-loh@infopro-digital.com - Online: 0 - Desktop: 0 - Aucune utilisation detectee
[06/08/2026 11:46:26] [INFO] [517/708] paul.akehurst@infopro-digital.com - Online: 0 - Desktop: 0 - Aucune utilisation detectee
[06/08/2026 11:46:26] [INFO] [518/708] paul.hermelin@infopro-digital.com - Online: 0 - Desktop: 0 - Aucune utilisation detectee
[06/08/2026 11:46:26] [INFO] [519/708] paul.raffour@infopro-digital.com - Online: 0 - Desktop: 0 - Aucune utilisation detectee
[06/08/2026 11:46:26] [INFO] [520/708] pauline.rodriguez@vecteurplus.com - Online: 0 - Desktop: 0 - Aucune utilisation detectee
[06/08/2026 11:46:26] [INFO] [521/708] pauline.touze@infopro-digital.com - Online: 0 - Desktop: 0 - Aucune utilisation detectee
[06/08/2026 11:46:26] [INFO] [522/708] Perpetua.Ngo@infopro-digital.com - Online: 0 - Desktop: 0 - Aucune utilisation detectee
[06/08/2026 11:46:26] [INFO] [523/708] peter.royle@infopro-digital.com - Online: 0 - Desktop: 0 - Aucune utilisation detectee
[06/08/2026 11:46:26] [INFO] [524/708] Peter.Szokolai@infopro-digital.com - Online: 0 - Desktop: 0 - Aucune utilisation detectee
[06/08/2026 11:46:26] [INFO] [525/708] philip.alexander@infopro-digital.com - Online: 0 - Desktop: 0 - Aucune utilisation detectee
[06/08/2026 11:46:26] [INFO] [526/708] Philip.Harding@infopro-digital.com - Online: 0 - Desktop: 0 - Aucune utilisation detectee
[06/08/2026 11:46:26] [INFO] [527/708] Philip.Monaghan@infopro-digital.com - Online: 0 - Desktop: 0 - Aucune utilisation detectee
[06/08/2026 11:46:26] [INFO] [528/708] philippe.amelant-brunie@infopro-digital.com - Online: 0 - Desktop: 0 - Aucune utilisation detectee
[06/08/2026 11:46:26] [INFO] [529/708] philippine.dufourt@infopro-digital.com - Online: 0 - Desktop: 0 - Aucune utilisation detectee
[06/08/2026 11:46:26] [INFO] [530/708] Phoebe.Haywood@infopro-digital.com - Online: 0 - Desktop: 0 - Aucune utilisation detectee
[06/08/2026 11:46:26] [INFO] [531/708] pierre.ekounga@infopro-digital.com - Online: 0 - Desktop: 0 - Aucune utilisation detectee
[06/08/2026 11:46:26] [INFO] [532/708] pierre.koessler@infopro-digital.com - Online: 0 - Desktop: 0 - Aucune utilisation detectee
[06/08/2026 11:46:26] [INFO] [533/708] pierre.mirlit@infopro-digital.com - Online: 0 - Desktop: 0 - Aucune utilisation detectee
[06/08/2026 11:46:26] [INFO] [534/708] pierre-dominique.lucas@infopro-digital.com - Online: 0 - Desktop: 0 - Aucune utilisation detectee
[06/08/2026 11:46:26] [INFO] [535/708] pilotage.BI.IPDA_gmail.com#EXT#@infoprodigital365.onmicrosoft.com - Online: 0 - Desktop: 0 - Aucune utilisation detectee
[06/08/2026 11:46:26] [INFO] [536/708] pilote.BI.IPDA_gmail.com#EXT#@infoprodigital365.onmicrosoft.com - Online: 0 - Desktop: 0 - Aucune utilisation detectee
[06/08/2026 11:46:26] [INFO] [537/708] powerautomate@infopro-digital.ch - Online: 0 - Desktop: 0 - Aucune utilisation detectee
[06/08/2026 11:46:26] [INFO] [538/708] power-data@infopro-digital.com - Online: 0 - Desktop: 0 - Aucune utilisation detectee
[06/08/2026 11:46:26] [INFO] [539/708] priscilla.cogan@infopro-digital.com - Online: 0 - Desktop: 0 - Aucune utilisation detectee
[06/08/2026 11:46:26] [INFO] [540/708] project_status_hosting@infopro-digital.com - Online: 0 - Desktop: 0 - Aucune utilisation detectee
[06/08/2026 11:46:26] [INFO] [541/708] quentin.lehetet@infopro-digital.com - Online: 0 - Desktop: 0 - Aucune utilisation detectee
[06/08/2026 11:46:26] [INFO] [542/708] quentin.walravens@infopro-digital.com - Online: 0 - Desktop: 0 - Aucune utilisation detectee
[06/08/2026 11:46:26] [INFO] [543/708] quim.lopez@infopro-digital.com - Online: 0 - Desktop: 0 - Aucune utilisation detectee
[06/08/2026 11:46:26] [INFO] [544/708] rafany.oliveira@infopro-digital.com - Online: 0 - Desktop: 0 - Aucune utilisation detectee
[06/08/2026 11:46:26] [INFO] [545/708] rainer.tenbosch@infopro-digital.com - Online: 0 - Desktop: 0 - Aucune utilisation detectee
[06/08/2026 11:46:26] [INFO] [546/708] raphael.bayen@infopro-digital.com - Online: 0 - Desktop: 0 - Aucune utilisation detectee
[06/08/2026 11:46:26] [INFO] [547/708] raphael.coustillas@infopro-digital.com - Online: 0 - Desktop: 0 - Aucune utilisation detectee
[06/08/2026 11:46:26] [INFO] [548/708] raphaelle.mestrez@ebp.be - Online: 0 - Desktop: 0 - Aucune utilisation detectee
[06/08/2026 11:46:26] [INFO] [549/708] Rebekah.Tunstead@infopro-digital.com - Online: 0 - Desktop: 0 - Aucune utilisation detectee
[06/08/2026 11:46:26] [INFO] [550/708] regis.sandrin@infopro-digital.com - Online: 0 - Desktop: 0 - Aucune utilisation detectee
[06/08/2026 11:46:26] [INFO] [551/708] remy.bouba@infopro-digital.com - Online: 0 - Desktop: 0 - Aucune utilisation detectee
[06/08/2026 11:46:26] [INFO] [552/708] Rhys.Bush@red-on-line.com - Online: 0 - Desktop: 0 - Aucune utilisation detectee
[06/08/2026 11:46:26] [INFO] [553/708] richard.barker@infopro-digital.com - Online: 0 - Desktop: 0 - Aucune utilisation detectee
[06/08/2026 11:46:26] [INFO] [554/708] Richard.Murphy@red-on-line.com - Online: 0 - Desktop: 0 - Aucune utilisation detectee
[06/08/2026 11:46:26] [INFO] [555/708] Richard.OToole@infopro-digital.com - Online: 0 - Desktop: 0 - Aucune utilisation detectee
[06/08/2026 11:46:26] [INFO] [556/708] richard.pennington@barbour-abi.com - Online: 0 - Desktop: 0 - Aucune utilisation detectee
[06/08/2026 11:46:26] [INFO] [557/708] ritu.shandal@infopro-digital.com - Online: 0 - Desktop: 0 - Aucune utilisation detectee
[06/08/2026 11:46:26] [INFO] [558/708] rob.evers@infopro-digital.com - Online: 0 - Desktop: 0 - Aucune utilisation detectee
[06/08/2026 11:46:26] [INFO] [559/708] rob.farrington@barbour-abi.com - Online: 0 - Desktop: 0 - Aucune utilisation detectee
[06/08/2026 11:46:26] [INFO] [560/708] rob.mannix@infopro-digital.com - Online: 0 - Desktop: 0 - Aucune utilisation detectee
[06/08/2026 11:46:26] [INFO] [561/708] Rob.Wills@infopro-digital.com - Online: 0 - Desktop: 0 - Aucune utilisation detectee
[06/08/2026 11:46:26] [INFO] [562/708] Robert.Alexander@infopro-digital.com - Online: 0 - Desktop: 0 - Aucune utilisation detectee
[06/08/2026 11:46:26] [INFO] [563/708] robert.baker@barbour-abi.com - Online: 0 - Desktop: 0 - Aucune utilisation detectee
[06/08/2026 11:46:26] [INFO] [564/708] romain.martineau@etai.fr - Online: 0 - Desktop: 0 - Aucune utilisation detectee
[06/08/2026 11:46:26] [INFO] [565/708] romain.mazon@lagazettedescommunes.com - Online: 0 - Desktop: 0 - Aucune utilisation detectee
[06/08/2026 11:46:26] [INFO] [566/708] romain.nicolle@infopro-digital.com - Online: 0 - Desktop: 0 - Aucune utilisation detectee
[06/08/2026 11:46:26] [INFO] [567/708] ron.verstegen@infopro-digital.com - Online: 0 - Desktop: 0 - Aucune utilisation detectee
[06/08/2026 11:46:26] [INFO] [568/708] Ronald.Ihm@infopro-digital.ch - Online: 0 - Desktop: 0 - Aucune utilisation detectee
[06/08/2026 11:46:26] [INFO] [569/708] rosa.grewe@infopro-digital.com - Online: 0 - Desktop: 0 - Aucune utilisation detectee
[06/08/2026 11:46:26] [INFO] [570/708] rosa.martin@infopro-digital.com - Online: 0 - Desktop: 0 - Aucune utilisation detectee
[06/08/2026 11:46:26] [INFO] [571/708] Rosie.Simms@infopro-digital.com - Online: 0 - Desktop: 0 - Aucune utilisation detectee
[06/08/2026 11:46:26] [INFO] [572/708] Ruairi.Cotter@infopro-digital.com - Online: 0 - Desktop: 0 - Aucune utilisation detectee
[06/08/2026 11:46:26] [INFO] [573/708] rudy.benoit@infopro-digital.com - Online: 0 - Desktop: 0 - Aucune utilisation detectee
[06/08/2026 11:46:26] [INFO] [574/708] rute.mendonca@infopro-digital.com - Online: 0 - Desktop: 0 - Aucune utilisation detectee
[06/08/2026 11:46:26] [INFO] [575/708] saad.nasrallah@infopro-digital.com - Online: 0 - Desktop: 0 - Aucune utilisation detectee
[06/08/2026 11:46:26] [INFO] [576/708] Sabin.Stoica@infopro-digital.com - Online: 0 - Desktop: 0 - Aucune utilisation detectee
[06/08/2026 11:46:26] [INFO] [577/708] Sabina.Begum@infopro-digital.com - Online: 0 - Desktop: 0 - Aucune utilisation detectee
[06/08/2026 11:46:26] [INFO] [578/708] sabine.schneider@infopro-digital.com - Online: 0 - Desktop: 0 - Aucune utilisation detectee
[06/08/2026 11:46:26] [INFO] [579/708] sabine.tornow@infopro-digital.com - Online: 0 - Desktop: 0 - Aucune utilisation detectee
[06/08/2026 11:46:26] [INFO] [580/708] Sabrina.Wright@infopro-digital.com - Online: 0 - Desktop: 0 - Aucune utilisation detectee
[06/08/2026 11:46:26] [INFO] [581/708] Sadia.Aery@infopro-digital.com - Online: 0 - Desktop: 0 - Aucune utilisation detectee
[06/08/2026 11:46:26] [INFO] [582/708] sajid.fayyaz@infopro-digital.com - Online: 0 - Desktop: 0 - Aucune utilisation detectee
[06/08/2026 11:46:26] [INFO] [583/708] samuel.wilkes@infopro-digital.com - Online: 0 - Desktop: 0 - Aucune utilisation detectee
[06/08/2026 11:46:26] [INFO] [584/708] sana.hammouda@infopro-digital.com - Online: 0 - Desktop: 0 - Aucune utilisation detectee
[06/08/2026 11:46:26] [INFO] [585/708] sandra.bordier@infopro-digital.com - Online: 0 - Desktop: 0 - Aucune utilisation detectee
[06/08/2026 11:46:26] [INFO] [586/708] sandra.lindner@infopro-digital.com - Online: 0 - Desktop: 0 - Aucune utilisation detectee
[06/08/2026 11:46:26] [INFO] [587/708] sandra.maguarian@infopro-digital.com - Online: 0 - Desktop: 0 - Aucune utilisation detectee
[06/08/2026 11:46:26] [INFO] [588/708] sandra.stallknecht@infopro-digital.com - Online: 0 - Desktop: 0 - Aucune utilisation detectee
[06/08/2026 11:46:26] [INFO] [589/708] sandrine.moussac@infopro-digital.com - Online: 0 - Desktop: 0 - Aucune utilisation detectee
[06/08/2026 11:46:26] [INFO] [590/708] sandy.machado@infopro-digital.com - Online: 0 - Desktop: 0 - Aucune utilisation detectee
[06/08/2026 11:46:26] [INFO] [591/708] sara.maineri@infopro-digital.com - Online: 0 - Desktop: 0 - Aucune utilisation detectee
[06/08/2026 11:46:26] [INFO] [592/708] sarah.banks@infopro-digital.com - Online: 0 - Desktop: 0 - Aucune utilisation detectee
[06/08/2026 11:46:26] [INFO] [593/708] sarah.barday@infopro-digital.com - Online: 0 - Desktop: 0 - Aucune utilisation detectee
[06/08/2026 11:46:26] [INFO] [594/708] sarah.boukhari@infopro-digital.com - Online: 0 - Desktop: 0 - Aucune utilisation detectee
[06/08/2026 11:46:26] [INFO] [595/708] Sarah.Haque@infopro-digital.com - Online: 0 - Desktop: 0 - Aucune utilisation detectee
[06/08/2026 11:46:26] [INFO] [596/708] sarah.loupias@infopro-digital.com - Online: 0 - Desktop: 0 - Aucune utilisation detectee
[06/08/2026 11:46:26] [INFO] [597/708] sarah.olsen@barbour-abi.com - Online: 0 - Desktop: 0 - Aucune utilisation detectee
[06/08/2026 11:46:26] [INFO] [598/708] sarah.stegemann@infopro-digital.com - Online: 0 - Desktop: 0 - Aucune utilisation detectee
[06/08/2026 11:46:26] [INFO] [599/708] sascha.wojewsky@infopro-digital.com - Online: 0 - Desktop: 0 - Aucune utilisation detectee
[06/08/2026 11:46:26] [INFO] [600/708] saskia.schabon@infopro-digital.com - Online: 0 - Desktop: 0 - Aucune utilisation detectee
[06/08/2026 11:46:26] [INFO] [601/708] saskia.toedter@infopro-digital.com - Online: 0 - Desktop: 0 - Aucune utilisation detectee
[06/08/2026 11:46:26] [INFO] [602/708] Scott.McGee@infopro-digital.com - Online: 0 - Desktop: 0 - Aucune utilisation detectee
[06/08/2026 11:46:26] [INFO] [603/708] sean.armstrong@infopro-digital.com - Online: 0 - Desktop: 0 - Aucune utilisation detectee
[06/08/2026 11:46:26] [INFO] [604/708] sean.hayes@infopro-digital.com - Online: 0 - Desktop: 0 - Aucune utilisation detectee
[06/08/2026 11:46:26] [INFO] [605/708] sebastian.martinez-diaz@infopro-digital.com - Online: 0 - Desktop: 0 - Aucune utilisation detectee
[06/08/2026 11:46:26] [INFO] [606/708] sebastien.madec@vecteurplus.com - Online: 0 - Desktop: 0 - Aucune utilisation detectee
[06/08/2026 11:46:26] [INFO] [607/708] sebastien.merle@infopro-digital.com - Online: 0 - Desktop: 2 - Desktop seulement
[06/08/2026 11:46:27] [INFO] [608/708] sebastien.olszanski@infopro-digital.com - Online: 0 - Desktop: 0 - Aucune utilisation detectee
[06/08/2026 11:46:27] [INFO] [609/708] severine.bersauter@infopro-digital.com - Online: 0 - Desktop: 0 - Aucune utilisation detectee
[06/08/2026 11:46:27] [INFO] [610/708] severine.jarrylefort@infopro-digital.com - Online: 0 - Desktop: 0 - Aucune utilisation detectee
[06/08/2026 11:46:27] [INFO] [611/708] sieng-borith.sary@infopro-digital.com - Online: 0 - Desktop: 0 - Aucune utilisation detectee
[06/08/2026 11:46:27] [INFO] [612/708] silvia.ernst@infopro-digital.com - Online: 0 - Desktop: 0 - Aucune utilisation detectee
[06/08/2026 11:46:27] [INFO] [613/708] Simon.Blazeby@infopro-digital.com - Online: 0 - Desktop: 0 - Aucune utilisation detectee
[06/08/2026 11:46:27] [INFO] [614/708] simon.gates@infopro-digital.com - Online: 0 - Desktop: 0 - Aucune utilisation detectee
[06/08/2026 11:46:27] [INFO] [615/708] sina.petrusch@infopro-digital.com - Online: 0 - Desktop: 0 - Aucune utilisation detectee
[06/08/2026 11:46:27] [INFO] [616/708] sinda.hedhili@infopro-digital.com - Online: 0 - Desktop: 0 - Aucune utilisation detectee
[06/08/2026 11:46:27] [INFO] [617/708] skandar.mabrouk@infopro-digital.com - Online: 0 - Desktop: 0 - Aucune utilisation detectee
[06/08/2026 11:46:27] [INFO] [618/708] sofia.belarbi@infopro-digital.com - Online: 0 - Desktop: 0 - Aucune utilisation detectee
[06/08/2026 11:46:27] [INFO] [619/708] sofia.procacciante@infopro-digital.com - Online: 0 - Desktop: 0 - Aucune utilisation detectee
[06/08/2026 11:46:27] [INFO] [620/708] sofiane.bouguettaya@infopro-digital.com - Online: 0 - Desktop: 0 - Aucune utilisation detectee
[06/08/2026 11:46:27] [INFO] [621/708] sophie.cardot@infopro-digital.com - Online: 0 - Desktop: 0 - Aucune utilisation detectee
[06/08/2026 11:46:27] [INFO] [622/708] sophie.ferreira@infopro-digital.com - Online: 0 - Desktop: 0 - Aucune utilisation detectee
[06/08/2026 11:46:27] [INFO] [623/708] sophie.lemenaheze@infopro-digital.com - Online: 0 - Desktop: 0 - Aucune utilisation detectee
[06/08/2026 11:46:27] [INFO] [624/708] sophie.perrotin@infopro-digital.com - Online: 0 - Desktop: 0 - Aucune utilisation detectee
[06/08/2026 11:46:27] [INFO] [625/708] sorana.radulescu@infopro-digital.com - Online: 0 - Desktop: 0 - Aucune utilisation detectee
[06/08/2026 11:46:27] [INFO] [626/708] soraya.makhlouf@infopro-digital.com - Online: 0 - Desktop: 0 - Aucune utilisation detectee
[06/08/2026 11:46:27] [INFO] [627/708] soufiane.aliyat@infopro-digital.com - Online: 0 - Desktop: 0 - Aucune utilisation detectee
[06/08/2026 11:46:27] [INFO] [628/708] stefan.leyendeckers@infopro-digital.com - Online: 0 - Desktop: 0 - Aucune utilisation detectee
[06/08/2026 11:46:27] [INFO] [629/708] stefan.rozok@infopro-digital.com - Online: 0 - Desktop: 1 - Desktop seulement
[06/08/2026 11:46:27] [INFO] [630/708] stefano.rizzo@infopro-digital.com - Online: 0 - Desktop: 0 - Aucune utilisation detectee
[06/08/2026 11:46:27] [INFO] [631/708] steffi.dierking@infopro-digital.com - Online: 0 - Desktop: 0 - Aucune utilisation detectee
[06/08/2026 11:46:27] [INFO] [632/708] stella.farrington@infopro-digital.com - Online: 0 - Desktop: 0 - Aucune utilisation detectee
[06/08/2026 11:46:27] [INFO] [633/708] stephan.westermann@infopro-digital.com - Online: 0 - Desktop: 0 - Aucune utilisation detectee
[06/08/2026 11:46:27] [INFO] [634/708] stephane.ansieau@infopro-digital.com - Online: 0 - Desktop: 2 - Desktop seulement
[06/08/2026 11:46:27] [INFO] [635/708] stephane.magnat@infopro-digital.com - Online: 0 - Desktop: 0 - Aucune utilisation detectee
[06/08/2026 11:46:27] [INFO] [636/708] stephane.philip@infopro-digital.com - Online: 0 - Desktop: 0 - Aucune utilisation detectee
[06/08/2026 11:46:27] [INFO] [637/708] stephanie.gay-torrente@infopro-digital.com - Online: 0 - Desktop: 0 - Aucune utilisation detectee
[06/08/2026 11:46:27] [INFO] [638/708] stephanie.malaret@infopro-digital.com - Online: 0 - Desktop: 0 - Aucune utilisation detectee
[06/08/2026 11:46:27] [INFO] [639/708] stephanie.roger@infopro-digital.com - Online: 0 - Desktop: 0 - Aucune utilisation detectee
[06/08/2026 11:46:27] [INFO] [640/708] steve.andrianirinaharisoa@infopro-digital.com - Online: 0 - Desktop: 1 - Desktop seulement
[06/08/2026 11:46:27] [INFO] [641/708] steven.graca-marques@infopro-digital.com - Online: 0 - Desktop: 0 - Aucune utilisation detectee
[06/08/2026 11:46:27] [INFO] [642/708] susana.rodriguez@infopro-digital.com - Online: 0 - Desktop: 0 - Aucune utilisation detectee
[06/08/2026 11:46:27] [INFO] [643/708] suzanne.durand@infopro-digital.com - Online: 0 - Desktop: 0 - Aucune utilisation detectee
[06/08/2026 11:46:27] [INFO] [644/708] svc_azure_barbour_abi@infopro-digital.com - Online: 0 - Desktop: 0 - Aucune utilisation detectee
[06/08/2026 11:46:27] [INFO] [645/708] svc_finance-se@infoprodigital365.onmicrosoft.com - Online: 0 - Desktop: 0 - Aucune utilisation detectee
[06/08/2026 11:46:27] [INFO] [646/708] sylvain.arnulf@usine-digitale.fr - Online: 0 - Desktop: 0 - Aucune utilisation detectee
[06/08/2026 11:46:27] [INFO] [647/708] sylvain.francois@etai.fr - Online: 0 - Desktop: 0 - Aucune utilisation detectee
[06/08/2026 11:46:27] [INFO] [648/708] sylvain.paucod@etai.fr - Online: 0 - Desktop: 0 - Aucune utilisation detectee
[06/08/2026 11:46:27] [INFO] [649/708] sylvie.gaudy@infopro-digital.com - Online: 0 - Desktop: 0 - Aucune utilisation detectee
[06/08/2026 11:46:27] [INFO] [650/708] sylvie.makunza@infopro-digital.com - Online: 0 - Desktop: 0 - Aucune utilisation detectee
[06/08/2026 11:46:27] [INFO] [651/708] Tami.Smith@infopro-digital.com - Online: 0 - Desktop: 0 - Aucune utilisation detectee
[06/08/2026 11:46:27] [INFO] [652/708] tanja.roth@infopro-digital.com - Online: 0 - Desktop: 0 - Aucune utilisation detectee
[06/08/2026 11:46:27] [INFO] [653/708] Teddi.Muduroglu@infopro-digital.com - Online: 0 - Desktop: 0 - Aucune utilisation detectee
[06/08/2026 11:46:27] [INFO] [654/708] Temour.Machmouchi@infopro-digital.com - Online: 0 - Desktop: 0 - Aucune utilisation detectee
[06/08/2026 11:46:27] [INFO] [655/708] TempleOjutalayo.Asaju@infopro-digital.com - Online: 0 - Desktop: 0 - Aucune utilisation detectee
[06/08/2026 11:46:27] [INFO] [656/708] thibaut.de-jaegher@infopro-digital.com - Online: 0 - Desktop: 0 - Aucune utilisation detectee
[06/08/2026 11:46:27] [INFO] [657/708] thierry.alves@etai.fr - Online: 0 - Desktop: 0 - Aucune utilisation detectee
[06/08/2026 11:46:27] [INFO] [658/708] thomas.bernard@infopro-digital.com - Online: 0 - Desktop: 0 - Aucune utilisation detectee
[06/08/2026 11:46:27] [INFO] [659/708] thomas.daun@infopro-digital.com - Online: 0 - Desktop: 0 - Aucune utilisation detectee
[06/08/2026 11:46:27] [INFO] [660/708] thomas.emming@infopro-digital.com - Online: 0 - Desktop: 0 - Aucune utilisation detectee
[06/08/2026 11:46:27] [INFO] [661/708] thomas.henry@infopro-digital.com - Online: 0 - Desktop: 0 - Aucune utilisation detectee
[06/08/2026 11:46:27] [INFO] [662/708] thomas.huebert@infopro-digital.com - Online: 0 - Desktop: 0 - Aucune utilisation detectee
[06/08/2026 11:46:27] [INFO] [663/708] Thomas.Lake@infopro-digital.com - Online: 0 - Desktop: 0 - Aucune utilisation detectee
[06/08/2026 11:46:27] [INFO] [664/708] thomas.mcpherson@barbour-abi.com - Online: 0 - Desktop: 0 - Aucune utilisation detectee
[06/08/2026 11:46:27] [INFO] [665/708] Thomas.Michalzik@infopro-digital.com - Online: 0 - Desktop: 0 - Aucune utilisation detectee
[06/08/2026 11:46:27] [INFO] [666/708] thomas.nollet@infopro-digital.com - Online: 0 - Desktop: 0 - Aucune utilisation detectee
[06/08/2026 11:46:27] [INFO] [667/708] thomas.roussel@vecteurplus.com - Online: 0 - Desktop: 0 - Aucune utilisation detectee
[06/08/2026 11:46:27] [INFO] [668/708] thomas.wagner@infopro-digital.com - Online: 0 - Desktop: 0 - Aucune utilisation detectee
[06/08/2026 11:46:27] [INFO] [669/708] Thorsten.Koester@infopro-digital.com - Online: 0 - Desktop: 0 - Aucune utilisation detectee
[06/08/2026 11:46:27] [INFO] [670/708] tobias.braszkeit@infopro-digital.com - Online: 0 - Desktop: 0 - Aucune utilisation detectee
[06/08/2026 11:46:27] [INFO] [671/708] tobie-junior-romeo.eloundou@infopro-digital.com - Online: 0 - Desktop: 0 - Aucune utilisation detectee
[06/08/2026 11:46:27] [INFO] [672/708] todd.heligman@infopro-digital.com - Online: 0 - Desktop: 0 - Aucune utilisation detectee
[06/08/2026 11:46:27] [INFO] [673/708] tom.osborn@infopro-digital.com - Online: 0 - Desktop: 0 - Aucune utilisation detectee
[06/08/2026 11:46:27] [INFO] [674/708] tommy.mercier@infopro-digital.com - Online: 0 - Desktop: 0 - Aucune utilisation detectee
[06/08/2026 11:46:27] [INFO] [675/708] tony.cancelliere@infopro-digital.com - Online: 0 - Desktop: 2 - Desktop seulement
[06/08/2026 11:46:27] [INFO] [676/708] tracey.cotton@barbour-abi.com - Online: 0 - Desktop: 0 - Aucune utilisation detectee
[06/08/2026 11:46:27] [INFO] [677/708] Travis.Stock@infopro-digital.com - Online: 0 - Desktop: 0 - Aucune utilisation detectee
[06/08/2026 11:46:27] [INFO] [678/708] Tweety.Tam@infopro-digital.com - Online: 0 - Desktop: 0 - Aucune utilisation detectee
[06/08/2026 11:46:27] [INFO] [679/708] ulrich.fahning@infopro-digital.com - Online: 0 - Desktop: 0 - Aucune utilisation detectee
[06/08/2026 11:46:27] [INFO] [680/708] usama.ashfaq@infopro-digital.com - Online: 0 - Desktop: 0 - Aucune utilisation detectee
[06/08/2026 11:46:27] [INFO] [681/708] Valdas.Suopys@infopro-digital.com - Online: 0 - Desktop: 0 - Aucune utilisation detectee
[06/08/2026 11:46:27] [INFO] [682/708] valerie.lamasse@infopro-digital.com - Online: 0 - Desktop: 0 - Aucune utilisation detectee
[06/08/2026 11:46:27] [INFO] [683/708] Victoria.Young@infopro-digital.com - Online: 0 - Desktop: 0 - Aucune utilisation detectee
[06/08/2026 11:46:27] [INFO] [684/708] vincent.rousseau@inovaxo.fr - Online: 0 - Desktop: 0 - Aucune utilisation detectee
[06/08/2026 11:46:27] [INFO] [685/708] virginia.diaz@infopro-digital.com - Online: 0 - Desktop: 1 - Desktop seulement
[06/08/2026 11:46:27] [INFO] [686/708] vivien.drumel@infopro-digital.com - Online: 0 - Desktop: 0 - Aucune utilisation detectee
[06/08/2026 11:46:27] [INFO] [687/708] vivien.sy@infopro-digital.com - Online: 0 - Desktop: 0 - Aucune utilisation detectee
[06/08/2026 11:46:27] [INFO] [688/708] wajdi.djebbi@infopro-digital.com - Online: 0 - Desktop: 0 - Aucune utilisation detectee
[06/08/2026 11:46:27] [INFO] [689/708] walid.benjrad@infopro-digital.com - Online: 0 - Desktop: 0 - Aucune utilisation detectee
[06/08/2026 11:46:27] [INFO] [690/708] Wayne.McFarlane@infopro-digital.com - Online: 0 - Desktop: 0 - Aucune utilisation detectee
[06/08/2026 11:46:27] [INFO] [691/708] wei-shen.wong@infopro-digital.com - Online: 0 - Desktop: 0 - Aucune utilisation detectee
[06/08/2026 11:46:27] [INFO] [692/708] william.heuang@infopro-digital.com - Online: 0 - Desktop: 1 - Desktop seulement
[06/08/2026 11:46:27] [INFO] [693/708] william.liu@infopro-digital.com - Online: 0 - Desktop: 0 - Aucune utilisation detectee
[06/08/2026 11:46:27] [INFO] [694/708] william.lloyd@barbour-abi.com - Online: 0 - Desktop: 0 - Aucune utilisation detectee
[06/08/2026 11:46:27] [INFO] [695/708] wolfgang.schroeder@infopro-digital.com - Online: 0 - Desktop: 1 - Desktop seulement
[06/08/2026 11:46:27] [INFO] [696/708] Wouter.Klok@infopro-digital.com - Online: 0 - Desktop: 0 - Aucune utilisation detectee
[06/08/2026 11:46:27] [INFO] [697/708] xuan.lam@infopro-digital.com - Online: 0 - Desktop: 0 - Aucune utilisation detectee
[06/08/2026 11:46:27] [INFO] [698/708] yann.ponaire@infopro-digital.com - Online: 0 - Desktop: 0 - Aucune utilisation detectee
[06/08/2026 11:46:27] [INFO] [699/708] yann-bernard.middah@infopro-digital.com - Online: 0 - Desktop: 0 - Aucune utilisation detectee
[06/08/2026 11:46:27] [INFO] [700/708] yannick.vedrines@infopro-digital.com - Online: 0 - Desktop: 0 - Aucune utilisation detectee
[06/08/2026 11:46:27] [INFO] [701/708] yannick.villain@infopro-digital.com - Online: 0 - Desktop: 0 - Aucune utilisation detectee
[06/08/2026 11:46:27] [INFO] [702/708] yasin.benatsi@infopro-digital.com - Online: 0 - Desktop: 0 - Aucune utilisation detectee
[06/08/2026 11:46:27] [INFO] [703/708] Yenny.Lam@infopro-digital.com - Online: 0 - Desktop: 0 - Aucune utilisation detectee
[06/08/2026 11:46:27] [INFO] [704/708] Yvonne.Dueppe@infopro-digital.com - Online: 0 - Desktop: 0 - Aucune utilisation detectee
[06/08/2026 11:46:27] [INFO] [705/708] zoe.demunck@infopro-digital.com - Online: 0 - Desktop: 0 - Aucune utilisation detectee
[06/08/2026 11:46:27] [INFO] [706/708] zoe.schulte@infopro-digital.com - Online: 0 - Desktop: 0 - Aucune utilisation detectee
[06/08/2026 11:46:27] [INFO] [707/708] zoly.rabary@infopro-digital.com - Online: 0 - Desktop: 0 - Aucune utilisation detectee
[06/08/2026 11:46:27] [INFO] [708/708] Zubair.Khushi@infopro-digital.com - Online: 0 - Desktop: 0 - Aucune utilisation detectee
[06/08/2026 11:46:27] [INFO] Export CSV termine : C:\Users\ffaradji-op\Desktop\Mercury script powershell\Comparatif-Utilisation-PowerBI-Desktop-Online.csv
[06/08/2026 11:46:27] [INFO] Export historique termine : C:\Users\ffaradji-op\Desktop\Mercury script powershell\Historique-Connexions-PowerBI-30-jours.csv
[06/08/2026 11:46:28] [INFO] Fin du script - duree totale : 00:02:15.6646363
[06/08/2026 11:46:28] [INFO] Fichier de log : C:\Users\ffaradji-op\Desktop\Mercury script powershell\Rapport-Utilisation-PowerBI.log
