2026-09-17 14:15:40Z [INFO] fethy.faradji@infopro-digital.com -> UserMercury@infopro-digital.com : initialisation (incremental).
2026-09-17 14:15:42Z [WARN] Principal externe non mappable ignore dans ACL source: i:0i.t|ms.sp.ext|6bc3b958-689b-49f5-9006-36d165f30e00@2eea08b8-1972-447b-ad43-d044d042500a (type 32).
2026-09-17 14:15:50Z [WARN] Principal externe non mappable ignore dans ACL source: i:0i.t|ms.sp.ext|6bc3b958-689b-49f5-9006-36d165f30e00@2eea08b8-1972-447b-ad43-d044d042500a (type 32).
2026-09-17 14:16:01Z [WARN] Principal externe non mappable ignore dans ACL source: i:0i.t|ms.sp.ext|6bc3b958-689b-49f5-9006-36d165f30e00@2eea08b8-1972-447b-ad43-d044d042500a (type 32).
2026-09-17 14:16:04Z [WARN] Lien dce4af91-d70d-4d6d-b484-2414a52fc2eb ignore: portee/type non pris en charge (users/edit).
2026-09-17 14:16:05Z [WARN] Lien 747c1491-d1da-4e41-93b7-b6e4ec8c7490 ignore: portee/type non pris en charge (users/edit).
2026-09-17 14:16:08Z [ERROR] 1.docx [item] Exception lors de la définition de « DestinationContentStamp » : « La propriété « DestinationContentStamp » est introuvable dans cet objet. Vérifiez qu’elle existe et qu’elle peut être définie. »
2026-09-17 14:16:08Z [ERROR] am_ko_12072023.xlsx [item] Exception lors de la définition de « DestinationContentStamp » : « La propriété « DestinationContentStamp » est introuvable dans cet objet. Vérifiez qu’elle existe et qu’elle peut être définie. »
2026-09-17 14:16:08Z [ERROR] Analyse SIM vs SF - 20241107 2.xlsx [item] Exception lors de la définition de « DestinationContentStamp » : « La propriété « DestinationContentStamp » est introuvable dans cet objet. Vérifiez qu’elle existe et qu’elle peut être définie. »
2026-09-17 14:16:09Z [ERROR] analyse siret SIM VS SF.xlsx [item] Exception lors de la définition de « DestinationContentStamp » : « La propriété « DestinationContentStamp » est introuvable dans cet objet. Vérifiez qu’elle existe et qu’elle peut être définie. »
2026-09-17 14:16:09Z [ERROR] Analyses Factures Packs 2024-11-26 _retour.xlsx [item] Exception lors de la définition de « DestinationContentStamp » : « La propriété « DestinationContentStamp » est introuvable dans cet objet. Vérifiez qu’elle existe et qu’elle peut être définie. »
2026-09-17 14:16:09Z [ERROR] Analyses Factures Packs 2024-11-26 1.xlsx [item] Exception lors de la définition de « DestinationContentStamp » : « La propriété « DestinationContentStamp » est introuvable dans cet objet. Vérifiez qu’elle existe et qu’elle peut être définie. »
2026-09-17 14:16:09Z [ERROR] Architecture_globale.pptx [item] Exception lors de la définition de « DestinationContentStamp » : « La propriété « DestinationContentStamp » est introuvable dans cet objet. Vérifiez qu’elle existe et qu’elle peut être définie. »
2026-09-17 14:16:09Z [ERROR] ATTESTATION SUR L HONNEUR TELETRAVAIL.docx [item] Exception lors de la définition de « DestinationContentStamp » : « La propriété « DestinationContentStamp » est introuvable dans cet objet. Vérifiez qu’elle existe et qu’elle peut être définie. »
2026-09-17 14:16:09Z [ERROR] avis_from_bim.csv [item] Exception lors de la définition de « DestinationContentStamp » : « La propriété « DestinationContentStamp » est introuvable dans cet objet. Vérifiez qu’elle existe et qu’elle peut être définie. »
2026-09-17 14:16:10Z [ERROR] bu_price.xlsx [item] Exception lors de la définition de « DestinationContentStamp » : « La propriété « DestinationContentStamp » est introuvable dans cet objet. Vérifiez qu’elle existe et qu’elle peut être définie. »
2026-09-17 14:16:10Z [ERROR] champs_sf.xlsx [item] Exception lors de la définition de « DestinationContentStamp » : « La propriété « DestinationContentStamp » est introuvable dans cet objet. Vérifiez qu’elle existe et qu’elle peut être définie. »
2026-09-17 14:16:10Z [ERROR] ChangementsSIRETs-v2 (1).xlsx [item] Exception lors de la définition de « DestinationContentStamp » : « La propriété « DestinationContentStamp » est introuvable dans cet objet. Vérifiez qu’elle existe et qu’elle peut être définie. »
2026-09-17 14:16:10Z [ERROR] Classeur2.xlsx [item] Exception lors de la définition de « DestinationContentStamp » : « La propriété « DestinationContentStamp » est introuvable dans cet objet. Vérifiez qu’elle existe et qu’elle peut être définie. »
2026-09-17 14:16:10Z [ERROR] Classeur3.xlsx [item] Exception lors de la définition de « DestinationContentStamp » : « La propriété « DestinationContentStamp » est introuvable dans cet objet. Vérifiez qu’elle existe et qu’elle peut être définie. »
2026-09-17 14:16:10Z [ERROR] comparaison poc_prod.xlsx [item] Exception lors de la définition de « DestinationContentStamp » : « La propriété « DestinationContentStamp » est introuvable dans cet objet. Vérifiez qu’elle existe et qu’elle peut être définie. »
2026-09-17 14:16:10Z [ERROR] Copie de Copie de Transcodif balises_textes.xlsx [item] Exception lors de la définition de « DestinationContentStamp » : « La propriété « DestinationContentStamp » est introuvable dans cet objet. Vérifiez qu’elle existe et qu’elle peut être définie. »
2026-09-17 14:16:11Z [ERROR] D100124.doc [item] Exception lors de la définition de « DestinationContentStamp » : « La propriété « DestinationContentStamp » est introuvable dans cet objet. Vérifiez qu’elle existe et qu’elle peut être définie. »
2026-09-17 14:16:11Z [ERROR] doc synchro chatpgpt.docx [item] Exception lors de la définition de « DestinationContentStamp » : « La propriété « DestinationContentStamp » est introuvable dans cet objet. Vérifiez qu’elle existe et qu’elle peut être définie. »
2026-09-17 14:16:11Z [ERROR] EDB_monimail.docx [item] Exception lors de la définition de « DestinationContentStamp » : « La propriété « DestinationContentStamp » est introuvable dans cet objet. Vérifiez qu’elle existe et qu’elle peut être définie. »
2026-09-17 14:16:11Z [ERROR] errPub.csv [item] Exception lors de la définition de « DestinationContentStamp » : « La propriété « DestinationContentStamp » est introuvable dans cet objet. Vérifiez qu’elle existe et qu’elle peut être définie. »
2026-09-17 14:16:11Z [ERROR] export_licences.xlsx [item] Exception lors de la définition de « DestinationContentStamp » : « La propriété « DestinationContentStamp » est introuvable dans cet objet. Vérifiez qu’elle existe et qu’elle peut être définie. »
2026-09-17 14:16:11Z [ERROR] FETHI @ Infopro Digital [item] Raccourci, package/OneNote ou type special : transfert classique non pris en charge.
2026-09-17 14:16:11Z [ERROR] fethiGates -partie Sharepoint.docx [item] Exception lors de la définition de « DestinationContentStamp » : « La propriété « DestinationContentStamp » est introuvable dans cet objet. Vérifiez qu’elle existe et qu’elle peut être définie. »
2026-09-17 14:16:11Z [ERROR] Fethy @ Infopro Digital [item] Raccourci, package/OneNote ou type special : transfert classique non pris en charge.
2026-09-17 14:16:12Z [ERROR] flux nouveau serveur monimail.xlsx [item] Exception lors de la définition de « DestinationContentStamp » : « La propriété « DestinationContentStamp » est introuvable dans cet objet. Vérifiez qu’elle existe et qu’elle peut être définie. »
2026-09-17 14:16:12Z [ERROR] id_facture.csv [item] Exception lors de la définition de « DestinationContentStamp » : « La propriété « DestinationContentStamp » est introuvable dans cet objet. Vérifiez qu’elle existe et qu’elle peut être définie. »
2026-09-17 14:16:12Z [ERROR] identité_a_rattrapé.csv [item] Exception lors de la définition de « DestinationContentStamp » : « La propriété « DestinationContentStamp » est introuvable dans cet objet. Vérifiez qu’elle existe et qu’elle peut être définie. »
2026-09-17 14:16:12Z [ERROR] insert into sqlserver semaine.xlsx [item] Exception lors de la définition de « DestinationContentStamp » : « La propriété « DestinationContentStamp » est introuvable dans cet objet. Vérifiez qu’elle existe et qu’elle peut être définie. »
2026-09-17 14:16:12Z [ERROR] liste_ID_Stephane.csv [item] Exception lors de la définition de « DestinationContentStamp » : « La propriété « DestinationContentStamp » est introuvable dans cet objet. Vérifiez qu’elle existe et qu’elle peut être définie. »
2026-09-17 14:16:12Z [ERROR] LISTE_OBJETS_TMP.csv [item] Exception lors de la définition de « DestinationContentStamp » : « La propriété « DestinationContentStamp » est introuvable dans cet objet. Vérifiez qu’elle existe et qu’elle peut être définie. »
2026-09-17 14:16:12Z [ERROR] LISTE_OBJETS_TMP.xlsx [item] Exception lors de la définition de « DestinationContentStamp » : « La propriété « DestinationContentStamp » est introuvable dans cet objet. Vérifiez qu’elle existe et qu’elle peut être définie. »
2026-09-17 14:16:13Z [ERROR] matrice de flux.xlsx [item] Exception lors de la définition de « DestinationContentStamp » : « La propriété « DestinationContentStamp » est introuvable dans cet objet. Vérifiez qu’elle existe et qu’elle peut être définie. »
2026-09-17 14:16:13Z [ERROR] mep pouky.xlsx [item] Exception lors de la définition de « DestinationContentStamp » : « La propriété « DestinationContentStamp » est introuvable dans cet objet. Vérifiez qu’elle existe et qu’elle peut être définie. »
2026-09-17 14:16:13Z [ERROR] mise à jour du code rum.xlsx [item] Exception lors de la définition de « DestinationContentStamp » : « La propriété « DestinationContentStamp » est introuvable dans cet objet. Vérifiez qu’elle existe et qu’elle peut être définie. »
2026-09-17 14:16:13Z [ERROR] mise_a_jour_des_seuils.xlsx [item] Exception lors de la définition de « DestinationContentStamp » : « La propriété « DestinationContentStamp » est introuvable dans cet objet. Vérifiez qu’elle existe et qu’elle peut être définie. »
2026-09-17 14:16:13Z [ERROR] Modele_CRA_juillet_2021.xlsx [item] Exception lors de la définition de « DestinationContentStamp » : « La propriété « DestinationContentStamp » est introuvable dans cet objet. Vérifiez qu’elle existe et qu’elle peut être définie. »
2026-09-17 14:16:13Z [ERROR] Monimail new.docx [item] Exception lors de la définition de « DestinationContentStamp » : « La propriété « DestinationContentStamp » est introuvable dans cet objet. Vérifiez qu’elle existe et qu’elle peut être définie. »
2026-09-17 14:16:14Z [ERROR] netoyage order.xlsx [item] Exception lors de la définition de « DestinationContentStamp » : « La propriété « DestinationContentStamp » est introuvable dans cet objet. Vérifiez qu’elle existe et qu’elle peut être définie. »
2026-09-17 14:16:14Z [ERROR] OneDrive - Infopro Digital - Raccourci.lnk [item] Exception lors de la définition de « DestinationContentStamp » : « La propriété « DestinationContentStamp » est introuvable dans cet objet. Vérifiez qu’elle existe et qu’elle peut être définie. »
2026-09-17 14:16:14Z [ERROR] Order MAJ 30-07.csv [item] Exception lors de la définition de « DestinationContentStamp » : « La propriété « DestinationContentStamp » est introuvable dans cet objet. Vérifiez qu’elle existe et qu’elle peut être définie. »
2026-09-17 14:16:14Z [ERROR] Pop up bloqué dans SIMNET.docx [item] Exception lors de la définition de « DestinationContentStamp » : « La propriété « DestinationContentStamp » est introuvable dans cet objet. Vérifiez qu’elle existe et qu’elle peut être définie. »
2026-09-17 14:16:14Z [ERROR] publications_brute.xlsx [item] Exception lors de la définition de « DestinationContentStamp » : « La propriété « DestinationContentStamp » est introuvable dans cet objet. Vérifiez qu’elle existe et qu’elle peut être définie. »
2026-09-17 14:16:14Z [ERROR] Recette problème de support AO.docx [item] Exception lors de la définition de « DestinationContentStamp » : « La propriété « DestinationContentStamp » est introuvable dans cet objet. Vérifiez qu’elle existe et qu’elle peut être définie. »
2026-09-17 14:16:14Z [ERROR] régle de simx_AO_pub.docx [item] Exception lors de la définition de « DestinationContentStamp » : « La propriété « DestinationContentStamp » est introuvable dans cet objet. Vérifiez qu’elle existe et qu’elle peut être définie. »
2026-09-17 14:16:14Z [ERROR] rejet avis 02-08-2024.xlsx [item] Exception lors de la définition de « DestinationContentStamp » : « La propriété « DestinationContentStamp » est introuvable dans cet objet. Vérifiez qu’elle existe et qu’elle peut être définie. »
2026-09-17 14:16:15Z [ERROR] résultat facture.xlsx [item] Exception lors de la définition de « DestinationContentStamp » : « La propriété « DestinationContentStamp » est introuvable dans cet objet. Vérifiez qu’elle existe et qu’elle peut être définie. »
2026-09-17 14:16:15Z [ERROR] Retour_analyse_Facture.xlsx [item] Exception lors de la définition de « DestinationContentStamp » : « La propriété « DestinationContentStamp » est introuvable dans cet objet. Vérifiez qu’elle existe et qu’elle peut être définie. »
2026-09-17 14:16:15Z [ERROR] suivi_market_2023.xlsx [item] Exception lors de la définition de « DestinationContentStamp » : « La propriété « DestinationContentStamp » est introuvable dans cet objet. Vérifiez qu’elle existe et qu’elle peut être définie. »
2026-09-17 14:16:15Z [ERROR] suport_monimail.xlsx [item] Exception lors de la définition de « DestinationContentStamp » : « La propriété « DestinationContentStamp » est introuvable dans cet objet. Vérifiez qu’elle existe et qu’elle peut être définie. »
2026-09-17 14:16:15Z [ERROR] Téléchargements - Raccourci.lnk [item] Exception lors de la définition de « DestinationContentStamp » : « La propriété « DestinationContentStamp » est introuvable dans cet objet. Vérifiez qu’elle existe et qu’elle peut être définie. »
2026-09-17 14:16:15Z [ERROR] test.xlsx [item] Exception lors de la définition de « DestinationContentStamp » : « La propriété « DestinationContentStamp » est introuvable dans cet objet. Vérifiez qu’elle existe et qu’elle peut être définie. »
2026-09-17 14:16:15Z [ERROR] update_delete_order.xlsx [item] Exception lors de la définition de « DestinationContentStamp » : « La propriété « DestinationContentStamp » est introuvable dans cet objet. Vérifiez qu’elle existe et qu’elle peut être définie. »
2026-09-17 14:16:16Z [ERROR] vérifications de procédure de reporting.docx [item] Exception lors de la définition de « DestinationContentStamp » : « La propriété « DestinationContentStamp » est introuvable dans cet objet. Vérifiez qu’elle existe et qu’elle peut être définie. »
2026-09-17 14:16:16Z [INFO] Avancement : 51 fichiers, 23 dossiers, RAM processus 697 Mio.
2026-09-17 14:16:17Z [INFO] Avancement : 51 fichiers, 24 dossiers, RAM processus 696 Mio.
2026-09-17 14:16:17Z [INFO] Avancement : 51 fichiers, 24 dossiers, RAM processus 696 Mio.
2026-09-17 14:16:45Z [ERROR] Bureau/~$sim_ta_utlis_recette.xlsx [item] Exception lors de la définition de « DestinationContentStamp » : « La propriété « DestinationContentStamp » est introuvable dans cet objet. Vérifiez qu’elle existe et qu’elle peut être définie. »
2026-09-17 14:16:45Z [ERROR] Bureau/BIM-semaine de publications.docx [item] Exception lors de la définition de « DestinationContentStamp » : « La propriété « DestinationContentStamp » est introuvable dans cet objet. Vérifiez qu’elle existe et qu’elle peut être définie. »
2026-09-17 14:16:45Z [ERROR] Bureau/champs_sf.xlsx [item] Exception lors de la définition de « DestinationContentStamp » : « La propriété « DestinationContentStamp » est introuvable dans cet objet. Vérifiez qu’elle existe et qu’elle peut être définie. »
2026-09-17 14:16:45Z [ERROR] Bureau/debug fac.sql [item] Exception lors de la définition de « DestinationContentStamp » : « La propriété « DestinationContentStamp » est introuvable dans cet objet. Vérifiez qu’elle existe et qu’elle peut être définie. »
2026-09-17 14:16:45Z [ERROR] Bureau/export.xlsx [item] Exception lors de la définition de « DestinationContentStamp » : « La propriété « DestinationContentStamp » est introuvable dans cet objet. Vérifiez qu’elle existe et qu’elle peut être définie. »
2026-09-17 14:16:45Z [ERROR] Bureau/export_avis.xlsx [item] Exception lors de la définition de « DestinationContentStamp » : « La propriété « DestinationContentStamp » est introuvable dans cet objet. Vérifiez qu’elle existe et qu’elle peut être définie. »
2026-09-17 14:16:45Z [ERROR] Bureau/export_licences.xlsx [item] Exception lors de la définition de « DestinationContentStamp » : « La propriété « DestinationContentStamp » est introuvable dans cet objet. Vérifiez qu’elle existe et qu’elle peut être définie. »
2026-09-17 14:16:46Z [ERROR] Bureau/Expression de Besoin sécurisation de creamodifad.docx [item] Exception lors de la définition de « DestinationContentStamp » : « La propriété « DestinationContentStamp » est introuvable dans cet objet. Vérifiez qu’elle existe et qu’elle peut être définie. »
2026-09-17 14:16:46Z [ERROR] Bureau/extract_01_controle_intranet.xlsx [item] Exception lors de la définition de « DestinationContentStamp » : « La propriété « DestinationContentStamp » est introuvable dans cet objet. Vérifiez qu’elle existe et qu’elle peut être définie. »
2026-09-17 14:16:46Z [ERROR] Bureau/fethiGates -partie OneDrive.docx [item] Exception lors de la définition de « DestinationContentStamp » : « La propriété « DestinationContentStamp » est introuvable dans cet objet. Vérifiez qu’elle existe et qu’elle peut être définie. »
2026-09-17 14:16:46Z [ERROR] Bureau/fethiGates -partie Sharepoint.docx [item] Exception lors de la définition de « DestinationContentStamp » : « La propriété « DestinationContentStamp » est introuvable dans cet objet. Vérifiez qu’elle existe et qu’elle peut être définie. »
2026-09-17 14:16:46Z [ERROR] Bureau/Fichiers_Absents_20250703120105.csv [item] Exception lors de la définition de « DestinationContentStamp » : « La propriété « DestinationContentStamp » est introuvable dans cet objet. Vérifiez qu’elle existe et qu’elle peut être définie. »
2026-09-17 14:16:46Z [ERROR] Bureau/Fichiers_Absents_20250703150300.csv [item] Exception lors de la définition de « DestinationContentStamp » : « La propriété « DestinationContentStamp » est introuvable dans cet objet. Vérifiez qu’elle existe et qu’elle peut être définie. »
2026-09-17 14:16:46Z [ERROR] Bureau/id_avis_import.csv [item] Exception lors de la définition de « DestinationContentStamp » : « La propriété « DestinationContentStamp » est introuvable dans cet objet. Vérifiez qu’elle existe et qu’elle peut être définie. »
2026-09-17 14:16:47Z [ERROR] Bureau/import_PREPROD.xlsx [item] Exception lors de la définition de « DestinationContentStamp » : « La propriété « DestinationContentStamp » est introuvable dans cet objet. Vérifiez qu’elle existe et qu’elle peut être définie. »
2026-09-17 14:16:47Z [ERROR] Bureau/INFOPRO DIGITAL (Prod).html [item] Exception lors de la définition de « DestinationContentStamp » : « La propriété « DestinationContentStamp » est introuvable dans cet objet. Vérifiez qu’elle existe et qu’elle peut être définie. »
2026-09-17 14:16:47Z [ERROR] Bureau/infopro-logo-petit.png [item] Exception lors de la définition de « DestinationContentStamp » : « La propriété « DestinationContentStamp » est introuvable dans cet objet. Vérifiez qu’elle existe et qu’elle peut être définie. »
2026-09-17 14:16:47Z [ERROR] Bureau/Insert Errors Avis__c 09-01-2025.txt [item] Exception lors de la définition de « DestinationContentStamp » : « La propriété « DestinationContentStamp » est introuvable dans cet objet. Vérifiez qu’elle existe et qu’elle peut être définie. »
2026-09-17 14:16:47Z [ERROR] Bureau/Insert Errors Consommation_UP__c 16-12-2024.txt [item] Exception lors de la définition de « DestinationContentStamp » : « La propriété « DestinationContentStamp » est introuvable dans cet objet. Vérifiez qu’elle existe et qu’elle peut être définie. »
2026-09-17 14:16:47Z [ERROR] Bureau/lance_SSMS_ffaradji-op.bat [item] Exception lors de la définition de « DestinationContentStamp » : « La propriété « DestinationContentStamp » est introuvable dans cet objet. Vérifiez qu’elle existe et qu’elle peut être définie. »
2026-09-17 14:16:47Z [ERROR] Bureau/lance_VS_ffaradji-op.bat [item] Exception lors de la définition de « DestinationContentStamp » : « La propriété « DestinationContentStamp » est introuvable dans cet objet. Vérifiez qu’elle existe et qu’elle peut être définie. »
2026-09-17 14:16:48Z [ERROR] Bureau/livraisonKPI 20250428.zip [item] Exception lors de la définition de « DestinationContentStamp » : « La propriété « DestinationContentStamp » est introuvable dans cet objet. Vérifiez qu’elle existe et qu’elle peut être définie. »
2026-09-17 14:16:48Z [ERROR] Bureau/Log_erreur20250703120116.csv [item] Exception lors de la définition de « DestinationContentStamp » : « La propriété « DestinationContentStamp » est introuvable dans cet objet. Vérifiez qu’elle existe et qu’elle peut être définie. »
2026-09-17 14:16:48Z [ERROR] Bureau/Log_erreur20250703150332.csv [item] Exception lors de la définition de « DestinationContentStamp » : « La propriété « DestinationContentStamp » est introuvable dans cet objet. Vérifiez qu’elle existe et qu’elle peut être définie. »
2026-09-17 14:16:48Z [ERROR] Bureau/Log_erreur20250703150709.csv [item] Exception lors de la définition de « DestinationContentStamp » : « La propriété « DestinationContentStamp » est introuvable dans cet objet. Vérifiez qu’elle existe et qu’elle peut être définie. »
2026-09-17 14:16:48Z [ERROR] Bureau/Log_Execution20250703170324.txt [item] Exception lors de la définition de « DestinationContentStamp » : « La propriété « DestinationContentStamp » est introuvable dans cet objet. Vérifiez qu’elle existe et qu’elle peut être définie. »
2026-09-17 14:16:48Z [ERROR] Bureau/logo_mail.png [item] Exception lors de la définition de « DestinationContentStamp » : « La propriété « DestinationContentStamp » est introuvable dans cet objet. Vérifiez qu’elle existe et qu’elle peut être définie. »
2026-09-17 14:16:48Z [ERROR] Bureau/logo_mail_petit.png [item] Exception lors de la définition de « DestinationContentStamp » : « La propriété « DestinationContentStamp » est introuvable dans cet objet. Vérifiez qu’elle existe et qu’elle peut être définie. »
2026-09-17 14:16:48Z [ERROR] Bureau/logo_mail2.png [item] Exception lors de la définition de « DestinationContentStamp » : « La propriété « DestinationContentStamp » est introuvable dans cet objet. Vérifiez qu’elle existe et qu’elle peut être définie. »
2026-09-17 14:16:49Z [ERROR] Bureau/marches-online-logo-vector.jpg [item] Exception lors de la définition de « DestinationContentStamp » : « La propriété « DestinationContentStamp » est introuvable dans cet objet. Vérifiez qu’elle existe et qu’elle peut être définie. »
2026-09-17 14:16:49Z [ERROR] Bureau/marches-online-logo-vector.png [item] Exception lors de la définition de « DestinationContentStamp » : « La propriété « DestinationContentStamp » est introuvable dans cet objet. Vérifiez qu’elle existe et qu’elle peut être définie. »
2026-09-17 14:16:49Z [ERROR] Bureau/mep 20241014.zip [item] Exception lors de la définition de « DestinationContentStamp » : « La propriété « DestinationContentStamp » est introuvable dans cet objet. Vérifiez qu’elle existe et qu’elle peut être définie. »
2026-09-17 14:16:49Z [ERROR] Bureau/mep 20250113.zip [item] Exception lors de la définition de « DestinationContentStamp » : « La propriété « DestinationContentStamp » est introuvable dans cet objet. Vérifiez qu’elle existe et qu’elle peut être définie. »
2026-09-17 14:16:49Z [ERROR] Bureau/mep 20250129.zip [item] Exception lors de la définition de « DestinationContentStamp » : « La propriété « DestinationContentStamp » est introuvable dans cet objet. Vérifiez qu’elle existe et qu’elle peut être définie. »
2026-09-17 14:16:49Z [ERROR] Bureau/mep synchro 20241007.zip [item] Exception lors de la définition de « DestinationContentStamp » : « La propriété « DestinationContentStamp » est introuvable dans cet objet. Vérifiez qu’elle existe et qu’elle peut être définie. »
2026-09-17 14:16:49Z [ERROR] Bureau/mep_sim20250612.zip [item] Exception lors de la définition de « DestinationContentStamp » : « La propriété « DestinationContentStamp » est introuvable dans cet objet. Vérifiez qu’elle existe et qu’elle peut être définie. »
2026-09-17 14:16:50Z [ERROR] Bureau/mep20250225.zip [item] Exception lors de la définition de « DestinationContentStamp » : « La propriété « DestinationContentStamp » est introuvable dans cet objet. Vérifiez qu’elle existe et qu’elle peut être définie. »
2026-09-17 14:16:50Z [ERROR] Bureau/mep20250603.zip [item] Exception lors de la définition de « DestinationContentStamp » : « La propriété « DestinationContentStamp » est introuvable dans cet objet. Vérifiez qu’elle existe et qu’elle peut être définie. »
2026-09-17 14:16:50Z [ERROR] Bureau/Microsoft Teams.lnk [item] Exception lors de la définition de « DestinationContentStamp » : « La propriété « DestinationContentStamp » est introuvable dans cet objet. Vérifiez qu’elle existe et qu’elle peut être définie. »
2026-09-17 14:16:50Z [ERROR] Bureau/mise_a_jour_des_seuils.xlsx [item] Exception lors de la définition de « DestinationContentStamp » : « La propriété « DestinationContentStamp » est introuvable dans cet objet. Vérifiez qu’elle existe et qu’elle peut être définie. »
2026-09-17 14:16:50Z [ERROR] Bureau/mise_a_jour_des_tarifs_de_publications.sql [item] Exception lors de la définition de « DestinationContentStamp » : « La propriété « DestinationContentStamp » est introuvable dans cet objet. Vérifiez qu’elle existe et qu’elle peut être définie. »
2026-09-17 14:16:50Z [ERROR] Bureau/mise_a_jour_nature_avis.csv [item] Exception lors de la définition de « DestinationContentStamp » : « La propriété « DestinationContentStamp » est introuvable dans cet objet. Vérifiez qu’elle existe et qu’elle peut être définie. »
2026-09-17 14:16:50Z [ERROR] Bureau/nouveau 52.txt [item] Exception lors de la définition de « DestinationContentStamp » : « La propriété « DestinationContentStamp » est introuvable dans cet objet. Vérifiez qu’elle existe et qu’elle peut être définie. »
2026-09-17 14:16:51Z [ERROR] Bureau/panoramic-view-mesmerizing-sahara-desert-sunset-concept-travel-photography-sunset-views-sahara-desert-panoramic-landscapes_864588-214280.jpg [item] Exception lors de la définition de « DestinationContentStamp » : « La propriété « DestinationContentStamp » est introuvable dans cet objet. Vérifiez qu’elle existe et qu’elle peut être définie. »
2026-09-17 14:16:51Z [ERROR] Bureau/PC10031.cer [item] Exception lors de la définition de « DestinationContentStamp » : « La propriété « DestinationContentStamp » est introuvable dans cet objet. Vérifiez qu’elle existe et qu’elle peut être définie. »
2026-09-17 14:16:51Z [ERROR] Bureau/PC10031.pfx [item] Exception lors de la définition de « DestinationContentStamp » : « La propriété « DestinationContentStamp » est introuvable dans cet objet. Vérifiez qu’elle existe et qu’elle peut être définie. »
2026-09-17 14:16:51Z [ERROR] Bureau/presque finit.sql [item] Exception lors de la définition de « DestinationContentStamp » : « La propriété « DestinationContentStamp » est introuvable dans cet objet. Vérifiez qu’elle existe et qu’elle peut être définie. »
2026-09-17 14:16:51Z [ERROR] Bureau/probleme easyvista date de fin.docx [item] Exception lors de la définition de « DestinationContentStamp » : « La propriété « DestinationContentStamp » est introuvable dans cet objet. Vérifiez qu’elle existe et qu’elle peut être définie. »
2026-09-17 14:16:51Z [ERROR] Bureau/PUBLICATIONS_SF2.sql [item] Exception lors de la définition de « DestinationContentStamp » : « La propriété « DestinationContentStamp » est introuvable dans cet objet. Vérifiez qu’elle existe et qu’elle peut être définie. »
2026-09-17 14:16:51Z [ERROR] Bureau/rattrapage_synchro_sim_sf_20200101_20241101.sql [item] Exception lors de la définition de « DestinationContentStamp » : « La propriété « DestinationContentStamp » est introuvable dans cet objet. Vérifiez qu’elle existe et qu’elle peut être définie. »
2026-09-17 14:16:52Z [ERROR] Bureau/rattrapage_synchro_sim_sf_20200101_20241101_2.sql [item] Exception lors de la définition de « DestinationContentStamp » : « La propriété « DestinationContentStamp » est introuvable dans cet objet. Vérifiez qu’elle existe et qu’elle peut être définie. »
2026-09-17 14:16:52Z [ERROR] Bureau/Re Ajout de l'AD Gutwinski au Datawarehouse sécu..msg [item] Exception lors de la définition de « DestinationContentStamp » : « La propriété « DestinationContentStamp » est introuvable dans cet objet. Vérifiez qu’elle existe et qu’elle peut être définie. »
2026-09-17 14:16:52Z [ERROR] Bureau/Redemarrer le serveur PASEO.docx [item] Exception lors de la définition de « DestinationContentStamp » : « La propriété « DestinationContentStamp » est introuvable dans cet objet. Vérifiez qu’elle existe et qu’elle peut être définie. »
2026-09-17 14:16:52Z [ERROR] Bureau/référentiel refacturation.xlsx [item] Exception lors de la définition de « DestinationContentStamp » : « La propriété « DestinationContentStamp » est introuvable dans cet objet. Vérifiez qu’elle existe et qu’elle peut être définie. »
2026-09-17 14:16:52Z [ERROR] Bureau/référentiel_creamodif-AD.xlsx [item] Exception lors de la définition de « DestinationContentStamp » : « La propriété « DestinationContentStamp » est introuvable dans cet objet. Vérifiez qu’elle existe et qu’elle peut être définie. »
2026-09-17 14:16:52Z [ERROR] Bureau/resultat_fichier_abs_dest.csv [item] Exception lors de la définition de « DestinationContentStamp » : « La propriété « DestinationContentStamp » est introuvable dans cet objet. Vérifiez qu’elle existe et qu’elle peut être définie. »
2026-09-17 14:16:52Z [ERROR] Bureau/Sans titre2.ps1 [item] Exception lors de la définition de « DestinationContentStamp » : « La propriété « DestinationContentStamp » est introuvable dans cet objet. Vérifiez qu’elle existe et qu’elle peut être définie. »
2026-09-17 14:16:53Z [ERROR] Bureau/script_de_la_murte.txt [item] Exception lors de la définition de « DestinationContentStamp » : « La propriété « DestinationContentStamp » est introuvable dans cet objet. Vérifiez qu’elle existe et qu’elle peut être définie. »
2026-09-17 14:16:53Z [ERROR] Bureau/SharePoint_source_202508081126.csv [item] Exception lors de la définition de « DestinationContentStamp » : « La propriété « DestinationContentStamp » est introuvable dans cet objet. Vérifiez qu’elle existe et qu’elle peut être définie. »
2026-09-17 14:16:53Z [ERROR] Bureau/Sigle_Slash.png [item] Exception lors de la définition de « DestinationContentStamp » : « La propriété « DestinationContentStamp » est introuvable dans cet objet. Vérifiez qu’elle existe et qu’elle peut être définie. »
2026-09-17 14:16:53Z [ERROR] Bureau/sim_am_index.csv [item] Exception lors de la définition de « DestinationContentStamp » : « La propriété « DestinationContentStamp » est introuvable dans cet objet. Vérifiez qu’elle existe et qu’elle peut être définie. »
2026-09-17 14:16:53Z [ERROR] Bureau/simx_am_in_identite.csv [item] Exception lors de la définition de « DestinationContentStamp » : « La propriété « DestinationContentStamp » est introuvable dans cet objet. Vérifiez qu’elle existe et qu’elle peut être définie. »
2026-09-17 14:16:53Z [ERROR] Bureau/smiley1_p.jpg [item] Exception lors de la définition de « DestinationContentStamp » : « La propriété « DestinationContentStamp » est introuvable dans cet objet. Vérifiez qu’elle existe et qu’elle peut être définie. »
2026-09-17 14:16:53Z [ERROR] Bureau/task.html [item] Exception lors de la définition de « DestinationContentStamp » : « La propriété « DestinationContentStamp » est introuvable dans cet objet. Vérifiez qu’elle existe et qu’elle peut être définie. »
2026-09-17 14:16:54Z [ERROR] Bureau/téléchargement.jpg [item] Exception lors de la définition de « DestinationContentStamp » : « La propriété « DestinationContentStamp » est introuvable dans cet objet. Vérifiez qu’elle existe et qu’elle peut être définie. »
2026-09-17 14:16:54Z [ERROR] Bureau/test.csv [item] Exception lors de la définition de « DestinationContentStamp » : « La propriété « DestinationContentStamp » est introuvable dans cet objet. Vérifiez qu’elle existe et qu’elle peut être définie. »
2026-09-17 14:16:54Z [ERROR] Bureau/test4.ps1 [item] Exception lors de la définition de « DestinationContentStamp » : « La propriété « DestinationContentStamp » est introuvable dans cet objet. Vérifiez qu’elle existe et qu’elle peut être définie. »
2026-09-17 14:16:54Z [ERROR] Bureau/tmp.csv [item] Exception lors de la définition de « DestinationContentStamp » : « La propriété « DestinationContentStamp » est introuvable dans cet objet. Vérifiez qu’elle existe et qu’elle peut être définie. »
2026-09-17 14:16:54Z [ERROR] Bureau/user_entra_202603181129.csv [item] Exception lors de la définition de « DestinationContentStamp » : « La propriété « DestinationContentStamp » est introuvable dans cet objet. Vérifiez qu’elle existe et qu’elle peut être définie. »
2026-09-17 14:16:54Z [ERROR] Bureau/user_entra_202603181129.zip [item] Exception lors de la définition de « DestinationContentStamp » : « La propriété « DestinationContentStamp » est introuvable dans cet objet. Vérifiez qu’elle existe et qu’elle peut être définie. »
2026-09-17 14:16:54Z [ERROR] Bureau/User365.ps1 [item] Exception lors de la définition de « DestinationContentStamp » : « La propriété « DestinationContentStamp » est introuvable dans cet objet. Vérifiez qu’elle existe et qu’elle peut être définie. »
2026-09-17 14:16:55Z [ERROR] Bureau/UserExcel.ps1 [item] Exception lors de la définition de « DestinationContentStamp » : « La propriété « DestinationContentStamp » est introuvable dans cet objet. Vérifiez qu’elle existe et qu’elle peut être définie. »
2026-09-17 14:16:55Z [ERROR] Bureau/UserPréprod.csv [item] Exception lors de la définition de « DestinationContentStamp » : « La propriété « DestinationContentStamp » est introuvable dans cet objet. Vérifiez qu’elle existe et qu’elle peut être définie. »
2026-09-17 14:16:55Z [ERROR] Bureau/v_computers_ad_202503241516.csv [item] Exception lors de la définition de « DestinationContentStamp » : « La propriété « DestinationContentStamp » est introuvable dans cet objet. Vérifiez qu’elle existe et qu’elle peut être définie. »
2026-09-17 14:16:55Z [ERROR] Bureau/v_computers_ad_202503241534.csv [item] Exception lors de la définition de « DestinationContentStamp » : « La propriété « DestinationContentStamp » est introuvable dans cet objet. Vérifiez qu’elle existe et qu’elle peut être définie. »
2026-09-17 14:16:55Z [ERROR] Bureau/v_computers_ad_202503241534.xlsx [item] Exception lors de la définition de « DestinationContentStamp » : « La propriété « DestinationContentStamp » est introuvable dans cet objet. Vérifiez qu’elle existe et qu’elle peut être définie. »
2026-09-17 14:16:55Z [ERROR] Bureau/wallpaper.jpg [item] Exception lors de la définition de « DestinationContentStamp » : « La propriété « DestinationContentStamp » est introuvable dans cet objet. Vérifiez qu’elle existe et qu’elle peut être définie. »
2026-09-17 14:16:55Z [ERROR] Bureau/XnView.lnk [item] Exception lors de la définition de « DestinationContentStamp » : « La propriété « DestinationContentStamp » est introuvable dans cet objet. Vérifiez qu’elle existe et qu’elle peut être définie. »
2026-09-17 14:16:55Z [INFO] Avancement : 129 fichiers, 53 dossiers, RAM processus 700 Mio.
2026-09-17 14:16:56Z [INFO] Avancement : 129 fichiers, 53 dossiers, RAM processus 700 Mio.
2026-09-17 14:16:56Z [ERROR] corespondance FNS-FNSIMPLE/1_5_xslTEXTEIM.xlsx [item] Exception lors de la définition de « DestinationContentStamp » : « La propriété « DestinationContentStamp » est introuvable dans cet objet. Vérifiez qu’elle existe et qu’elle peut être définie. »
2026-09-17 14:16:56Z [ERROR] corespondance FNS-FNSIMPLE/1_6_xslTEXTEIM.xlsx [item] Exception lors de la définition de « DestinationContentStamp » : « La propriété « DestinationContentStamp » est introuvable dans cet objet. Vérifiez qu’elle existe et qu’elle peut être définie. »
2026-09-17 14:16:56Z [ERROR] corespondance FNS-FNSIMPLE/1_7_xslTEXTEIM.xlsx [item] Exception lors de la définition de « DestinationContentStamp » : « La propriété « DestinationContentStamp » est introuvable dans cet objet. Vérifiez qu’elle existe et qu’elle peut être définie. »
2026-09-17 14:16:56Z [ERROR] corespondance FNS-FNSIMPLE/1_8_xslTEXTEIM.xlsx [item] Exception lors de la définition de « DestinationContentStamp » : « La propriété « DestinationContentStamp » est introuvable dans cet objet. Vérifiez qu’elle existe et qu’elle peut être définie. »
2026-09-17 14:16:56Z [ERROR] corespondance FNS-FNSIMPLE/1_9_xslTEXTEIM.xlsx [item] Exception lors de la définition de « DestinationContentStamp » : « La propriété « DestinationContentStamp » est introuvable dans cet objet. Vérifiez qu’elle existe et qu’elle peut être définie. »
2026-09-17 14:16:57Z [ERROR] corespondance FNS-FNSIMPLE/2_0_xslTEXTEIM (1).xlsx [item] Exception lors de la définition de « DestinationContentStamp » : « La propriété « DestinationContentStamp » est introuvable dans cet objet. Vérifiez qu’elle existe et qu’elle peut être définie. »
2026-09-17 14:16:57Z [ERROR] corespondance FNS-FNSIMPLE/2_1_xslTEXTEIM (1).xlsx [item] Exception lors de la définition de « DestinationContentStamp » : « La propriété « DestinationContentStamp » est introuvable dans cet objet. Vérifiez qu’elle existe et qu’elle peut être définie. »
2026-09-17 14:16:57Z [ERROR] corespondance FNS-FNSIMPLE/3_0_xslTEXTEIM.xlsx [item] Exception lors de la définition de « DestinationContentStamp » : « La propriété « DestinationContentStamp » est introuvable dans cet objet. Vérifiez qu’elle existe et qu’elle peut être définie. »
2026-09-17 14:16:57Z [ERROR] corespondance FNS-FNSIMPLE/Copie de Copie de Transcodif balises_textes.xlsx [item] Exception lors de la définition de « DestinationContentStamp » : « La propriété « DestinationContentStamp » est introuvable dans cet objet. Vérifiez qu’elle existe et qu’elle peut être définie. »
2026-09-17 14:16:57Z [INFO] Avancement : 138 fichiers, 53 dossiers, RAM processus 707 Mio.
2026-09-17 14:16:57Z [INFO] Avancement : 138 fichiers, 53 dossiers, RAM processus 703 Mio.
2026-09-17 14:17:18Z [ERROR] Documents/.Logo_Mysupport_V6.png [item] Exception lors de la définition de « DestinationContentStamp » : « La propriété « DestinationContentStamp » est introuvable dans cet objet. Vérifiez qu’elle existe et qu’elle peut être définie. »
2026-09-17 14:17:18Z [ERROR] Documents/1.png [item] Exception lors de la définition de « DestinationContentStamp » : « La propriété « DestinationContentStamp » est introuvable dans cet objet. Vérifiez qu’elle existe et qu’elle peut être définie. »
2026-09-17 14:17:18Z [ERROR] Documents/2.png [item] Exception lors de la définition de « DestinationContentStamp » : « La propriété « DestinationContentStamp » est introuvable dans cet objet. Vérifiez qu’elle existe et qu’elle peut être définie. »
2026-09-17 14:17:18Z [ERROR] Documents/2023_08_21_084207(1).pdf [item] Exception lors de la définition de « DestinationContentStamp » : « La propriété « DestinationContentStamp » est introuvable dans cet objet. Vérifiez qu’elle existe et qu’elle peut être définie. »
2026-09-17 14:17:19Z [ERROR] Documents/3901448_AVIS APPEL OFFRES CULATTES  ATMO.PDF [item] Exception lors de la définition de « DestinationContentStamp » : « La propriété « DestinationContentStamp » est introuvable dans cet objet. Vérifiez qu’elle existe et qu’elle peut être définie. »
2026-09-17 14:17:19Z [ERROR] Documents/AAAABaP4cxptwgVJ6UNR6DBo3A1EqBZrcGB8-zUiF86yvwXAaVpYeee9_vYvdiE1yV5Bd9KHWWShgL1Gk9-UcSZ58SMvHlDuWhxWrVMd.png [item] Exception lors de la définition de « DestinationContentStamp » : « La propriété « DestinationContentStamp » est introuvable dans cet objet. Vérifiez qu’elle existe et qu’elle peut être définie. »
2026-09-17 14:17:19Z [ERROR] Documents/all-domains.csv [item] Exception lors de la définition de « DestinationContentStamp » : « La propriété « DestinationContentStamp » est introuvable dans cet objet. Vérifiez qu’elle existe et qu’elle peut être définie. »
2026-09-17 14:17:19Z [ERROR] Documents/arrêt maladie 2604 - 2704.pdf [item] Exception lors de la définition de « DestinationContentStamp » : « La propriété « DestinationContentStamp » est introuvable dans cet objet. Vérifiez qu’elle existe et qu’elle peut être définie. »
2026-09-17 14:17:19Z [ERROR] Documents/ATTESTATION SUR L HONNEUR TELETRAVAIL.docx [item] Exception lors de la définition de « DestinationContentStamp » : « La propriété « DestinationContentStamp » est introuvable dans cet objet. Vérifiez qu’elle existe et qu’elle peut être définie. »
2026-09-17 14:17:19Z [ERROR] Documents/COMPTES ENFANTS SANS PARENTS.xlsx [item] Exception lors de la définition de « DestinationContentStamp » : « La propriété « DestinationContentStamp » est introuvable dans cet objet. Vérifiez qu’elle existe et qu’elle peut être définie. »
2026-09-17 14:17:19Z [ERROR] Documents/Creamodif AD-premier entretient.docx [item] Exception lors de la définition de « DestinationContentStamp » : « La propriété « DestinationContentStamp » est introuvable dans cet objet. Vérifiez qu’elle existe et qu’elle peut être définie. »
2026-09-17 14:17:20Z [ERROR] Documents/D100340.xml [item] Exception lors de la définition de « DestinationContentStamp » : « La propriété « DestinationContentStamp » est introuvable dans cet objet. Vérifiez qu’elle existe et qu’elle peut être définie. »
2026-09-17 14:17:20Z [ERROR] Documents/database.db [item] Exception lors de la définition de « DestinationContentStamp » : « La propriété « DestinationContentStamp » est introuvable dans cet objet. Vérifiez qu’elle existe et qu’elle peut être définie. »
2026-09-17 14:17:20Z [ERROR] Documents/DEF_RETOUR_MONIMAIL19092022122353.rar [item] Exception lors de la définition de « DestinationContentStamp » : « La propriété « DestinationContentStamp » est introuvable dans cet objet. Vérifiez qu’elle existe et qu’elle peut être définie. »
2026-09-17 14:17:22Z [ERROR] Documents/Default.rdp [item] Limite de versions cible insuffisante : augmenter la retention avant le transfert.
2026-09-17 14:17:22Z [ERROR] Documents/export_EV.csv [item] Exception lors de la définition de « DestinationContentStamp » : « La propriété « DestinationContentStamp » est introuvable dans cet objet. Vérifiez qu’elle existe et qu’elle peut être définie. »
2026-09-17 14:17:22Z [ERROR] Documents/Expression de besoin controle sur la data Entra.docx [item] Exception lors de la définition de « DestinationContentStamp » : « La propriété « DestinationContentStamp » est introuvable dans cet objet. Vérifiez qu’elle existe et qu’elle peut être définie. »
2026-09-17 14:17:22Z [ERROR] Documents/Faradji - Carte identite.pdf [item] Exception lors de la définition de « DestinationContentStamp » : « La propriété « DestinationContentStamp » est introuvable dans cet objet. Vérifiez qu’elle existe et qu’elle peut être définie. »
2026-09-17 14:17:22Z [ERROR] Documents/flammes-enfer-lechant-au-bord-immense-espace-porte-enfer_124507-96009.avif.jpg [item] Exception lors de la définition de « DestinationContentStamp » : « La propriété « DestinationContentStamp » est introuvable dans cet objet. Vérifiez qu’elle existe et qu’elle peut être définie. »
2026-09-17 14:17:22Z [ERROR] Documents/Formulaire de demande de télétravail.pdf [item] Exception lors de la définition de « DestinationContentStamp » : « La propriété « DestinationContentStamp » est introuvable dans cet objet. Vérifiez qu’elle existe et qu’elle peut être définie. »
2026-09-17 14:17:22Z [ERROR] Documents/interv_manquant.xlsx [item] Exception lors de la définition de « DestinationContentStamp » : « La propriété « DestinationContentStamp » est introuvable dans cet objet. Vérifiez qu’elle existe et qu’elle peut être définie. »
2026-09-17 14:17:23Z [ERROR] Documents/LISTE FACTURES AO 2229 avec facture POC_BIM.xlsb.xlsx [item] Exception lors de la définition de « DestinationContentStamp » : « La propriété « DestinationContentStamp » est introuvable dans cet objet. Vérifiez qu’elle existe et qu’elle peut être définie. »
2026-09-17 14:17:23Z [ERROR] Documents/logo_infopro.png [item] Exception lors de la définition de « DestinationContentStamp » : « La propriété « DestinationContentStamp » est introuvable dans cet objet. Vérifiez qu’elle existe et qu’elle peut être définie. »
2026-09-17 14:17:23Z [ERROR] Documents/logo_infopro.xcf [item] Exception lors de la définition de « DestinationContentStamp » : « La propriété « DestinationContentStamp » est introuvable dans cet objet. Vérifiez qu’elle existe et qu’elle peut être définie. »
2026-09-17 14:17:23Z [ERROR] Documents/logo_infopro_petit.png [item] Exception lors de la définition de « DestinationContentStamp » : « La propriété « DestinationContentStamp » est introuvable dans cet objet. Vérifiez qu’elle existe et qu’elle peut être définie. »
2026-09-17 14:17:23Z [ERROR] Documents/logo_infopro2.png [item] Exception lors de la définition de « DestinationContentStamp » : « La propriété « DestinationContentStamp » est introuvable dans cet objet. Vérifiez qu’elle existe et qu’elle peut être définie. »
2026-09-17 14:17:23Z [ERROR] Documents/logo_mail_petit3.png [item] Exception lors de la définition de « DestinationContentStamp » : « La propriété « DestinationContentStamp » est introuvable dans cet objet. Vérifiez qu’elle existe et qu’elle peut être définie. »
2026-09-17 14:17:23Z [ERROR] Documents/logo_mail2.png [item] Exception lors de la définition de « DestinationContentStamp » : « La propriété « DestinationContentStamp » est introuvable dans cet objet. Vérifiez qu’elle existe et qu’elle peut être définie. »
2026-09-17 14:17:24Z [ERROR] Documents/logo_mail2.xcf [item] Exception lors de la définition de « DestinationContentStamp » : « La propriété « DestinationContentStamp » est introuvable dans cet objet. Vérifiez qu’elle existe et qu’elle peut être définie. »
2026-09-17 14:17:24Z [ERROR] Documents/logo_mail3.png [item] Exception lors de la définition de « DestinationContentStamp » : « La propriété « DestinationContentStamp » est introuvable dans cet objet. Vérifiez qu’elle existe et qu’elle peut être définie. »
2026-09-17 14:17:24Z [ERROR] Documents/logo_mail3.xcf [item] Exception lors de la définition de « DestinationContentStamp » : « La propriété « DestinationContentStamp » est introuvable dans cet objet. Vérifiez qu’elle existe et qu’elle peut être définie. »
2026-09-17 14:17:24Z [ERROR] Documents/Logo_mysupport.xcf [item] Exception lors de la définition de « DestinationContentStamp » : « La propriété « DestinationContentStamp » est introuvable dans cet objet. Vérifiez qu’elle existe et qu’elle peut être définie. »
2026-09-17 14:17:24Z [ERROR] Documents/Logo_Mysupport_V1.jpg [item] Exception lors de la définition de « DestinationContentStamp » : « La propriété « DestinationContentStamp » est introuvable dans cet objet. Vérifiez qu’elle existe et qu’elle peut être définie. »
2026-09-17 14:17:24Z [ERROR] Documents/Logo_Mysupport_V1.png [item] Exception lors de la définition de « DestinationContentStamp » : « La propriété « DestinationContentStamp » est introuvable dans cet objet. Vérifiez qu’elle existe et qu’elle peut être définie. »
2026-09-17 14:17:24Z [ERROR] Documents/Logo_Mysupport_V1.xcf [item] Exception lors de la définition de « DestinationContentStamp » : « La propriété « DestinationContentStamp » est introuvable dans cet objet. Vérifiez qu’elle existe et qu’elle peut être définie. »
2026-09-17 14:17:25Z [ERROR] Documents/Logo_Mysupport_V2.xcf [item] Exception lors de la définition de « DestinationContentStamp » : « La propriété « DestinationContentStamp » est introuvable dans cet objet. Vérifiez qu’elle existe et qu’elle peut être définie. »
2026-09-17 14:17:25Z [ERROR] Documents/Logo_Mysupport_V3.png [item] Exception lors de la définition de « DestinationContentStamp » : « La propriété « DestinationContentStamp » est introuvable dans cet objet. Vérifiez qu’elle existe et qu’elle peut être définie. »
2026-09-17 14:17:25Z [ERROR] Documents/Logo_Mysupport_V3.xcf [item] Exception lors de la définition de « DestinationContentStamp » : « La propriété « DestinationContentStamp » est introuvable dans cet objet. Vérifiez qu’elle existe et qu’elle peut être définie. »
2026-09-17 14:17:25Z [ERROR] Documents/Logo_Mysupport_V4.png [item] Exception lors de la définition de « DestinationContentStamp » : « La propriété « DestinationContentStamp » est introuvable dans cet objet. Vérifiez qu’elle existe et qu’elle peut être définie. »
2026-09-17 14:17:25Z [ERROR] Documents/Logo_Mysupport_V4.xcf [item] Exception lors de la définition de « DestinationContentStamp » : « La propriété « DestinationContentStamp » est introuvable dans cet objet. Vérifiez qu’elle existe et qu’elle peut être définie. »
2026-09-17 14:17:25Z [ERROR] Documents/Logo_Mysupport_V5.png [item] Exception lors de la définition de « DestinationContentStamp » : « La propriété « DestinationContentStamp » est introuvable dans cet objet. Vérifiez qu’elle existe et qu’elle peut être définie. »
2026-09-17 14:17:25Z [ERROR] Documents/Logo_Mysupport_V5.xcf [item] Exception lors de la définition de « DestinationContentStamp » : « La propriété « DestinationContentStamp » est introuvable dans cet objet. Vérifiez qu’elle existe et qu’elle peut être définie. »
2026-09-17 14:17:26Z [ERROR] Documents/Logo_Mysupport_V6.xcf [item] Exception lors de la définition de « DestinationContentStamp » : « La propriété « DestinationContentStamp » est introuvable dans cet objet. Vérifiez qu’elle existe et qu’elle peut être définie. »
2026-09-17 14:17:26Z [ERROR] Documents/Logo_Mysupport_V7.xcf [item] Exception lors de la définition de « DestinationContentStamp » : « La propriété « DestinationContentStamp » est introuvable dans cet objet. Vérifiez qu’elle existe et qu’elle peut être définie. »
2026-09-17 14:17:26Z [ERROR] Documents/Logo_Mysupport_V8.png [item] Exception lors de la définition de « DestinationContentStamp » : « La propriété « DestinationContentStamp » est introuvable dans cet objet. Vérifiez qu’elle existe et qu’elle peut être définie. »
2026-09-17 14:17:26Z [ERROR] Documents/Logo_Mysupport_V8.xcf [item] Exception lors de la définition de « DestinationContentStamp » : « La propriété « DestinationContentStamp » est introuvable dans cet objet. Vérifiez qu’elle existe et qu’elle peut être définie. »
2026-09-17 14:17:26Z [ERROR] Documents/Logo_mysupport3.png [item] Exception lors de la définition de « DestinationContentStamp » : « La propriété « DestinationContentStamp » est introuvable dans cet objet. Vérifiez qu’elle existe et qu’elle peut être définie. »
2026-09-17 14:17:26Z [ERROR] Documents/Modele_CRA_juillet_2021.xlsx [item] Exception lors de la définition de « DestinationContentStamp » : « La propriété « DestinationContentStamp » est introuvable dans cet objet. Vérifiez qu’elle existe et qu’elle peut être définie. »
2026-09-17 14:17:27Z [ERROR] Documents/mREMONTENG.xml [item] Exception lors de la définition de « DestinationContentStamp » : « La propriété « DestinationContentStamp » est introuvable dans cet objet. Vérifiez qu’elle existe et qu’elle peut être définie. »
2026-09-17 14:17:27Z [ERROR] Documents/my support.png [item] Exception lors de la définition de « DestinationContentStamp » : « La propriété « DestinationContentStamp » est introuvable dans cet objet. Vérifiez qu’elle existe et qu’elle peut être définie. »
2026-09-17 14:17:27Z [ERROR] Documents/my support.svg [item] Exception lors de la définition de « DestinationContentStamp » : « La propriété « DestinationContentStamp » est introuvable dans cet objet. Vérifiez qu’elle existe et qu’elle peut être définie. »
2026-09-17 14:17:27Z [ERROR] Documents/my support.xcf [item] Exception lors de la définition de « DestinationContentStamp » : « La propriété « DestinationContentStamp » est introuvable dans cet objet. Vérifiez qu’elle existe et qu’elle peut être définie. »
2026-09-17 14:17:27Z [ERROR] Documents/my support2.png [item] Exception lors de la définition de « DestinationContentStamp » : « La propriété « DestinationContentStamp » est introuvable dans cet objet. Vérifiez qu’elle existe et qu’elle peut être définie. »
2026-09-17 14:17:27Z [ERROR] Documents/objets_sf_contact.csv [item] Exception lors de la définition de « DestinationContentStamp » : « La propriété « DestinationContentStamp » est introuvable dans cet objet. Vérifiez qu’elle existe et qu’elle peut être définie. »
2026-09-17 14:17:28Z [ERROR] Documents/parent_enfant_patenariats.xlsx [item] Exception lors de la définition de « DestinationContentStamp » : « La propriété « DestinationContentStamp » est introuvable dans cet objet. Vérifiez qu’elle existe et qu’elle peut être définie. »
2026-09-17 14:17:28Z [ERROR] Documents/Prise_en_main_Monimail2.pdf [item] Exception lors de la définition de « DestinationContentStamp » : « La propriété « DestinationContentStamp » est introuvable dans cet objet. Vérifiez qu’elle existe et qu’elle peut être définie. »
2026-09-17 14:17:28Z [ERROR] Documents/Rapport_Autorisations_Applications22.csv [item] Exception lors de la définition de « DestinationContentStamp » : « La propriété « DestinationContentStamp » est introuvable dans cet objet. Vérifiez qu’elle existe et qu’elle peut être définie. »
2026-09-17 14:17:28Z [ERROR] Documents/Referentiel-SIM_BIM (1).kdbx [item] Exception lors de la définition de « DestinationContentStamp » : « La propriété « DestinationContentStamp » est introuvable dans cet objet. Vérifiez qu’elle existe et qu’elle peut être définie. »
2026-09-17 14:17:28Z [ERROR] Documents/Referentiel-SIM_BIM.kdbx [item] Exception lors de la définition de « DestinationContentStamp » : « La propriété « DestinationContentStamp » est introuvable dans cet objet. Vérifiez qu’elle existe et qu’elle peut être définie. »
2026-09-17 14:17:28Z [ERROR] Documents/retour intégration.docx [item] Exception lors de la définition de « DestinationContentStamp » : « La propriété « DestinationContentStamp » est introuvable dans cet objet. Vérifiez qu’elle existe et qu’elle peut être définie. »
2026-09-17 14:17:28Z [ERROR] Documents/SLA - Incidents 24.csv [item] Exception lors de la définition de « DestinationContentStamp » : « La propriété « DestinationContentStamp » est introuvable dans cet objet. Vérifiez qu’elle existe et qu’elle peut être définie. »
2026-09-17 14:17:28Z [ERROR] Documents/SLA - Incidents 36.csv [item] Exception lors de la définition de « DestinationContentStamp » : « La propriété « DestinationContentStamp » est introuvable dans cet objet. Vérifiez qu’elle existe et qu’elle peut être définie. »
2026-09-17 14:17:29Z [ERROR] Documents/SLA - Incidents 48.csv [item] Exception lors de la définition de « DestinationContentStamp » : « La propriété « DestinationContentStamp » est introuvable dans cet objet. Vérifiez qu’elle existe et qu’elle peut être définie. »
2026-09-17 14:17:29Z [ERROR] Documents/SLA - Incidents12.csv [item] Exception lors de la définition de « DestinationContentStamp » : « La propriété « DestinationContentStamp » est introuvable dans cet objet. Vérifiez qu’elle existe et qu’elle peut être définie. »
2026-09-17 14:17:29Z [ERROR] Documents/smiley1.png [item] Exception lors de la définition de « DestinationContentStamp » : « La propriété « DestinationContentStamp » est introuvable dans cet objet. Vérifiez qu’elle existe et qu’elle peut être définie. »
2026-09-17 14:17:29Z [ERROR] Documents/smiley1.xcf [item] Exception lors de la définition de « DestinationContentStamp » : « La propriété « DestinationContentStamp » est introuvable dans cet objet. Vérifiez qu’elle existe et qu’elle peut être définie. »
2026-09-17 14:17:29Z [ERROR] Documents/smiley1_p.png [item] Exception lors de la définition de « DestinationContentStamp » : « La propriété « DestinationContentStamp » est introuvable dans cet objet. Vérifiez qu’elle existe et qu’elle peut être définie. »
2026-09-17 14:17:29Z [ERROR] Documents/smiley2.png [item] Exception lors de la définition de « DestinationContentStamp » : « La propriété « DestinationContentStamp » est introuvable dans cet objet. Vérifiez qu’elle existe et qu’elle peut être définie. »
2026-09-17 14:17:30Z [ERROR] Documents/smiley2.xcf [item] Exception lors de la définition de « DestinationContentStamp » : « La propriété « DestinationContentStamp » est introuvable dans cet objet. Vérifiez qu’elle existe et qu’elle peut être définie. »
2026-09-17 14:17:31Z [ERROR] Documents/smiley2_p.png [item] Exception lors de la définition de « DestinationContentStamp » : « La propriété « DestinationContentStamp » est introuvable dans cet objet. Vérifiez qu’elle existe et qu’elle peut être définie. »
2026-09-17 14:17:31Z [ERROR] Documents/smiley3.png [item] Exception lors de la définition de « DestinationContentStamp » : « La propriété « DestinationContentStamp » est introuvable dans cet objet. Vérifiez qu’elle existe et qu’elle peut être définie. »
2026-09-17 14:17:31Z [ERROR] Documents/smiley3.xcf [item] Exception lors de la définition de « DestinationContentStamp » : « La propriété « DestinationContentStamp » est introuvable dans cet objet. Vérifiez qu’elle existe et qu’elle peut être définie. »
2026-09-17 14:17:31Z [ERROR] Documents/smiley3_p.png [item] Exception lors de la définition de « DestinationContentStamp » : « La propriété « DestinationContentStamp » est introuvable dans cet objet. Vérifiez qu’elle existe et qu’elle peut être définie. »
2026-09-17 14:17:31Z [ERROR] Documents/smiley4.png [item] Exception lors de la définition de « DestinationContentStamp » : « La propriété « DestinationContentStamp » est introuvable dans cet objet. Vérifiez qu’elle existe et qu’elle peut être définie. »
