[2026-08-04 16:26:12] [INFO] ============================================
[2026-08-04 16:26:12] [SUCCESS] === COPIE ONEDRIVE CROSS-TENANT (GRAPH) ===
[2026-08-04 16:26:12] [INFO] ============================================
[2026-08-04 16:26:12] [INFO] Mapping utilisateurs charge : 2 entree(s) depuis C:\Users\ffaradji-op\Desktop\Mercury script powershell\onedrive\user_mapping.csv
[2026-08-04 16:26:12] [INFO] CSV charge :  ligne(s) trouvee(s) dans C:\Users\ffaradji-op\Desktop\Mercury script powershell\onedrive\migrations.csv
[2026-08-04 16:26:12] [INFO] --------------------------------------------
[2026-08-04 16:26:12] [SUCCESS] === MIGRATION LIGNE 1 ===
[2026-08-04 16:26:12] [INFO] Source UPN : UserMercury@ipd-lab.com
[2026-08-04 16:26:12] [INFO] Cible  UPN : UserMercury@infopro-digital.com
[2026-08-04 16:26:12] [INFO] --------------------------------------------
[2026-08-04 16:26:12] [SUCCESS] Token Graph obtenu pour tenant 85a5a352-25d6-4894-a97d-221cd1712dd2
[2026-08-04 16:26:12] [ERROR] Ligne 1 ECHOUEE : Échec lors de l’appel de la méthode, car [System.Security.Cryptography.X509Certificates.X509Certificate2] ne contient pas de méthode nommée « GetRSAPrivateKey ».
[2026-08-04 16:26:12] [SUCCESS] ============================================
[2026-08-04 16:26:12] [SUCCESS] === TOUTES LES MIGRATIONS TERMINEES ===
[2026-08-04 16:26:12] [INFO] Total lignes  : 1
[2026-08-04 16:26:12] [INFO] Succes        : 0
[2026-08-04 16:26:12] [INFO] Echecs        : 1
[2026-08-04 16:26:12] [SUCCESS] ============================================
[2026-08-04 16:26:12] [WARN] 1 erreur(s) : C:\Users\ffaradji-op\Desktop\Mercury script powershell\onedrive\OneDrive_Errors_2026-08-04_162612.csv
[2026-08-04 16:26:12] [INFO] Log : C:\Users\ffaradji-op\Desktop\Mercury script powershell\onedrive\OneDrive_Copy_2026-08-04_162612.log
