[2026-09-02 10:27:27] [INFO] ============================================
[2026-09-02 10:27:27] [SUCCESS] === COPIE ONEDRIVE CROSS-TENANT (GRAPH) ===
[2026-09-02 10:27:27] [INFO] ============================================
[2026-09-02 10:27:27] [INFO] Mapping utilisateurs charge : 2 entree(s) depuis C:\Users\ffaradji-op\Desktop\Mercury script powershell\onedrive\user_mapping.csv
[2026-09-02 10:27:27] [INFO] CSV charge : 1 ligne(s) trouvee(s) dans C:\Users\ffaradji-op\Desktop\Mercury script powershell\onedrive\migrations.csv
[2026-09-02 10:27:28] [INFO] --------------------------------------------
[2026-09-02 10:27:28] [SUCCESS] === MIGRATION LIGNE 1 ===
[2026-09-02 10:27:28] [INFO] Source UPN : fethy.faradji@infopro-digital.com
[2026-09-02 10:27:28] [INFO] Cible  UPN : UserMercury@infopro-digital.com
[2026-09-02 10:27:28] [INFO] --------------------------------------------
[2026-09-02 10:27:28] [DEBUG] Mapping auto UPN ajoute : fethy.faradji@infopro-digital.com -> usermercury@infopro-digital.com
[2026-09-02 10:27:28] [ERROR] Echec token Graph pour 2eea08b8-1972-447b-ad43-d044d042500a : Token vide. Reponse : {"error":"invalid_client","error_description":"AADSTS7000215: Invalid client secret provided. Ensure the secret being sent in the request is the client secret value, not the client secret ID, for a secret added to app '821109a4-6e0e-48e8-b477-8f9b70aa32a4'. Trace ID: 8fb22966-b7b3-4e05-ba14-95a506461e01 Correlation ID: 4c0d1b0b-6b9c-41d3-9af4-d17c5800e472 Timestamp: 2026-09-02 08:27:28Z","error_codes":[7000215],"timestamp":"2026-09-02 08:27:28Z","trace_id":"8fb22966-b7b3-4e05-ba14-95a506461e01","correlation_id":"4c0d1b0b-6b9c-41d3-9af4-d17c5800e472","error_uri":"https://login.microsoftonline.com/error?code=7000215"}
[2026-09-02 10:27:28] [ERROR] Ligne 1 ECHOUEE : Token vide. Reponse : {"error":"invalid_client","error_description":"AADSTS7000215: Invalid client secret provided. Ensure the secret being sent in the request is the client secret value, not the client secret ID, for a secret added to app '821109a4-6e0e-48e8-b477-8f9b70aa32a4'. Trace ID: 8fb22966-b7b3-4e05-ba14-95a506461e01 Correlation ID: 4c0d1b0b-6b9c-41d3-9af4-d17c5800e472 Timestamp: 2026-09-02 08:27:28Z","error_codes":[7000215],"timestamp":"2026-09-02 08:27:28Z","trace_id":"8fb22966-b7b3-4e05-ba14-95a506461e01","correlation_id":"4c0d1b0b-6b9c-41d3-9af4-d17c5800e472","error_uri":"https://login.microsoftonline.com/error?code=7000215"}
[2026-09-02 10:27:28] [SUCCESS] ============================================
[2026-09-02 10:27:28] [SUCCESS] === TOUTES LES MIGRATIONS TERMINEES ===
[2026-09-02 10:27:28] [INFO] Total lignes  : 1
[2026-09-02 10:27:28] [INFO] Succes        : 0
[2026-09-02 10:27:28] [INFO] Echecs        : 1
[2026-09-02 10:27:28] [SUCCESS] ============================================
[2026-09-02 10:27:28] [WARN] 1 erreur(s) : C:\Users\ffaradji-op\Desktop\Mercury script powershell\onedrive\OneDrive_Errors_2026-09-02_102727.csv
[2026-09-02 10:27:28] [INFO] Log : C:\Users\ffaradji-op\Desktop\Mercury script powershell\onedrive\OneDrive_Copy_2026-09-02_102727.log
