[2026-09-04 09:18:12] [INFO] ============================================
[2026-09-04 09:18:12] [SUCCESS] === COPIE ONEDRIVE CROSS-TENANT (GRAPH) ===
[2026-09-04 09:18:12] [INFO] ============================================
[2026-09-04 09:18:12] [INFO] Mapping utilisateurs charge : 3 entree(s) depuis C:\Users\ffaradji-op\Desktop\Mercury script powershell\onedrive\user_mapping.csv
[2026-09-04 09:18:12] [INFO] CSV charge : 1 ligne(s) trouvee(s) dans C:\Users\ffaradji-op\Desktop\Mercury script powershell\onedrive\migrations.csv
[2026-09-04 09:18:12] [INFO] --------------------------------------------
[2026-09-04 09:18:12] [SUCCESS] === MIGRATION LIGNE 1 ===
[2026-09-04 09:18:12] [INFO] Source UPN : fethy.faradji@infopro-digital.com
[2026-09-04 09:18:12] [INFO] Cible  UPN : UserMercury@infopro-digital.com
[2026-09-04 09:18:12] [INFO] --------------------------------------------
[2026-09-04 09:18:13] [ERROR] Echec token Graph pour 85a5a352-25d6-4894-a97d-221cd1712dd2 : Token vide. Reponse : {"error":"unauthorized_client","error_description":"AADSTS700016: Application with identifier '28d46b2c-b527-4abb-9fb8-013656682b19' was not found in the directory '85a5a352-25d6-4894-a97d-221cd1712dd2'. This can happen if the application has not been installed by the administrator of the tenant or consented to by any user in the tenant. You may have sent your authentication request to the wrong tenant. Trace ID: 583262d6-79a1-46a3-a4e2-75b273e65b00 Correlation ID: c7caa9a5-464e-422a-a771-3aa40f13a1bc Timestamp: 2026-09-04 07:18:13Z","error_codes":[700016],"timestamp":"2026-09-04 07:18:13Z","trace_id":"583262d6-79a1-46a3-a4e2-75b273e65b00","correlation_id":"c7caa9a5-464e-422a-a771-3aa40f13a1bc","error_uri":"https://login.microsoftonline.com/error?code=700016"}
[2026-09-04 09:18:13] [ERROR] Ligne 1 ECHOUEE : Token vide. Reponse : {"error":"unauthorized_client","error_description":"AADSTS700016: Application with identifier '28d46b2c-b527-4abb-9fb8-013656682b19' was not found in the directory '85a5a352-25d6-4894-a97d-221cd1712dd2'. This can happen if the application has not been installed by the administrator of the tenant or consented to by any user in the tenant. You may have sent your authentication request to the wrong tenant. Trace ID: 583262d6-79a1-46a3-a4e2-75b273e65b00 Correlation ID: c7caa9a5-464e-422a-a771-3aa40f13a1bc Timestamp: 2026-09-04 07:18:13Z","error_codes":[700016],"timestamp":"2026-09-04 07:18:13Z","trace_id":"583262d6-79a1-46a3-a4e2-75b273e65b00","correlation_id":"c7caa9a5-464e-422a-a771-3aa40f13a1bc","error_uri":"https://login.microsoftonline.com/error?code=700016"}
[2026-09-04 09:18:13] [SUCCESS] ============================================
[2026-09-04 09:18:13] [SUCCESS] === TOUTES LES MIGRATIONS TERMINEES ===
[2026-09-04 09:18:13] [INFO] Total lignes  : 1
[2026-09-04 09:18:13] [INFO] Succes        : 0
[2026-09-04 09:18:13] [INFO] Echecs        : 1
[2026-09-04 09:18:13] [SUCCESS] ============================================
[2026-09-04 09:18:13] [WARN] 1 erreur(s) : C:\Users\ffaradji-op\Desktop\Mercury script powershell\onedrive\OneDrive_Errors_2026-09-04_091812.csv
[2026-09-04 09:18:13] [INFO] Log : C:\Users\ffaradji-op\Desktop\Mercury script powershell\onedrive\OneDrive_Copy_2026-09-04_091812.log
