[2026-09-02 10:34:37] [INFO] ============================================
[2026-09-02 10:34:37] [SUCCESS] === COPIE ONEDRIVE CROSS-TENANT (GRAPH) ===
[2026-09-02 10:34:37] [INFO] ============================================
[2026-09-02 10:34:37] [INFO] Mapping utilisateurs charge : 2 entree(s) depuis C:\Users\ffaradji-op\Desktop\Mercury script powershell\onedrive\user_mapping.csv
[2026-09-02 10:34:37] [INFO] CSV charge : 1 ligne(s) trouvee(s) dans C:\Users\ffaradji-op\Desktop\Mercury script powershell\onedrive\migrations.csv
[2026-09-02 10:34:37] [INFO] --------------------------------------------
[2026-09-02 10:34:37] [SUCCESS] === MIGRATION LIGNE 1 ===
[2026-09-02 10:34:37] [INFO] Source UPN : fethy.faradji@infopro-digital.com
[2026-09-02 10:34:37] [INFO] Cible  UPN : UserMercury@infopro-digital.com
[2026-09-02 10:34:37] [INFO] --------------------------------------------
[2026-09-02 10:34:37] [DEBUG] Mapping auto UPN ajoute : fethy.faradji@infopro-digital.com -> usermercury@infopro-digital.com
[2026-09-02 10:34:37] [ERROR] Echec token Graph pour 2eea08b8-1972-447b-ad43-d044d042500a : Token vide. Reponse : {"error":"invalid_client","error_description":"AADSTS7000215: Invalid client secret provided. Ensure the secret being sent in the request is the client secret value, not the client secret ID, for a secret added to app '821109a4-6e0e-48e8-b477-8f9b70aa32a4'. Trace ID: 13e79a7e-bad8-46cf-84a0-0fdeb4c83801 Correlation ID: be0044f0-3d55-45d4-b5e0-2c9b2bf2ce0a Timestamp: 2026-09-02 08:34:37Z","error_codes":[7000215],"timestamp":"2026-09-02 08:34:37Z","trace_id":"13e79a7e-bad8-46cf-84a0-0fdeb4c83801","correlation_id":"be0044f0-3d55-45d4-b5e0-2c9b2bf2ce0a","error_uri":"https://login.microsoftonline.com/error?code=7000215"}
[2026-09-02 10:34:37] [ERROR] Ligne 1 ECHOUEE : Token vide. Reponse : {"error":"invalid_client","error_description":"AADSTS7000215: Invalid client secret provided. Ensure the secret being sent in the request is the client secret value, not the client secret ID, for a secret added to app '821109a4-6e0e-48e8-b477-8f9b70aa32a4'. Trace ID: 13e79a7e-bad8-46cf-84a0-0fdeb4c83801 Correlation ID: be0044f0-3d55-45d4-b5e0-2c9b2bf2ce0a Timestamp: 2026-09-02 08:34:37Z","error_codes":[7000215],"timestamp":"2026-09-02 08:34:37Z","trace_id":"13e79a7e-bad8-46cf-84a0-0fdeb4c83801","correlation_id":"be0044f0-3d55-45d4-b5e0-2c9b2bf2ce0a","error_uri":"https://login.microsoftonline.com/error?code=7000215"}
[2026-09-02 10:34:37] [SUCCESS] ============================================
[2026-09-02 10:34:37] [SUCCESS] === TOUTES LES MIGRATIONS TERMINEES ===
[2026-09-02 10:34:37] [INFO] Total lignes  : 1
[2026-09-02 10:34:37] [INFO] Succes        : 0
[2026-09-02 10:34:37] [INFO] Echecs        : 1
[2026-09-02 10:34:37] [SUCCESS] ============================================
[2026-09-02 10:34:37] [WARN] 1 erreur(s) : C:\Users\ffaradji-op\Desktop\Mercury script powershell\onedrive\OneDrive_Errors_2026-09-02_103437.csv
[2026-09-02 10:34:37] [INFO] Log : C:\Users\ffaradji-op\Desktop\Mercury script powershell\onedrive\OneDrive_Copy_2026-09-02_103437.log
