**********************
PowerShell transcript start
Start time: 20260923154504
Username: INFO\ffaradji-op
RunAs User: INFO\ffaradji-op
Configuration Name: 
Machine: VIT-V-DWSD (Microsoft Windows NT 10.0.17763.0)
Host Application: C:\Program Files\PowerShell\7\pwsh.dll -NoProfile -NonInteractive -ExecutionPolicy Bypass -File C:\Users\ffaradji-op\Desktop\Mercury script powershell\sharepoint\droitscustome.ps1
Process ID: 10916
PSVersion: 7.5.0
PSEdition: Core
GitCommitId: 7.5.0
OS: Microsoft Windows 10.0.17763
Platform: Win32NT
PSCompatibleVersions: 1.0, 2.0, 3.0, 4.0, 5.0, 5.1, 6.0, 7.0
PSRemotingProtocolVersion: 2.3
SerializationVersion: 1.1.0.1
WSManStackVersion: 3.0
**********************
15:45:04 [+00:00:00] STEP    ======================================================================
15:45:04 [+00:00:00] STEP    MIGRATION DES DROITS SHAREPOINT NON NATIFS (meme tenant ou cross-tenant)
15:45:04 [+00:00:00] STEP    ======================================================================
15:45:04 [+00:00:00] INFO    PowerShell 7.5.0 - PnP.PowerShell 3.4.1 - hote : ConsoleHost
15:45:04 [+00:00:00] INFO    Script    : C:\Users\ffaradji-op\Desktop\Mercury script powershell\sharepoint\droitscustome.ps1
15:45:04 [+00:00:00] INFO    Rapports  : C:\Users\ffaradji-op\Desktop\Mercury script powershell\sharepoint\SharePoint-Permissions-Migration
15:45:04 [+00:00:00] INFO    Suivi     : C:\Users\ffaradji-op\Desktop\Mercury script powershell\sharepoint\SharePoint-Permissions-Migration\Suivi_20260923_154504.log
15:45:04 [+00:00:00] INFO    Mode      : SIMULATION (aucune modification)
15:45:04 [+00:00:00] INFO    Options   : MirrorSourcePermissions=True, ReplaceUniquePermissions=False,IncludeHiddenLists=False, SkipItemPermissions=False, InviteMissingUsers=False, IncludeAssociatedGroupAssignments=True, MigrateEveryoneClaims=False, LogLevel=Detail
15:45:04 [+00:00:00] INFO    Domaines  : (aucune correspondance)
15:45:04 [+00:00:00] WARN    MEME TENANT detecte (source et cible identiques) : copie intra-tenant, les comptes et groupes Entra sont reutilises tels quels.
15:45:04 [+00:00:00] WARN    La meme application / le meme certificat peuvent servir aux deux connexions (droits FullControl requis sur les deux sites).
15:45:04 [+00:00:00] STEP
15:45:04 [+00:00:00] STEP    ======================================================================
15:45:04 [+00:00:00] STEP    ETAPE 1/5 : Verification de la configuration et connexion au site source
15:45:04 [+00:00:00] STEP    ======================================================================
15:45:04 [+00:00:00] INFO    Source : https://infoprodigital365.sharepoint.com/sites/fethygate (tenant 2eea08b8-1972-447b-ad43-d044d042500a, application 821109a4-6e0e-48e8-b477-8f9b70aa32a4)
15:45:04 [+00:00:00] INFO    Cible  : https://infoprodigital365.sharepoint.com/sites/fethiMercury (tenant 2eea08b8-1972-447b-ad43-d044d042500a, application 821109a4-6e0e-48e8-b477-8f9b70aa32a4)
15:45:04 [+00:00:00] SUCCESS Configuration valide (URL, identifiants, certificats).
15:45:04 [+00:00:00] INFO    Connexion applicative au site source avec le certificat source...
15:45:04 [+00:00:00] SUCCESS Connecte au site source.
15:45:04 [+00:00:00] SUCCESS Fin de l'etape 'Verification de la configuration et connexion au site source' en 00:00:00
15:45:04 [+00:00:00] STEP
15:45:04 [+00:00:00] STEP    ======================================================================
15:45:04 [+00:00:00] STEP    ETAPE 2/5 : Export des droits non natifs du site source
15:45:04 [+00:00:00] STEP    ======================================================================
15:45:04 [+00:00:00] INFO    Lecture du site source : https://infoprodigital365.sharepoint.com/sites/fethygate
15:45:05 [+00:00:01] INFO    Groupe Microsoft 365 du site source : 5e4321bb-79e1-42a8-8c46-615c24df0c68
15:45:05 [+00:00:01] SUCCESS [Export][Success] Site source lu - FethiGate : /sites/fethygate
15:45:05 [+00:00:01] INFO    Lecture des niveaux d'autorisation...
15:45:05 [+00:00:01] DETAIL    Niveau natif ignore : 'Contrôle total' (RoleTypeKind=Administrator, Hidden=False)
15:45:05 [+00:00:01] DETAIL    Niveau natif ignore : 'Conception' (RoleTypeKind=WebDesigner, Hidden=False)
15:45:05 [+00:00:01] DETAIL    Niveau natif ignore : 'Modification' (RoleTypeKind=Editor, Hidden=False)
15:45:05 [+00:00:01] DETAIL    Niveau natif ignore : 'Collaboration' (RoleTypeKind=Contributor, Hidden=False)
15:45:05 [+00:00:01] DETAIL    Niveau natif ignore : 'Lecture' (RoleTypeKind=Reader, Hidden=False)
15:45:05 [+00:00:01] DETAIL    Niveau natif ignore : 'Affichage restreint' (RoleTypeKind=RestrictedReader, Hidden=True)
15:45:05 [+00:00:01] DETAIL    Niveau natif ignore : 'Accès limité' (RoleTypeKind=Guest, Hidden=True)
15:45:05 [+00:00:01] DETAIL    Niveau natif ignore : 'System.LimitedView' (RoleTypeKind=System, Hidden=True)
15:45:05 [+00:00:01] DETAIL    Niveau natif ignore : 'System.LimitedEdit' (RoleTypeKind=System, Hidden=True)
15:45:05 [+00:00:01] SUCCESS 0 niveau(x) personnalise(s) a migrer.
15:45:05 [+00:00:01] INFO    Lecture des groupes natifs du site (Proprietaires/Membres/Visiteurs)...
15:45:05 [+00:00:01] DETAIL    Members = 'FethiGate - Membres' (ID 5)
15:45:05 [+00:00:01] DETAIL    Owners = 'Propriétaires de FethiGate' (ID 3)
15:45:05 [+00:00:01] DETAIL    Visitors = 'FethiGate - Visiteurs' (ID 4)
15:45:05 [+00:00:01] INFO    Lecture des groupes SharePoint...
15:45:05 [+00:00:01] DETAIL    6 groupe(s) trouve(s) sur le site source.
15:45:06 [+00:00:01] INFO      Groupe PERSONNALISE : 'CustomFethiRights' - 1 membre(s), proprietaire 'William HEUANG (OP)'
15:45:06 [+00:00:01] DETAIL      membre : William HEUANG (OP) [User] wheuang-op@infopro-digital.com
15:45:06 [+00:00:01] WARN    [Export][Skipped] Groupe natif du site non recree - FethiGate - Membres
15:45:06 [+00:00:01] WARN    [Export][Skipped] Groupe natif du site non recree - FethiGate - Visiteurs
15:45:06 [+00:00:02] INFO      Groupe PERSONNALISE : 'grp_test' - 1 membre(s), proprietaire 'FARADJI, Fethi'
15:45:06 [+00:00:02] DETAIL      membre : FARADJI, Fethi [User] fethy.faradji@infopro-digital.com
15:45:06 [+00:00:02] WARN    [Export][Skipped] Groupe natif du site non recree - Propriétaires de FethiGate
15:45:06 [+00:00:02] INFO      Groupe PERSONNALISE : 'test' - 1 membre(s), proprietaire 'FARADJI, Fethi'
15:45:06 [+00:00:02] DETAIL      membre : FARADJI, Fethi [User] fethy.faradji@infopro-digital.com
15:45:06 [+00:00:02] SUCCESS 3 groupe(s) personnalise(s) a migrer.
15:45:06 [+00:00:02] INFO    Lecture des autorisations du site racine...
15:45:06 [+00:00:02] DETAIL    3 attribution(s) au niveau du site.
15:45:07 [+00:00:02] INFO    Lecture des listes et bibliotheques...
15:45:07 [+00:00:03] INFO      17 liste(s) trouvee(s) (y compris cachees/systeme).
15:45:07 [+00:00:03] DETAIL    [1/17] Liste cachee/systeme ignoree : appdata
15:45:07 [+00:00:03] DETAIL    [2/17] Liste cachee/systeme ignoree : appfiles
15:45:07 [+00:00:03] DETAIL    [3/17] Liste cachee/systeme ignoree : Bibliothèque de styles
15:45:07 [+00:00:03] DETAIL    [4/17] Liste cachee/systeme ignoree : Bibliothèque des journaux de maintenance
15:45:07 [+00:00:03] INFO      [5/17] Analyse de 'Documents' (Documents partages) - 336 element(s), droits uniques : False
15:45:09 [+00:00:05] DETAIL        Droits uniques : Documents partages/Drive ECHOLINE (5 attribution(s))
15:45:09 [+00:00:05] DETAIL        Droits uniques : Documents partages/SCRIPT (4 attribution(s))
15:45:10 [+00:00:06] DETAIL        Droits uniques : Documents partages/Audit_user_gmail.xlsx (4 attribution(s))
15:45:11 [+00:00:07] DETAIL        Droits uniques : Documents partages/Capture d’écran 2026-01-27 172058.jpg (4 attribution(s))
15:45:12 [+00:00:08] DETAIL        Droits uniques : Documents partages/emailaddress.csv (4 attribution(s))
15:45:13 [+00:00:08] DETAIL        Droits uniques : Documents partages/Members_.csv (4 attribution(s))
15:45:13 [+00:00:09] DETAIL        Droits uniques : Documents partages/Members_support_CUSTOMRIGHTSTEST.csv (3 attribution(s))
15:45:13 [+00:00:09] DETAIL        -> 7 objet(s) a droits uniques dans cette liste, en 6,3 s
15:45:13 [+00:00:09] DETAIL    [6/17] Liste cachee/systeme ignoree : Formulaires convertis
15:45:13 [+00:00:09] DETAIL    [7/17] Liste cachee/systeme ignoree : Galerie de composants WebPart
15:45:13 [+00:00:09] DETAIL    [8/17] Liste cachee/systeme ignoree : Galerie Modèles de listes
15:45:13 [+00:00:09] DETAIL    [9/17] Liste cachee/systeme ignoree : Galerie Pages maîtres
15:45:13 [+00:00:09] DETAIL    [10/17] Liste cachee/systeme ignoree : Galerie Solutions
15:45:13 [+00:00:09] DETAIL    [11/17] Liste cachee/systeme ignoree : Galerie Thèmes
15:45:13 [+00:00:09] DETAIL    [12/17] Liste cachee/systeme ignoree : Liste d'informations utilisateur
15:45:13 [+00:00:09] DETAIL    [13/17] Liste cachee/systeme ignoree : Modèles de formulaire
15:45:13 [+00:00:09] DETAIL    [14/17] Liste cachee/systeme ignoree : Pages du site
15:45:13 [+00:00:09] DETAIL    [15/17] Liste cachee/systeme ignoree : Pièces jointes
15:45:13 [+00:00:09] DETAIL    [16/17] Liste cachee/systeme ignoree : Présentations composées
15:45:13 [+00:00:09] DETAIL    [17/17] Liste cachee/systeme ignoree : TaxonomyHiddenList
15:45:13 [+00:00:09] SUCCESS [Export][Success] Export JSON termine - C:\Users\ffaradji-op\Desktop\Mercury script powershell\sharepoint\SharePoint-Permissions-Migration\SharePointPermissions.json : 0 niveaux, 3 groupes, 8 objets securises
15:45:13 [+00:00:09] INFO    Connexion applicative au site cible avec le certificat cible...
15:45:13 [+00:00:09] SUCCESS Connecte au site cible.
15:45:13 [+00:00:09] WARN    MODE SIMULATION : aucune modification ne sera effectuee.
15:45:13 [+00:00:09] DETAIL  0 correspondance(s) chargee(s) depuis le CSV.
15:45:13 [+00:00:09] INFO    Site cible : 'fethiMercury' (/sites/fethiMercury)
15:45:13 [+00:00:09] INFO    Groupe Microsoft 365 du site cible : dbfaec4b-8431-4af6-8d7c-941cc6cbe281
15:45:14 [+00:00:10] DETAIL    Groupe natif cible Members = 'fethiMercury - Membres'
15:45:14 [+00:00:10] DETAIL    Groupe natif cible Owners = 'Propriétaires de fethiMercury'
15:45:14 [+00:00:10] DETAIL    Groupe natif cible Visitors = 'fethiMercury - Visiteurs'
15:45:14 [+00:00:10] SUCCESS Fin de l'etape 'Export des droits non natifs du site source' en 00:00:09
15:45:14 [+00:00:10] STEP
15:45:14 [+00:00:10] STEP    ======================================================================
15:45:14 [+00:00:10] STEP    ETAPE 3/5 : Niveaux d'autorisation personnalises (0)
15:45:14 [+00:00:10] STEP    ======================================================================
15:45:14 [+00:00:10] SUCCESS Fin de l'etape 'Niveaux d'autorisation personnalises (0)' en 00:00:00
15:45:14 [+00:00:10] STEP
15:45:14 [+00:00:10] STEP    ======================================================================
15:45:14 [+00:00:10] STEP    ETAPE 4/5 : Groupes SharePoint personnalises et membres (3)
15:45:14 [+00:00:10] STEP    ======================================================================
15:45:14 [+00:00:10] INFO    [Groups][Planned] Creer groupe SharePoint - CustomFethiRights
15:45:14 [+00:00:10] INFO    [Groups][Planned] Creer groupe SharePoint - grp_test
15:45:14 [+00:00:10] INFO    [Groups][Planned] Creer groupe SharePoint - test
15:45:14 [+00:00:10] DETAIL    Utilisateur (meme tenant) : 'William HEUANG (OP)' -> i:0#.f|membership|wheuang-op2@infopro-digital.com
15:45:14 [+00:00:10] INFO    [Groups][Planned] Appliquer parametres/proprietaire - CustomFethiRights : Proprietaire: i:0#.f|membership|wheuang-op2@infopro-digital.com
15:45:14 [+00:00:10] DETAIL    Utilisateur (meme tenant) : 'FARADJI, Fethi' -> i:0#.f|membership|fethy.faradji@infopro-digital.com
15:45:14 [+00:00:10] INFO    [Groups][Planned] Appliquer parametres/proprietaire - grp_test : Proprietaire: i:0#.f|membership|fethy.faradji@infopro-digital.com
15:45:14 [+00:00:10] INFO    [Groups][Planned] Appliquer parametres/proprietaire - test : Proprietaire: i:0#.f|membership|fethy.faradji@infopro-digital.com
15:45:14 [+00:00:10] INFO    [Groups][Planned] Ajouter membre - CustomFethiRights : i:0#.f|membership|wheuang-op2@infopro-digital.com
15:45:14 [+00:00:10] INFO    [Groups][Planned] Ajouter membre - grp_test : i:0#.f|membership|fethy.faradji@infopro-digital.com
15:45:14 [+00:00:10] INFO    [Groups][Planned] Ajouter membre - test : i:0#.f|membership|fethy.faradji@infopro-digital.com
15:45:14 [+00:00:10] SUCCESS Fin de l'etape 'Groupes SharePoint personnalises et membres (3)' en 00:00:00
15:45:14 [+00:00:10] STEP
15:45:14 [+00:00:10] STEP    ======================================================================
15:45:14 [+00:00:10] STEP    ETAPE 5/5 : Autorisations sur le site, les listes et les elements (8 objet(s))
15:45:14 [+00:00:10] STEP    ======================================================================
15:45:14 [+00:00:10] DETAIL  17 liste(s) trouvee(s) sur le site cible.
15:45:14 [+00:00:10] INFO    [1/8] Site racine - 3 attribution(s) source
15:45:14 [+00:00:10] DETAIL    Source : Propriétaires de FethiGate [AssociatedGroup] -> Contrôle total
15:45:14 [+00:00:10] DETAIL      ignore : groupe natif avec niveaux natifs au niveau du site.
15:45:14 [+00:00:10] DETAIL    Source : FethiGate - Visiteurs [AssociatedGroup] -> Lecture
15:45:14 [+00:00:10] DETAIL      ignore : groupe natif avec niveaux natifs au niveau du site.
15:45:14 [+00:00:10] DETAIL    Source : FethiGate - Membres [AssociatedGroup] -> Modification
15:45:15 [+00:00:10] DETAIL      ignore : groupe natif avec niveaux natifs au niveau du site.
15:45:15 [+00:00:10] WARN    [Permissions][Skipped] Aucune autorisation non native a reporter - Site racine
15:45:15 [+00:00:10] INFO    [2/8] Element : Documents partages/Drive ECHOLINE - 5 attribution(s) source
15:45:15 [+00:00:11] DETAIL    Element cible trouve : ID 3 (source ID 5)
15:45:15 [+00:00:11] DETAIL    Source : Propriétaires de FethiGate [AssociatedGroup] -> Contrôle total
15:45:15 [+00:00:11] DETAIL    Source : FethiGate - Visiteurs [AssociatedGroup] -> Lecture
15:45:15 [+00:00:11] DETAIL    Source : FethiGate - Membres [AssociatedGroup] -> Modification
15:45:15 [+00:00:11] DETAIL    Source : User test 02 [User] -> Collaboration
15:45:15 [+00:00:11] DETAIL    Utilisateur (meme tenant) : 'User test 02' -> i:0#.f|membership|usertest2.ipdlab@infopro-digital.fr
15:45:15 [+00:00:11] DETAIL    Source : FARADJI, Fethi [User] -> Collaboration
15:45:15 [+00:00:11] DETAIL    5 attribution(s) a appliquer sur la cible.
15:45:15 [+00:00:11] INFO    [Permissions][Planned] Rompre heritage SANS copie des droits parents (miroir de la source) - Element : Documents partages/Drive ECHOLINE
15:45:15 [+00:00:11] INFO    [Permissions][Planned] Ajouter autorisation - Element : Documents partages/Drive ECHOLINE : Propriétaires de fethiMercury -> Contrôle total
15:45:15 [+00:00:11] INFO    [Permissions][Planned] Ajouter autorisation - Element : Documents partages/Drive ECHOLINE : fethiMercury - Visiteurs -> Lecture
15:45:15 [+00:00:11] INFO    [Permissions][Planned] Ajouter autorisation - Element : Documents partages/Drive ECHOLINE : fethiMercury - Membres -> Modification
15:45:15 [+00:00:11] INFO    [Permissions][Planned] Ajouter autorisation - Element : Documents partages/Drive ECHOLINE : i:0#.f|membership|usertest2.ipdlab@infopro-digital.fr -> Collaboration
15:45:15 [+00:00:11] INFO    [Permissions][Planned] Ajouter autorisation - Element : Documents partages/Drive ECHOLINE : i:0#.f|membership|fethy.faradji@infopro-digital.com -> Collaboration
15:45:15 [+00:00:11] INFO    [3/8] Element : Documents partages/SCRIPT - 4 attribution(s) source
15:45:15 [+00:00:11] DETAIL    Element cible trouve : ID 255 (source ID 266)
15:45:15 [+00:00:11] DETAIL    Source : Propriétaires de FethiGate [AssociatedGroup] -> Contrôle total
15:45:16 [+00:00:11] DETAIL    Source : FethiGate - Visiteurs [AssociatedGroup] -> Lecture
15:45:16 [+00:00:11] DETAIL    Source : FethiGate - Membres [AssociatedGroup] -> Modification
15:45:16 [+00:00:11] DETAIL    Source : User test 02 [User] -> Collaboration
15:45:16 [+00:00:11] DETAIL    4 attribution(s) a appliquer sur la cible.
15:45:16 [+00:00:11] INFO    [Permissions][Planned] Rompre heritage SANS copie des droits parents (miroir de la source) - Element : Documents partages/SCRIPT
15:45:16 [+00:00:11] INFO    [Permissions][Planned] Ajouter autorisation - Element : Documents partages/SCRIPT : Propriétaires de fethiMercury -> Contrôle total
15:45:16 [+00:00:11] INFO    [Permissions][Planned] Ajouter autorisation - Element : Documents partages/SCRIPT : fethiMercury - Visiteurs -> Lecture
15:45:16 [+00:00:11] INFO    [Permissions][Planned] Ajouter autorisation - Element : Documents partages/SCRIPT : fethiMercury - Membres -> Modification
15:45:16 [+00:00:11] INFO    [Permissions][Planned] Ajouter autorisation - Element : Documents partages/SCRIPT : i:0#.f|membership|usertest2.ipdlab@infopro-digital.fr -> Collaboration
15:45:16 [+00:00:11] INFO    [4/8] Element : Documents partages/Audit_user_gmail.xlsx - 4 attribution(s) source
15:45:16 [+00:00:12] DETAIL    Element cible trouve : ID 1 (source ID 3)
15:45:16 [+00:00:12] DETAIL    Source : Propriétaires de FethiGate [AssociatedGroup] -> Contrôle total
15:45:16 [+00:00:12] DETAIL    Source : FethiGate - Visiteurs [AssociatedGroup] -> Lecture
15:45:16 [+00:00:12] DETAIL    Source : FethiGate - Membres [AssociatedGroup] -> Modification
15:45:16 [+00:00:12] DETAIL    Source : User test 02 [User] -> Collaboration
15:45:16 [+00:00:12] DETAIL    4 attribution(s) a appliquer sur la cible.
15:45:16 [+00:00:12] INFO    [Permissions][Planned] Rompre heritage SANS copie des droits parents (miroir de la source) - Element : Documents partages/Audit_user_gmail.xlsx
15:45:16 [+00:00:12] INFO    [Permissions][Planned] Ajouter autorisation - Element : Documents partages/Audit_user_gmail.xlsx : Propriétaires de fethiMercury -> Contrôle total
15:45:16 [+00:00:12] INFO    [Permissions][Planned] Ajouter autorisation - Element : Documents partages/Audit_user_gmail.xlsx : fethiMercury - Visiteurs -> Lecture
15:45:16 [+00:00:12] INFO    [Permissions][Planned] Ajouter autorisation - Element : Documents partages/Audit_user_gmail.xlsx : fethiMercury - Membres -> Modification
15:45:16 [+00:00:12] INFO    [Permissions][Planned] Ajouter autorisation - Element : Documents partages/Audit_user_gmail.xlsx : i:0#.f|membership|usertest2.ipdlab@infopro-digital.fr -> Collaboration
15:45:16 [+00:00:12] INFO    [5/8] Element : Documents partages/Capture d’écran 2026-01-27 172058.jpg - 4 attribution(s) source
15:45:16 [+00:00:12] DETAIL    Element cible trouve : ID 2 (source ID 4)
15:45:16 [+00:00:12] DETAIL    Source : Propriétaires de FethiGate [AssociatedGroup] -> Contrôle total
15:45:16 [+00:00:12] DETAIL    Source : FethiGate - Visiteurs [AssociatedGroup] -> Lecture
15:45:17 [+00:00:12] DETAIL    Source : FethiGate - Membres [AssociatedGroup] -> Modification
15:45:17 [+00:00:12] DETAIL    Source : User test 02 [User] -> Collaboration
15:45:17 [+00:00:12] DETAIL    4 attribution(s) a appliquer sur la cible.
15:45:17 [+00:00:12] INFO    [Permissions][Planned] Rompre heritage SANS copie des droits parents (miroir de la source) - Element : Documents partages/Capture d’écran 2026-01-27 172058.jpg
15:45:17 [+00:00:12] INFO    [Permissions][Planned] Ajouter autorisation - Element : Documents partages/Capture d’écran 2026-01-27 172058.jpg : Propriétaires de fethiMercury -> Contrôle total
15:45:17 [+00:00:12] INFO    [Permissions][Planned] Ajouter autorisation - Element : Documents partages/Capture d’écran 2026-01-27 172058.jpg : fethiMercury - Visiteurs -> Lecture
15:45:17 [+00:00:12] INFO    [Permissions][Planned] Ajouter autorisation - Element : Documents partages/Capture d’écran 2026-01-27 172058.jpg : fethiMercury - Membres -> Modification
15:45:17 [+00:00:12] INFO    [Permissions][Planned] Ajouter autorisation - Element : Documents partages/Capture d’écran 2026-01-27 172058.jpg : i:0#.f|membership|usertest2.ipdlab@infopro-digital.fr -> Collaboration
15:45:17 [+00:00:12] INFO    [6/8] Element : Documents partages/emailaddress.csv - 4 attribution(s) source
15:45:17 [+00:00:13] DETAIL    Element cible trouve : ID 250 (source ID 263)
15:45:17 [+00:00:13] DETAIL    Source : Propriétaires de FethiGate [AssociatedGroup] -> Contrôle total
15:45:17 [+00:00:13] DETAIL    Source : FethiGate - Visiteurs [AssociatedGroup] -> Lecture
15:45:17 [+00:00:13] DETAIL    Source : FethiGate - Membres [AssociatedGroup] -> Modification
15:45:17 [+00:00:13] DETAIL    Source : User test 02 [User] -> Collaboration
15:45:17 [+00:00:13] DETAIL    4 attribution(s) a appliquer sur la cible.
15:45:17 [+00:00:13] INFO    [Permissions][Planned] Rompre heritage SANS copie des droits parents (miroir de la source) - Element : Documents partages/emailaddress.csv
15:45:17 [+00:00:13] INFO    [Permissions][Planned] Ajouter autorisation - Element : Documents partages/emailaddress.csv : Propriétaires de fethiMercury -> Contrôle total
15:45:17 [+00:00:13] INFO    [Permissions][Planned] Ajouter autorisation - Element : Documents partages/emailaddress.csv : fethiMercury - Visiteurs -> Lecture
15:45:17 [+00:00:13] INFO    [Permissions][Planned] Ajouter autorisation - Element : Documents partages/emailaddress.csv : fethiMercury - Membres -> Modification
15:45:17 [+00:00:13] INFO    [Permissions][Planned] Ajouter autorisation - Element : Documents partages/emailaddress.csv : i:0#.f|membership|usertest2.ipdlab@infopro-digital.fr -> Collaboration
15:45:17 [+00:00:13] INFO    [7/8] Element : Documents partages/Members_.csv - 4 attribution(s) source
15:45:17 [+00:00:13] DETAIL    Element cible trouve : ID 253 (source ID 264)
15:45:17 [+00:00:13] DETAIL    Source : Propriétaires de FethiGate [AssociatedGroup] -> Contrôle total
15:45:17 [+00:00:13] DETAIL    Source : FethiGate - Visiteurs [AssociatedGroup] -> Lecture
15:45:17 [+00:00:13] DETAIL    Source : FethiGate - Membres [AssociatedGroup] -> Modification
15:45:17 [+00:00:13] DETAIL    Source : User test 02 [User] -> Collaboration
15:45:17 [+00:00:13] DETAIL    4 attribution(s) a appliquer sur la cible.
15:45:18 [+00:00:13] INFO    [Permissions][Planned] Rompre heritage SANS copie des droits parents (miroir de la source) - Element : Documents partages/Members_.csv
15:45:18 [+00:00:13] INFO    [Permissions][Planned] Ajouter autorisation - Element : Documents partages/Members_.csv : Propriétaires de fethiMercury -> Contrôle total
15:45:18 [+00:00:13] INFO    [Permissions][Planned] Ajouter autorisation - Element : Documents partages/Members_.csv : fethiMercury - Visiteurs -> Lecture
15:45:18 [+00:00:13] INFO    [Permissions][Planned] Ajouter autorisation - Element : Documents partages/Members_.csv : fethiMercury - Membres -> Modification
15:45:18 [+00:00:13] INFO    [Permissions][Planned] Ajouter autorisation - Element : Documents partages/Members_.csv : i:0#.f|membership|usertest2.ipdlab@infopro-digital.fr -> Collaboration
15:45:18 [+00:00:13] INFO    [8/8] Element : Documents partages/Members_support_CUSTOMRIGHTSTEST.csv - 3 attribution(s) source
15:45:18 [+00:00:14] DETAIL    Element cible trouve : ID 254 (source ID 265)
15:45:18 [+00:00:14] DETAIL    Source : Propriétaires de FethiGate [AssociatedGroup] -> Contrôle total
15:45:18 [+00:00:14] DETAIL    Source : User test 02 [User] -> Collaboration
15:45:18 [+00:00:14] DETAIL    Source : CustomFethiRights [CustomGroup] -> Modification
15:45:18 [+00:00:14] DETAIL    3 attribution(s) a appliquer sur la cible.
15:45:18 [+00:00:14] INFO    [Permissions][Planned] Rompre heritage SANS copie des droits parents (miroir de la source) - Element : Documents partages/Members_support_CUSTOMRIGHTSTEST.csv
15:45:18 [+00:00:14] INFO    [Permissions][Planned] Ajouter autorisation - Element : Documents partages/Members_support_CUSTOMRIGHTSTEST.csv : Propriétaires de fethiMercury -> Contrôle total
15:45:18 [+00:00:14] INFO    [Permissions][Planned] Ajouter autorisation - Element : Documents partages/Members_support_CUSTOMRIGHTSTEST.csv : i:0#.f|membership|usertest2.ipdlab@infopro-digital.fr -> Collaboration
15:45:18 [+00:00:14] INFO    [Permissions][Planned] Ajouter autorisation - Element : Documents partages/Members_support_CUSTOMRIGHTSTEST.csv : CustomFethiRights -> Modification
15:45:18 [+00:00:14] SUCCESS Fin de l'etape 'Autorisations sur le site, les listes et les elements (8 objet(s))' en 00:00:03
15:45:18 [+00:00:14] STEP
15:45:18 [+00:00:14] STEP    ======================================================================
15:45:18 [+00:00:14] STEP    RESUME - duree totale 00:00:14 - mode SIMULATION
15:45:18 [+00:00:14] STEP    ======================================================================
15:45:18 [+00:00:14] INFO    Export, Skipped                               3
15:45:18 [+00:00:14] INFO    Export, Success                               2
15:45:18 [+00:00:14] INFO    Groups, Planned                               9
15:45:18 [+00:00:14] INFO    Permissions, Planned                         35
15:45:18 [+00:00:14] INFO    Permissions, Skipped                          1
15:45:18 [+00:00:14] SUCCESS Erreurs : 0
15:45:18 [+00:00:14] SUCCESS Principaux non resolus : 0 (voir UnresolvedPrincipals.csv)
15:45:18 [+00:00:14] INFO    Autorisations appliquees : 0 - prevues (simulation) : 28 - objets cibles introuvables : 0
15:45:18 [+00:00:14] WARN    >>> SIMULATION : RIEN N'A ETE MODIFIE SUR LE SITE CIBLE. Mettez $Apply = $true pour appliquer. <<<

Rapports (0 erreur(s), 0 principal(aux) non resolu(s)) :
- C:\Users\ffaradji-op\Desktop\Mercury script powershell\sharepoint\SharePoint-Permissions-Migration\MigrationLog.csv
- C:\Users\ffaradji-op\Desktop\Mercury script powershell\sharepoint\SharePoint-Permissions-Migration\UnresolvedPrincipals.csv
- C:\Users\ffaradji-op\Desktop\Mercury script powershell\sharepoint\SharePoint-Permissions-Migration\Invitations.csv
15:45:18 [+00:00:14] INFO    Journal de suivi : C:\Users\ffaradji-op\Desktop\Mercury script powershell\sharepoint\SharePoint-Permissions-Migration\Suivi_20260923_154504.log
**********************
PowerShell transcript end
End time: 20260923154518
**********************
