14:23:02 [+00:00:00] STEP    ======================================================================
14:23:02 [+00:00:00] STEP    MIGRATION DES DROITS SHAREPOINT NON NATIFS (meme tenant ou cross-tenant)
14:23:02 [+00:00:00] STEP    ======================================================================
14:23:02 [+00:00:00] INFO    PowerShell 7.5.0 - PnP.PowerShell 3.4.1 - hote : ConsoleHost
14:23:02 [+00:00:00] INFO    Script    : C:\Users\ffaradji-op\Desktop\Mercury script powershell\sharepoint\droitscustome_2.ps1
14:23:02 [+00:00:00] INFO    Rapports  : C:\Users\ffaradji-op\Desktop\Mercury script powershell\sharepoint\SharePoint-Permissions-Migration
14:23:02 [+00:00:00] INFO    Suivi     : C:\Users\ffaradji-op\Desktop\Mercury script powershell\sharepoint\SharePoint-Permissions-Migration\Suivi_20260924_142302.log
14:23:02 [+00:00:00] INFO    Mode      : SIMULATION (aucune modification)
14:23:02 [+00:00:00] INFO    Options   : MirrorSourcePermissions=True, ReplaceUniquePermissions=False, IncludeHiddenLists=False, SkipItemPermissions=False, InviteMissingUsers=False, IncludeAssociatedGroupAssignments=True, MigrateEveryoneClaims=False, SharingLinkRecipients=External, InviteExternalRecipients=True, LogLevel=Detail
14:23:02 [+00:00:00] INFO    Domaines  : (aucune correspondance)
14:23:02 [+00:00:00] WARN    MEME TENANT detecte (source et cible identiques) : copie intra-tenant, les comptes et groupes Entra sont reutilises tels quels.
14:23:02 [+00:00:00] WARN    La meme application / le meme certificat peuvent servir aux deux connexions (droits FullControl requis sur les deux sites).
14:23:02 [+00:00:00] STEP    
14:23:02 [+00:00:00] STEP    ======================================================================
14:23:02 [+00:00:00] STEP    ETAPE 1/5 : Verification de la configuration et connexion au site source
14:23:02 [+00:00:00] STEP    ======================================================================
14:23:02 [+00:00:00] INFO    Source : https://infoprodigital365.sharepoint.com/sites/fethygate (tenant 2eea08b8-1972-447b-ad43-d044d042500a, application 821109a4-6e0e-48e8-b477-8f9b70aa32a4)
14:23:02 [+00:00:00] INFO    Cible  : https://infoprodigital365.sharepoint.com/sites/fethiMercury (tenant 2eea08b8-1972-447b-ad43-d044d042500a, application 821109a4-6e0e-48e8-b477-8f9b70aa32a4)
14:23:02 [+00:00:00] SUCCESS Configuration valide (URL, identifiants, certificats).
14:23:02 [+00:00:00] INFO    Connexion applicative au site source avec le certificat source...
14:23:02 [+00:00:00] SUCCESS Connecte au site source.
14:23:02 [+00:00:00] SUCCESS Fin de l'etape 'Verification de la configuration et connexion au site source' en 00:00:00
14:23:02 [+00:00:00] STEP    
14:23:02 [+00:00:00] STEP    ======================================================================
14:23:02 [+00:00:00] STEP    ETAPE 2/5 : Export des droits non natifs du site source
14:23:02 [+00:00:00] STEP    ======================================================================
14:23:02 [+00:00:00] INFO    Lecture du site source : https://infoprodigital365.sharepoint.com/sites/fethygate
14:23:03 [+00:00:01] INFO    Lecture des partages via Microsoft Graph active (site infoprodigital365.sharepoint.com,5cd0c893-b052-4293-b0b4-6b05bc998d86,f1c6f9c1-ebba-44f2-8fe7-048e0687a269).
14:23:03 [+00:00:01] INFO    Groupe Microsoft 365 du site source : 5e4321bb-79e1-42a8-8c46-615c24df0c68
14:23:03 [+00:00:01] SUCCESS [Export][Success] Site source lu - FethiGate : /sites/fethygate
14:23:03 [+00:00:01] INFO    Lecture des niveaux d'autorisation...
14:23:03 [+00:00:01] DETAIL    Niveau natif ignore : 'Contrôle total' (RoleTypeKind=Administrator, Hidden=False)
14:23:03 [+00:00:01] DETAIL    Niveau natif ignore : 'Conception' (RoleTypeKind=WebDesigner, Hidden=False)
14:23:03 [+00:00:01] DETAIL    Niveau natif ignore : 'Modification' (RoleTypeKind=Editor, Hidden=False)
14:23:03 [+00:00:01] DETAIL    Niveau natif ignore : 'Collaboration' (RoleTypeKind=Contributor, Hidden=False)
14:23:03 [+00:00:01] DETAIL    Niveau natif ignore : 'Lecture' (RoleTypeKind=Reader, Hidden=False)
14:23:03 [+00:00:01] DETAIL    Niveau natif ignore : 'Affichage restreint' (RoleTypeKind=RestrictedReader, Hidden=True)
14:23:03 [+00:00:01] DETAIL    Niveau natif ignore : 'Accès limité' (RoleTypeKind=Guest, Hidden=True)
14:23:03 [+00:00:01] DETAIL    Niveau natif ignore : 'System.LimitedView' (RoleTypeKind=System, Hidden=True)
14:23:03 [+00:00:01] DETAIL    Niveau natif ignore : 'System.LimitedEdit' (RoleTypeKind=System, Hidden=True)
14:23:03 [+00:00:01] SUCCESS 0 niveau(x) personnalise(s) a migrer.
14:23:03 [+00:00:01] INFO    Lecture des groupes natifs du site (Proprietaires/Membres/Visiteurs)...
14:23:04 [+00:00:01] DETAIL    Owners = 'Propriétaires de FethiGate' (ID 3)
14:23:04 [+00:00:01] DETAIL    Visitors = 'FethiGate - Visiteurs' (ID 4)
14:23:04 [+00:00:02] DETAIL    Members = 'FethiGate - Membres' (ID 5)
14:23:04 [+00:00:02] INFO    Lecture des groupes SharePoint...
14:23:04 [+00:00:02] DETAIL    6 groupe(s) trouve(s) sur le site source.
14:23:04 [+00:00:02] INFO      Groupe PERSONNALISE : 'CustomFethiRights' - 1 membre(s), proprietaire 'William HEUANG (OP)'
14:23:04 [+00:00:02] DETAIL      membre : William HEUANG (OP) [User] wheuang-op@infopro-digital.com
14:23:04 [+00:00:02] WARN    [Export][Skipped] Groupe natif du site non recree - FethiGate - Membres
14:23:04 [+00:00:02] WARN    [Export][Skipped] Groupe natif du site non recree - FethiGate - Visiteurs
14:23:04 [+00:00:02] INFO      Groupe PERSONNALISE : 'grp_test' - 1 membre(s), proprietaire 'FARADJI, Fethi'
14:23:04 [+00:00:02] DETAIL      membre : FARADJI, Fethi [User] fethy.faradji@infopro-digital.com
14:23:04 [+00:00:02] WARN    [Export][Skipped] Groupe natif du site non recree - Propriétaires de FethiGate
14:23:04 [+00:00:02] INFO      Groupe PERSONNALISE : 'test' - 1 membre(s), proprietaire 'FARADJI, Fethi'
14:23:04 [+00:00:02] DETAIL      membre : FARADJI, Fethi [User] fethy.faradji@infopro-digital.com
14:23:04 [+00:00:02] SUCCESS 3 groupe(s) personnalise(s) a migrer.
14:23:04 [+00:00:02] INFO    Lecture des autorisations du site racine...
14:23:05 [+00:00:03] DETAIL    3 attribution(s) au niveau du site.
14:23:05 [+00:00:03] INFO    Lecture des listes et bibliotheques...
14:23:05 [+00:00:03] INFO      17 liste(s) trouvee(s) (y compris cachees/systeme).
14:23:05 [+00:00:03] DETAIL    [1/17] Liste cachee/systeme ignoree : appdata
14:23:05 [+00:00:03] DETAIL    [2/17] Liste cachee/systeme ignoree : appfiles
14:23:05 [+00:00:03] DETAIL    [3/17] Liste cachee/systeme ignoree : Bibliothèque de styles
14:23:05 [+00:00:03] DETAIL    [4/17] Liste cachee/systeme ignoree : Bibliothèque des journaux de maintenance
14:23:05 [+00:00:03] INFO      [5/17] Analyse de 'Documents' (Documents partages) - 336 element(s), droits uniques : False
14:23:07 [+00:00:05] DETAIL          Graph : 6 permission(s) lue(s) sur cet objet
14:23:07 [+00:00:05] DETAIL            - roles=owner lien=non invitation=non herite=non pour=siteGroup=Propriétaires de FethiGate
14:23:07 [+00:00:05] DETAIL            - roles=read lien=non invitation=non herite=non pour=siteGroup=FethiGate - Visiteurs
14:23:07 [+00:00:05] DETAIL            - roles=write lien=non invitation=non herite=non pour=siteGroup=FethiGate - Membres
14:23:07 [+00:00:05] DETAIL            - roles=write lien=non invitation=non herite=non pour=user=usertest2.ipdlab@infopro-digital.fr, siteUser=usertest2.ipdlab@infopro-digital.fr
14:23:07 [+00:00:05] DETAIL            - roles=write lien=non invitation=non herite=non pour=user=fethy.faradji@infopro-digital.com, siteUser=fethy.faradji@infopro-digital.com
14:23:07 [+00:00:05] DETAIL            - roles=owner lien=non invitation=non herite=non pour=siteUser=fethygate@infoprodigital365.onmicrosoft.com, group=fethygate@infoprodigital365.onmicrosoft.com
14:23:08 [+00:00:06] DETAIL        Droits uniques : Documents partages/Drive ECHOLINE (5 attribution(s), 0 partage(s))
14:23:08 [+00:00:06] DETAIL          Graph : 5 permission(s) lue(s) sur cet objet
14:23:08 [+00:00:06] DETAIL            - roles=owner lien=non invitation=non herite=non pour=siteGroup=Propriétaires de FethiGate
14:23:08 [+00:00:06] DETAIL            - roles=read lien=non invitation=non herite=non pour=siteGroup=FethiGate - Visiteurs
14:23:08 [+00:00:06] DETAIL            - roles=write lien=non invitation=non herite=non pour=siteGroup=FethiGate - Membres
14:23:08 [+00:00:06] DETAIL            - roles=write lien=non invitation=non herite=non pour=user=usertest2.ipdlab@infopro-digital.fr, siteUser=usertest2.ipdlab@infopro-digital.fr
14:23:08 [+00:00:06] DETAIL            - roles=owner lien=non invitation=non herite=non pour=siteUser=fethygate@infoprodigital365.onmicrosoft.com, group=fethygate@infoprodigital365.onmicrosoft.com
14:23:09 [+00:00:07] DETAIL        Droits uniques : Documents partages/SCRIPT (4 attribution(s), 0 partage(s))
14:23:09 [+00:00:07] DETAIL          Graph : 5 permission(s) lue(s) sur cet objet
14:23:09 [+00:00:07] DETAIL            - roles=owner lien=non invitation=non herite=non pour=siteGroup=Propriétaires de FethiGate
14:23:09 [+00:00:07] DETAIL            - roles=read lien=non invitation=non herite=non pour=siteGroup=FethiGate - Visiteurs
14:23:09 [+00:00:07] DETAIL            - roles=write lien=non invitation=non herite=non pour=siteGroup=FethiGate - Membres
14:23:09 [+00:00:07] DETAIL            - roles=write lien=non invitation=non herite=non pour=user=usertest2.ipdlab@infopro-digital.fr, siteUser=usertest2.ipdlab@infopro-digital.fr
14:23:09 [+00:00:07] DETAIL            - roles=owner lien=non invitation=non herite=non pour=siteUser=fethygate@infoprodigital365.onmicrosoft.com, group=fethygate@infoprodigital365.onmicrosoft.com
14:23:10 [+00:00:08] DETAIL        Droits uniques : Documents partages/Audit_user_gmail.xlsx (4 attribution(s), 0 partage(s))
14:23:11 [+00:00:09] DETAIL          Graph : 5 permission(s) lue(s) sur cet objet
14:23:11 [+00:00:09] DETAIL            - roles=owner lien=non invitation=non herite=non pour=siteGroup=Propriétaires de FethiGate
14:23:11 [+00:00:09] DETAIL            - roles=read lien=non invitation=non herite=non pour=siteGroup=FethiGate - Visiteurs
14:23:11 [+00:00:09] DETAIL            - roles=write lien=non invitation=non herite=non pour=siteGroup=FethiGate - Membres
14:23:11 [+00:00:09] DETAIL            - roles=write lien=non invitation=non herite=non pour=user=usertest2.ipdlab@infopro-digital.fr, siteUser=usertest2.ipdlab@infopro-digital.fr
14:23:11 [+00:00:09] DETAIL            - roles=owner lien=non invitation=non herite=non pour=siteUser=fethygate@infoprodigital365.onmicrosoft.com, group=fethygate@infoprodigital365.onmicrosoft.com
14:23:11 [+00:00:09] DETAIL        Droits uniques : Documents partages/Capture d’écran 2026-01-27 172058.jpg (4 attribution(s), 0 partage(s))
14:23:12 [+00:00:10] DETAIL          Graph : 5 permission(s) lue(s) sur cet objet
14:23:12 [+00:00:10] DETAIL            - roles=owner lien=non invitation=non herite=non pour=siteGroup=Propriétaires de FethiGate
14:23:12 [+00:00:10] DETAIL            - roles=read lien=non invitation=non herite=non pour=siteGroup=FethiGate - Visiteurs
14:23:12 [+00:00:10] DETAIL            - roles=write lien=non invitation=non herite=non pour=siteGroup=FethiGate - Membres
14:23:12 [+00:00:10] DETAIL            - roles=write lien=non invitation=non herite=non pour=user=usertest2.ipdlab@infopro-digital.fr, siteUser=usertest2.ipdlab@infopro-digital.fr
14:23:12 [+00:00:10] DETAIL            - roles=owner lien=non invitation=non herite=non pour=siteUser=fethygate@infoprodigital365.onmicrosoft.com, group=fethygate@infoprodigital365.onmicrosoft.com
14:23:13 [+00:00:10] DETAIL        Droits uniques : Documents partages/emailaddress.csv (4 attribution(s), 0 partage(s))
14:23:13 [+00:00:11] DETAIL          Graph : 5 permission(s) lue(s) sur cet objet
14:23:13 [+00:00:11] DETAIL            - roles=owner lien=non invitation=non herite=non pour=siteGroup=Propriétaires de FethiGate
14:23:13 [+00:00:11] DETAIL            - roles=read lien=non invitation=non herite=non pour=siteGroup=FethiGate - Visiteurs
14:23:13 [+00:00:11] DETAIL            - roles=write lien=non invitation=non herite=non pour=siteGroup=FethiGate - Membres
14:23:13 [+00:00:11] DETAIL            - roles=write lien=non invitation=non herite=non pour=user=usertest2.ipdlab@infopro-digital.fr, siteUser=usertest2.ipdlab@infopro-digital.fr
14:23:13 [+00:00:11] DETAIL            - roles=owner lien=non invitation=non herite=non pour=siteUser=fethygate@infoprodigital365.onmicrosoft.com, group=fethygate@infoprodigital365.onmicrosoft.com
14:23:13 [+00:00:11] DETAIL        Droits uniques : Documents partages/Members_.csv (4 attribution(s), 0 partage(s))
14:23:14 [+00:00:12] DETAIL          Graph : 5 permission(s) lue(s) sur cet objet
14:23:14 [+00:00:12] DETAIL            - roles=owner lien=non invitation=non herite=non pour=siteGroup=Propriétaires de FethiGate
14:23:14 [+00:00:12] DETAIL            - roles=write lien=non invitation=non herite=non pour=user=usertest2.ipdlab@infopro-digital.fr, siteUser=usertest2.ipdlab@infopro-digital.fr
14:23:14 [+00:00:12] DETAIL            - roles=write lien=non invitation=non herite=non pour=siteGroup=CustomFethiRights
14:23:14 [+00:00:12] DETAIL            - roles=restrictedView lien=non invitation=non herite=non pour=user=fethi.faradji@gmail.com, siteUser=fethi.faradji@gmail.com
14:23:14 [+00:00:12] DETAIL            - roles=owner lien=non invitation=non herite=non pour=siteUser=fethygate@infoprodigital365.onmicrosoft.com, group=fethygate@infoprodigital365.onmicrosoft.com
14:23:14 [+00:00:12] DETAIL        Droits uniques : Documents partages/Members_support_CUSTOMRIGHTSTEST.csv (3 attribution(s), 0 partage(s))
14:23:14 [+00:00:12] DETAIL        -> 7 objet(s) a droits uniques dans cette liste, en 9,2 s
14:23:14 [+00:00:12] DETAIL    [6/17] Liste cachee/systeme ignoree : Formulaires convertis
14:23:14 [+00:00:12] DETAIL    [7/17] Liste cachee/systeme ignoree : Galerie de composants WebPart
14:23:14 [+00:00:12] DETAIL    [8/17] Liste cachee/systeme ignoree : Galerie Modèles de listes
14:23:14 [+00:00:12] DETAIL    [9/17] Liste cachee/systeme ignoree : Galerie Pages maîtres
14:23:14 [+00:00:12] DETAIL    [10/17] Liste cachee/systeme ignoree : Galerie Solutions
14:23:14 [+00:00:12] DETAIL    [11/17] Liste cachee/systeme ignoree : Galerie Thèmes
14:23:14 [+00:00:12] DETAIL    [12/17] Liste cachee/systeme ignoree : Liste d'informations utilisateur
14:23:14 [+00:00:12] DETAIL    [13/17] Liste cachee/systeme ignoree : Modèles de formulaire
14:23:14 [+00:00:12] DETAIL    [14/17] Liste cachee/systeme ignoree : Pages du site
14:23:14 [+00:00:12] DETAIL    [15/17] Liste cachee/systeme ignoree : Pièces jointes
14:23:14 [+00:00:12] DETAIL    [16/17] Liste cachee/systeme ignoree : Présentations composées
14:23:14 [+00:00:12] DETAIL    [17/17] Liste cachee/systeme ignoree : TaxonomyHiddenList
14:23:15 [+00:00:12] SUCCESS [Export][Success] Export JSON termine - C:\Users\ffaradji-op\Desktop\Mercury script powershell\sharepoint\SharePoint-Permissions-Migration\SharePointPermissions.json : 0 niveaux, 3 groupes, 8 objets securises
14:23:15 [+00:00:12] INFO    Connexion applicative au site cible avec le certificat cible...
14:23:15 [+00:00:13] SUCCESS Connecte au site cible.
14:23:15 [+00:00:13] WARN    MODE SIMULATION : aucune modification ne sera effectuee.
14:23:15 [+00:00:13] DETAIL  0 correspondance(s) chargee(s) depuis le CSV.
14:23:15 [+00:00:13] INFO    Site cible : 'fethiMercury' (/sites/fethiMercury)
14:23:15 [+00:00:13] INFO    Groupe Microsoft 365 du site cible : dbfaec4b-8431-4af6-8d7c-941cc6cbe281
14:23:15 [+00:00:13] DETAIL    Groupe natif cible Owners = 'Propriétaires de fethiMercury'
14:23:15 [+00:00:13] DETAIL    Groupe natif cible Visitors = 'fethiMercury - Visiteurs'
14:23:15 [+00:00:13] DETAIL    Groupe natif cible Members = 'fethiMercury - Membres'
14:23:15 [+00:00:13] SUCCESS Fin de l'etape 'Export des droits non natifs du site source' en 00:00:12
14:23:15 [+00:00:13] STEP    
14:23:15 [+00:00:13] STEP    ======================================================================
14:23:15 [+00:00:13] STEP    ETAPE 3/5 : Niveaux d'autorisation personnalises (0)
14:23:15 [+00:00:13] STEP    ======================================================================
14:23:15 [+00:00:13] SUCCESS Fin de l'etape 'Niveaux d'autorisation personnalises (0)' en 00:00:00
14:23:15 [+00:00:13] STEP    
14:23:15 [+00:00:13] STEP    ======================================================================
14:23:15 [+00:00:13] STEP    ETAPE 4/5 : Groupes SharePoint personnalises et membres (3)
14:23:15 [+00:00:13] STEP    ======================================================================
14:23:16 [+00:00:13] SUCCESS [Groups][Success] Groupe existant reutilise - CustomFethiRights
14:23:16 [+00:00:13] SUCCESS [Groups][Success] Groupe existant reutilise - grp_test
14:23:16 [+00:00:14] SUCCESS [Groups][Success] Groupe existant reutilise - test
14:23:16 [+00:00:14] DETAIL    Utilisateur (meme tenant) : 'William HEUANG (OP)' -> i:0#.f|membership|wheuang-op2@infopro-digital.com
14:23:16 [+00:00:14] INFO    [Groups][Planned] Ajouter membre - CustomFethiRights : i:0#.f|membership|wheuang-op2@infopro-digital.com
14:23:16 [+00:00:14] DETAIL    Utilisateur (meme tenant) : 'FARADJI, Fethi' -> i:0#.f|membership|fethy.faradji@infopro-digital.com
14:23:16 [+00:00:14] INFO    [Groups][Planned] Ajouter membre - grp_test : i:0#.f|membership|fethy.faradji@infopro-digital.com
14:23:16 [+00:00:14] INFO    [Groups][Planned] Ajouter membre - test : i:0#.f|membership|fethy.faradji@infopro-digital.com
14:23:16 [+00:00:14] SUCCESS Fin de l'etape 'Groupes SharePoint personnalises et membres (3)' en 00:00:00
14:23:16 [+00:00:14] STEP    
14:23:16 [+00:00:14] STEP    ======================================================================
14:23:16 [+00:00:14] STEP    ETAPE 5/5 : Autorisations sur le site, les listes et les elements (8 objet(s))
14:23:16 [+00:00:14] STEP    ======================================================================
14:23:16 [+00:00:14] DETAIL  17 liste(s) trouvee(s) sur le site cible.
14:23:16 [+00:00:14] INFO    Partages : 0 lien(s) de partage source, destinataires reportes : External (droits directs, sans e-mail).
14:23:16 [+00:00:14] INFO    [1/8] Site racine - 3 attribution(s) source
14:23:16 [+00:00:14] DETAIL    Source : Propriétaires de FethiGate [AssociatedGroup] -> Contrôle total
14:23:16 [+00:00:14] DETAIL      ignore : groupe natif avec niveaux natifs au niveau du site.
14:23:16 [+00:00:14] DETAIL    Source : FethiGate - Visiteurs [AssociatedGroup] -> Lecture
14:23:16 [+00:00:14] DETAIL      ignore : groupe natif avec niveaux natifs au niveau du site.
14:23:16 [+00:00:14] DETAIL    Source : FethiGate - Membres [AssociatedGroup] -> Modification
14:23:16 [+00:00:14] DETAIL      ignore : groupe natif avec niveaux natifs au niveau du site.
14:23:16 [+00:00:14] WARN    [Permissions][Skipped] Aucune autorisation non native a reporter - Site racine
14:23:16 [+00:00:14] INFO    [2/8] Element : Documents partages/Drive ECHOLINE - 5 attribution(s) source
14:23:17 [+00:00:15] DETAIL    Element cible trouve : ID 3 (source ID 5)
14:23:17 [+00:00:15] DETAIL    Source : Propriétaires de FethiGate [AssociatedGroup] -> Contrôle total
14:23:17 [+00:00:15] DETAIL    Source : FethiGate - Visiteurs [AssociatedGroup] -> Lecture
14:23:17 [+00:00:15] DETAIL    Source : FethiGate - Membres [AssociatedGroup] -> Modification
14:23:17 [+00:00:15] DETAIL    Source : User test 02 [User] -> Collaboration
14:23:17 [+00:00:15] DETAIL    Utilisateur (meme tenant) : 'User test 02' -> i:0#.f|membership|usertest2.ipdlab@infopro-digital.fr
14:23:17 [+00:00:15] DETAIL    Source : FARADJI, Fethi [User] -> Collaboration
14:23:17 [+00:00:15] DETAIL    5 attribution(s) a appliquer sur la cible.
14:23:17 [+00:00:15] INFO    [Permissions][Planned] Droits cibles existants remplaces par ceux de la source - Element : Documents partages/Drive ECHOLINE
14:23:17 [+00:00:15] INFO    [Permissions][Planned] Ajouter autorisation - Element : Documents partages/Drive ECHOLINE : Propriétaires de fethiMercury -> Contrôle total
14:23:17 [+00:00:15] INFO    [Permissions][Planned] Ajouter autorisation - Element : Documents partages/Drive ECHOLINE : fethiMercury - Visiteurs -> Lecture
14:23:17 [+00:00:15] INFO    [Permissions][Planned] Ajouter autorisation - Element : Documents partages/Drive ECHOLINE : fethiMercury - Membres -> Modification
14:23:17 [+00:00:15] INFO    [Permissions][Planned] Ajouter autorisation - Element : Documents partages/Drive ECHOLINE : i:0#.f|membership|usertest2.ipdlab@infopro-digital.fr -> Collaboration
14:23:17 [+00:00:15] INFO    [Permissions][Planned] Ajouter autorisation - Element : Documents partages/Drive ECHOLINE : i:0#.f|membership|fethy.faradji@infopro-digital.com -> Collaboration
14:23:17 [+00:00:15] INFO    [3/8] Element : Documents partages/SCRIPT - 4 attribution(s) source
14:23:18 [+00:00:16] DETAIL    Element cible trouve : ID 255 (source ID 266)
14:23:18 [+00:00:16] DETAIL    Source : Propriétaires de FethiGate [AssociatedGroup] -> Contrôle total
14:23:18 [+00:00:16] DETAIL    Source : FethiGate - Visiteurs [AssociatedGroup] -> Lecture
14:23:18 [+00:00:16] DETAIL    Source : FethiGate - Membres [AssociatedGroup] -> Modification
14:23:18 [+00:00:16] DETAIL    Source : User test 02 [User] -> Collaboration
14:23:18 [+00:00:16] DETAIL    4 attribution(s) a appliquer sur la cible.
14:23:18 [+00:00:16] INFO    [Permissions][Planned] Droits cibles existants remplaces par ceux de la source - Element : Documents partages/SCRIPT
14:23:18 [+00:00:16] INFO    [Permissions][Planned] Ajouter autorisation - Element : Documents partages/SCRIPT : Propriétaires de fethiMercury -> Contrôle total
14:23:18 [+00:00:16] INFO    [Permissions][Planned] Ajouter autorisation - Element : Documents partages/SCRIPT : fethiMercury - Visiteurs -> Lecture
14:23:18 [+00:00:16] INFO    [Permissions][Planned] Ajouter autorisation - Element : Documents partages/SCRIPT : fethiMercury - Membres -> Modification
14:23:18 [+00:00:16] INFO    [Permissions][Planned] Ajouter autorisation - Element : Documents partages/SCRIPT : i:0#.f|membership|usertest2.ipdlab@infopro-digital.fr -> Collaboration
14:23:18 [+00:00:16] INFO    [4/8] Element : Documents partages/Audit_user_gmail.xlsx - 4 attribution(s) source
14:23:18 [+00:00:16] DETAIL    Element cible trouve : ID 1 (source ID 3)
14:23:18 [+00:00:16] DETAIL    Source : Propriétaires de FethiGate [AssociatedGroup] -> Contrôle total
14:23:18 [+00:00:16] DETAIL    Source : FethiGate - Visiteurs [AssociatedGroup] -> Lecture
14:23:18 [+00:00:16] DETAIL    Source : FethiGate - Membres [AssociatedGroup] -> Modification
14:23:18 [+00:00:16] DETAIL    Source : User test 02 [User] -> Collaboration
14:23:18 [+00:00:16] DETAIL    4 attribution(s) a appliquer sur la cible.
14:23:18 [+00:00:16] INFO    [Permissions][Planned] Droits cibles existants remplaces par ceux de la source - Element : Documents partages/Audit_user_gmail.xlsx
14:23:18 [+00:00:16] INFO    [Permissions][Planned] Ajouter autorisation - Element : Documents partages/Audit_user_gmail.xlsx : Propriétaires de fethiMercury -> Contrôle total
14:23:18 [+00:00:16] INFO    [Permissions][Planned] Ajouter autorisation - Element : Documents partages/Audit_user_gmail.xlsx : fethiMercury - Visiteurs -> Lecture
14:23:18 [+00:00:16] INFO    [Permissions][Planned] Ajouter autorisation - Element : Documents partages/Audit_user_gmail.xlsx : fethiMercury - Membres -> Modification
14:23:18 [+00:00:16] INFO    [Permissions][Planned] Ajouter autorisation - Element : Documents partages/Audit_user_gmail.xlsx : i:0#.f|membership|usertest2.ipdlab@infopro-digital.fr -> Collaboration
14:23:18 [+00:00:16] INFO    [5/8] Element : Documents partages/Capture d’écran 2026-01-27 172058.jpg - 4 attribution(s) source
14:23:19 [+00:00:17] DETAIL    Element cible trouve : ID 2 (source ID 4)
14:23:19 [+00:00:17] DETAIL    Source : Propriétaires de FethiGate [AssociatedGroup] -> Contrôle total
14:23:19 [+00:00:17] DETAIL    Source : FethiGate - Visiteurs [AssociatedGroup] -> Lecture
14:23:19 [+00:00:17] DETAIL    Source : FethiGate - Membres [AssociatedGroup] -> Modification
14:23:19 [+00:00:17] DETAIL    Source : User test 02 [User] -> Collaboration
14:23:19 [+00:00:17] DETAIL    4 attribution(s) a appliquer sur la cible.
14:23:20 [+00:00:17] INFO    [Permissions][Planned] Droits cibles existants remplaces par ceux de la source - Element : Documents partages/Capture d’écran 2026-01-27 172058.jpg
14:23:20 [+00:00:17] INFO    [Permissions][Planned] Ajouter autorisation - Element : Documents partages/Capture d’écran 2026-01-27 172058.jpg : Propriétaires de fethiMercury -> Contrôle total
14:23:20 [+00:00:17] INFO    [Permissions][Planned] Ajouter autorisation - Element : Documents partages/Capture d’écran 2026-01-27 172058.jpg : fethiMercury - Visiteurs -> Lecture
14:23:20 [+00:00:17] INFO    [Permissions][Planned] Ajouter autorisation - Element : Documents partages/Capture d’écran 2026-01-27 172058.jpg : fethiMercury - Membres -> Modification
14:23:20 [+00:00:17] INFO    [Permissions][Planned] Ajouter autorisation - Element : Documents partages/Capture d’écran 2026-01-27 172058.jpg : i:0#.f|membership|usertest2.ipdlab@infopro-digital.fr -> Collaboration
14:23:20 [+00:00:17] INFO    [6/8] Element : Documents partages/emailaddress.csv - 4 attribution(s) source
14:23:20 [+00:00:18] DETAIL    Element cible trouve : ID 250 (source ID 263)
14:23:20 [+00:00:18] DETAIL    Source : Propriétaires de FethiGate [AssociatedGroup] -> Contrôle total
14:23:20 [+00:00:18] DETAIL    Source : FethiGate - Visiteurs [AssociatedGroup] -> Lecture
14:23:20 [+00:00:18] DETAIL    Source : FethiGate - Membres [AssociatedGroup] -> Modification
14:23:20 [+00:00:18] DETAIL    Source : User test 02 [User] -> Collaboration
14:23:20 [+00:00:18] DETAIL    4 attribution(s) a appliquer sur la cible.
14:23:20 [+00:00:18] INFO    [Permissions][Planned] Droits cibles existants remplaces par ceux de la source - Element : Documents partages/emailaddress.csv
14:23:20 [+00:00:18] INFO    [Permissions][Planned] Ajouter autorisation - Element : Documents partages/emailaddress.csv : Propriétaires de fethiMercury -> Contrôle total
14:23:20 [+00:00:18] INFO    [Permissions][Planned] Ajouter autorisation - Element : Documents partages/emailaddress.csv : fethiMercury - Visiteurs -> Lecture
14:23:20 [+00:00:18] INFO    [Permissions][Planned] Ajouter autorisation - Element : Documents partages/emailaddress.csv : fethiMercury - Membres -> Modification
14:23:20 [+00:00:18] INFO    [Permissions][Planned] Ajouter autorisation - Element : Documents partages/emailaddress.csv : i:0#.f|membership|usertest2.ipdlab@infopro-digital.fr -> Collaboration
14:23:20 [+00:00:18] INFO    [7/8] Element : Documents partages/Members_.csv - 4 attribution(s) source
14:23:20 [+00:00:18] DETAIL    Element cible trouve : ID 253 (source ID 264)
14:23:20 [+00:00:18] DETAIL    Source : Propriétaires de FethiGate [AssociatedGroup] -> Contrôle total
14:23:20 [+00:00:18] DETAIL    Source : FethiGate - Visiteurs [AssociatedGroup] -> Lecture
14:23:20 [+00:00:18] DETAIL    Source : FethiGate - Membres [AssociatedGroup] -> Modification
14:23:20 [+00:00:18] DETAIL    Source : User test 02 [User] -> Collaboration
14:23:20 [+00:00:18] DETAIL    4 attribution(s) a appliquer sur la cible.
14:23:21 [+00:00:18] INFO    [Permissions][Planned] Droits cibles existants remplaces par ceux de la source - Element : Documents partages/Members_.csv
14:23:21 [+00:00:18] INFO    [Permissions][Planned] Ajouter autorisation - Element : Documents partages/Members_.csv : Propriétaires de fethiMercury -> Contrôle total
14:23:21 [+00:00:18] INFO    [Permissions][Planned] Ajouter autorisation - Element : Documents partages/Members_.csv : fethiMercury - Visiteurs -> Lecture
14:23:21 [+00:00:18] INFO    [Permissions][Planned] Ajouter autorisation - Element : Documents partages/Members_.csv : fethiMercury - Membres -> Modification
14:23:21 [+00:00:18] INFO    [Permissions][Planned] Ajouter autorisation - Element : Documents partages/Members_.csv : i:0#.f|membership|usertest2.ipdlab@infopro-digital.fr -> Collaboration
14:23:21 [+00:00:18] INFO    [8/8] Element : Documents partages/Members_support_CUSTOMRIGHTSTEST.csv - 3 attribution(s) source
14:23:21 [+00:00:19] DETAIL    Element cible trouve : ID 254 (source ID 265)
14:23:21 [+00:00:19] DETAIL    Source : Propriétaires de FethiGate [AssociatedGroup] -> Contrôle total
14:23:21 [+00:00:19] DETAIL    Source : User test 02 [User] -> Collaboration
14:23:21 [+00:00:19] DETAIL    Source : CustomFethiRights [CustomGroup] -> Modification
14:23:21 [+00:00:19] DETAIL    3 attribution(s) a appliquer sur la cible.
14:23:21 [+00:00:19] INFO    [Permissions][Planned] Droits cibles existants remplaces par ceux de la source - Element : Documents partages/Members_support_CUSTOMRIGHTSTEST.csv
14:23:21 [+00:00:19] INFO    [Permissions][Planned] Ajouter autorisation - Element : Documents partages/Members_support_CUSTOMRIGHTSTEST.csv : Propriétaires de fethiMercury -> Contrôle total
14:23:21 [+00:00:19] INFO    [Permissions][Planned] Ajouter autorisation - Element : Documents partages/Members_support_CUSTOMRIGHTSTEST.csv : i:0#.f|membership|usertest2.ipdlab@infopro-digital.fr -> Collaboration
14:23:21 [+00:00:19] INFO    [Permissions][Planned] Ajouter autorisation - Element : Documents partages/Members_support_CUSTOMRIGHTSTEST.csv : CustomFethiRights -> Modification
14:23:21 [+00:00:19] SUCCESS Fin de l'etape 'Autorisations sur le site, les listes et les elements (8 objet(s))' en 00:00:05
14:23:21 [+00:00:19] STEP    
14:23:21 [+00:00:19] STEP    ======================================================================
14:23:21 [+00:00:19] STEP    RESUME - duree totale 00:00:19 - mode SIMULATION
14:23:21 [+00:00:19] STEP    ======================================================================
14:23:21 [+00:00:19] INFO    Export, Skipped                               3
14:23:21 [+00:00:19] INFO    Export, Success                               2
14:23:21 [+00:00:19] INFO    Groups, Planned                               3
14:23:21 [+00:00:19] INFO    Groups, Success                               3
14:23:21 [+00:00:19] INFO    Permissions, Planned                         35
14:23:21 [+00:00:19] INFO    Permissions, Skipped                          1
14:23:21 [+00:00:19] SUCCESS Erreurs : 0
14:23:21 [+00:00:19] SUCCESS Principaux non resolus : 0 (voir UnresolvedPrincipals.csv)
14:23:21 [+00:00:19] INFO    Autorisations appliquees : 0 - prevues (simulation) : 28 - objets cibles introuvables : 0
14:23:21 [+00:00:19] WARN    >>> SIMULATION : RIEN N'A ETE MODIFIE SUR LE SITE CIBLE. Mettez $Apply = $true pour appliquer. <<<
14:23:21 [+00:00:19] INFO    Journal de suivi : C:\Users\ffaradji-op\Desktop\Mercury script powershell\sharepoint\SharePoint-Permissions-Migration\Suivi_20260924_142302.log
