15:34:19 [+00:00:00] STEP    ======================================================================
15:34:20 [+00:00:00] STEP    MIGRATION DES DROITS SHAREPOINT NON NATIFS (meme tenant ou cross-tenant)
15:34:20 [+00:00:00] STEP    ======================================================================
15:34:20 [+00:00:00] INFO    PowerShell 7.5.0 - PnP.PowerShell 3.4.1 - hote : ConsoleHost
15:34:20 [+00:00:00] INFO    Script    : C:\Users\ffaradji-op\Desktop\Mercury script powershell\sharepoint\droitscustome.ps1
15:34:20 [+00:00:00] INFO    Rapports  : C:\Users\ffaradji-op\Desktop\Mercury script powershell\sharepoint\SharePoint-Permissions-Migration
15:34:20 [+00:00:00] INFO    Suivi     : C:\Users\ffaradji-op\Desktop\Mercury script powershell\sharepoint\SharePoint-Permissions-Migration\Suivi_20260923_153419.log
15:34:20 [+00:00:00] INFO    Mode      : SIMULATION (aucune modification)
15:34:20 [+00:00:00] INFO    Options   : ReplaceUniquePermissions=False, IncludeHiddenLists=False, SkipItemPermissions=False, InviteMissingUsers=False, IncludeAssociatedGroupAssignments=True, MigrateEveryoneClaims=False, LogLevel=Detail
15:34:20 [+00:00:00] INFO    Domaines  : (aucune correspondance)
15:34:20 [+00:00:00] WARN    MEME TENANT detecte (source et cible identiques) : copie intra-tenant, les comptes et groupes Entra sont reutilises tels quels.
15:34:20 [+00:00:00] WARN    La meme application / le meme certificat peuvent servir aux deux connexions (droits FullControl requis sur les deux sites).
15:34:20 [+00:00:00] STEP    
15:34:20 [+00:00:00] STEP    ======================================================================
15:34:20 [+00:00:00] STEP    ETAPE 1/5 : Verification de la configuration et connexion au site source
15:34:20 [+00:00:00] STEP    ======================================================================
15:34:20 [+00:00:00] INFO    Source : https://infoprodigital365.sharepoint.com/sites/fethygate (tenant 2eea08b8-1972-447b-ad43-d044d042500a, application 821109a4-6e0e-48e8-b477-8f9b70aa32a4)
15:34:20 [+00:00:00] INFO    Cible  : https://infoprodigital365.sharepoint.com/sites/fethiMercury (tenant 2eea08b8-1972-447b-ad43-d044d042500a, application 821109a4-6e0e-48e8-b477-8f9b70aa32a4)
15:34:20 [+00:00:00] SUCCESS Configuration valide (URL, identifiants, certificats).
15:34:20 [+00:00:00] INFO    Connexion applicative au site source avec le certificat source...
15:34:20 [+00:00:00] SUCCESS Connecte au site source.
15:34:20 [+00:00:00] SUCCESS Fin de l'etape 'Verification de la configuration et connexion au site source' en 00:00:00
15:34:20 [+00:00:00] STEP    
15:34:20 [+00:00:00] STEP    ======================================================================
15:34:20 [+00:00:00] STEP    ETAPE 2/5 : Export des droits non natifs du site source
15:34:20 [+00:00:00] STEP    ======================================================================
15:34:20 [+00:00:00] INFO    Lecture du site source : https://infoprodigital365.sharepoint.com/sites/fethygate
15:34:21 [+00:00:01] SUCCESS [Export][Success] Site source lu - FethiGate : /sites/fethygate
15:34:21 [+00:00:01] INFO    Lecture des niveaux d'autorisation...
15:34:21 [+00:00:01] DETAIL    Niveau natif ignore : 'Contrôle total' (RoleTypeKind=Administrator, Hidden=False)
15:34:21 [+00:00:01] DETAIL    Niveau natif ignore : 'Conception' (RoleTypeKind=WebDesigner, Hidden=False)
15:34:21 [+00:00:01] DETAIL    Niveau natif ignore : 'Modification' (RoleTypeKind=Editor, Hidden=False)
15:34:21 [+00:00:01] DETAIL    Niveau natif ignore : 'Collaboration' (RoleTypeKind=Contributor, Hidden=False)
15:34:21 [+00:00:01] DETAIL    Niveau natif ignore : 'Lecture' (RoleTypeKind=Reader, Hidden=False)
15:34:21 [+00:00:01] DETAIL    Niveau natif ignore : 'Affichage restreint' (RoleTypeKind=RestrictedReader, Hidden=True)
15:34:21 [+00:00:01] DETAIL    Niveau natif ignore : 'Accès limité' (RoleTypeKind=Guest, Hidden=True)
15:34:21 [+00:00:01] DETAIL    Niveau natif ignore : 'System.LimitedView' (RoleTypeKind=System, Hidden=True)
15:34:21 [+00:00:01] DETAIL    Niveau natif ignore : 'System.LimitedEdit' (RoleTypeKind=System, Hidden=True)
15:34:21 [+00:00:01] SUCCESS 0 niveau(x) personnalise(s) a migrer.
15:34:21 [+00:00:01] INFO    Lecture des groupes natifs du site (Proprietaires/Membres/Visiteurs)...
15:34:21 [+00:00:01] DETAIL    Owners = 'Propriétaires de FethiGate' (ID 3)
15:34:21 [+00:00:01] DETAIL    Members = 'FethiGate - Membres' (ID 5)
15:34:21 [+00:00:01] DETAIL    Visitors = 'FethiGate - Visiteurs' (ID 4)
15:34:21 [+00:00:01] INFO    Lecture des groupes SharePoint...
15:34:21 [+00:00:01] DETAIL    6 groupe(s) trouve(s) sur le site source.
15:34:22 [+00:00:02] INFO      Groupe PERSONNALISE : 'CustomFethiRights' - 1 membre(s), proprietaire 'William HEUANG (OP)'
15:34:22 [+00:00:02] DETAIL      membre : William HEUANG (OP) [User] wheuang-op@infopro-digital.com
15:34:22 [+00:00:02] WARN    [Export][Skipped] Groupe natif du site non recree - FethiGate - Membres
15:34:22 [+00:00:02] WARN    [Export][Skipped] Groupe natif du site non recree - FethiGate - Visiteurs
15:34:22 [+00:00:02] INFO      Groupe PERSONNALISE : 'grp_test' - 1 membre(s), proprietaire 'FARADJI, Fethi'
15:34:22 [+00:00:02] DETAIL      membre : FARADJI, Fethi [User] fethy.faradji@infopro-digital.com
15:34:22 [+00:00:02] WARN    [Export][Skipped] Groupe natif du site non recree - Propriétaires de FethiGate
15:34:22 [+00:00:02] INFO      Groupe PERSONNALISE : 'test' - 1 membre(s), proprietaire 'FARADJI, Fethi'
15:34:22 [+00:00:02] DETAIL      membre : FARADJI, Fethi [User] fethy.faradji@infopro-digital.com
15:34:22 [+00:00:02] SUCCESS 3 groupe(s) personnalise(s) a migrer.
15:34:22 [+00:00:02] INFO    Lecture des autorisations du site racine...
15:34:22 [+00:00:02] DETAIL    3 attribution(s) au niveau du site.
15:34:22 [+00:00:02] INFO    Lecture des listes et bibliotheques...
15:34:23 [+00:00:03] INFO      17 liste(s) trouvee(s) (y compris cachees/systeme).
15:34:23 [+00:00:03] DETAIL    [1/17] Liste cachee/systeme ignoree : appdata
15:34:23 [+00:00:03] DETAIL    [2/17] Liste cachee/systeme ignoree : appfiles
15:34:23 [+00:00:03] DETAIL    [3/17] Liste cachee/systeme ignoree : Bibliothèque de styles
15:34:23 [+00:00:03] DETAIL    [4/17] Liste cachee/systeme ignoree : Bibliothèque des journaux de maintenance
15:34:23 [+00:00:03] INFO      [5/17] Analyse de 'Documents' (Documents partages) - 336 element(s), droits uniques : False
15:34:25 [+00:00:05] DETAIL        Droits uniques : Documents partages/Drive ECHOLINE (5 attribution(s))
15:34:26 [+00:00:06] DETAIL        Droits uniques : Documents partages/SCRIPT (4 attribution(s))
15:34:27 [+00:00:07] DETAIL        Droits uniques : Documents partages/Audit_user_gmail.xlsx (4 attribution(s))
15:34:28 [+00:00:08] DETAIL        Droits uniques : Documents partages/Capture d’écran 2026-01-27 172058.jpg (4 attribution(s))
15:34:29 [+00:00:09] DETAIL        Droits uniques : Documents partages/emailaddress.csv (4 attribution(s))
15:34:29 [+00:00:09] DETAIL        Droits uniques : Documents partages/Members_.csv (4 attribution(s))
15:34:31 [+00:00:11] DETAIL        Droits uniques : Documents partages/Members_support_CUSTOMRIGHTSTEST.csv (3 attribution(s))
15:34:31 [+00:00:11] DETAIL        -> 7 objet(s) a droits uniques dans cette liste, en 7,7 s
15:34:31 [+00:00:11] DETAIL    [6/17] Liste cachee/systeme ignoree : Formulaires convertis
15:34:31 [+00:00:11] DETAIL    [7/17] Liste cachee/systeme ignoree : Galerie de composants WebPart
15:34:31 [+00:00:11] DETAIL    [8/17] Liste cachee/systeme ignoree : Galerie Modèles de listes
15:34:31 [+00:00:11] DETAIL    [9/17] Liste cachee/systeme ignoree : Galerie Pages maîtres
15:34:31 [+00:00:11] DETAIL    [10/17] Liste cachee/systeme ignoree : Galerie Solutions
15:34:31 [+00:00:11] DETAIL    [11/17] Liste cachee/systeme ignoree : Galerie Thèmes
15:34:31 [+00:00:11] DETAIL    [12/17] Liste cachee/systeme ignoree : Liste d'informations utilisateur
15:34:31 [+00:00:11] DETAIL    [13/17] Liste cachee/systeme ignoree : Modèles de formulaire
15:34:31 [+00:00:11] DETAIL    [14/17] Liste cachee/systeme ignoree : Pages du site
15:34:31 [+00:00:11] DETAIL    [15/17] Liste cachee/systeme ignoree : Pièces jointes
15:34:31 [+00:00:11] DETAIL    [16/17] Liste cachee/systeme ignoree : Présentations composées
15:34:31 [+00:00:11] DETAIL    [17/17] Liste cachee/systeme ignoree : TaxonomyHiddenList
15:34:31 [+00:00:11] SUCCESS [Export][Success] Export JSON termine - C:\Users\ffaradji-op\Desktop\Mercury script powershell\sharepoint\SharePoint-Permissions-Migration\SharePointPermissions.json : 0 niveaux, 3 groupes, 8 objets securises
15:34:31 [+00:00:11] INFO    Connexion applicative au site cible avec le certificat cible...
15:34:31 [+00:00:11] SUCCESS Connecte au site cible.
15:34:31 [+00:00:11] WARN    MODE SIMULATION : aucune modification ne sera effectuee.
15:34:31 [+00:00:11] DETAIL  0 correspondance(s) chargee(s) depuis le CSV.
15:34:31 [+00:00:11] INFO    Site cible : 'fethiMercury' (/sites/fethiMercury)
15:34:31 [+00:00:11] DETAIL    Groupe natif cible Owners = 'Propriétaires de fethiMercury'
15:34:31 [+00:00:11] DETAIL    Groupe natif cible Members = 'fethiMercury - Membres'
15:34:31 [+00:00:11] DETAIL    Groupe natif cible Visitors = 'fethiMercury - Visiteurs'
15:34:31 [+00:00:11] SUCCESS Fin de l'etape 'Export des droits non natifs du site source' en 00:00:11
15:34:31 [+00:00:11] STEP    
15:34:31 [+00:00:11] STEP    ======================================================================
15:34:31 [+00:00:11] STEP    ETAPE 3/5 : Niveaux d'autorisation personnalises (0)
15:34:31 [+00:00:11] STEP    ======================================================================
15:34:31 [+00:00:11] SUCCESS Fin de l'etape 'Niveaux d'autorisation personnalises (0)' en 00:00:00
15:34:31 [+00:00:11] STEP    
15:34:31 [+00:00:11] STEP    ======================================================================
15:34:31 [+00:00:11] STEP    ETAPE 4/5 : Groupes SharePoint personnalises et membres (3)
15:34:31 [+00:00:11] STEP    ======================================================================
15:34:32 [+00:00:12] INFO    [Groups][Planned] Creer groupe SharePoint - CustomFethiRights
15:34:32 [+00:00:12] INFO    [Groups][Planned] Creer groupe SharePoint - grp_test
15:34:32 [+00:00:12] INFO    [Groups][Planned] Creer groupe SharePoint - test
15:34:32 [+00:00:12] DETAIL    Utilisateur (meme tenant) : 'William HEUANG (OP)' -> i:0#.f|membership|wheuang-op2@infopro-digital.com
15:34:32 [+00:00:12] INFO    [Groups][Planned] Appliquer parametres/proprietaire - CustomFethiRights : Proprietaire: i:0#.f|membership|wheuang-op2@infopro-digital.com
15:34:32 [+00:00:12] DETAIL    Utilisateur (meme tenant) : 'FARADJI, Fethi' -> i:0#.f|membership|fethy.faradji@infopro-digital.com
15:34:32 [+00:00:12] INFO    [Groups][Planned] Appliquer parametres/proprietaire - grp_test : Proprietaire: i:0#.f|membership|fethy.faradji@infopro-digital.com
15:34:32 [+00:00:12] INFO    [Groups][Planned] Appliquer parametres/proprietaire - test : Proprietaire: i:0#.f|membership|fethy.faradji@infopro-digital.com
15:34:32 [+00:00:12] INFO    [Groups][Planned] Ajouter membre - CustomFethiRights : i:0#.f|membership|wheuang-op2@infopro-digital.com
15:34:32 [+00:00:12] INFO    [Groups][Planned] Ajouter membre - grp_test : i:0#.f|membership|fethy.faradji@infopro-digital.com
15:34:32 [+00:00:12] INFO    [Groups][Planned] Ajouter membre - test : i:0#.f|membership|fethy.faradji@infopro-digital.com
15:34:32 [+00:00:12] SUCCESS Fin de l'etape 'Groupes SharePoint personnalises et membres (3)' en 00:00:00
15:34:32 [+00:00:12] STEP    
15:34:32 [+00:00:12] STEP    ======================================================================
15:34:32 [+00:00:12] STEP    ETAPE 5/5 : Autorisations sur le site, les listes et les elements (8 objet(s))
15:34:32 [+00:00:12] STEP    ======================================================================
15:34:32 [+00:00:12] DETAIL  17 liste(s) trouvee(s) sur le site cible.
15:34:32 [+00:00:12] ERROR   [General][Error] Execution interrompue : Cannot validate argument on parameter 'Status'. The argument is null or empty. Provide an argument that is not null or empty, and then try the command again.
15:34:32 [+00:00:12] ERROR   ==================== ERREUR ====================
15:34:32 [+00:00:12] ERROR   Cannot validate argument on parameter 'Status'. The argument is null or empty. Provide an argument that is not null or empty, and then try the command again.
15:34:32 [+00:00:12] ERROR   Ligne 1894 : Import-SharePointSecurity -Export $export -Connection $targetConnection
15:34:32 [+00:00:12] ERROR   ================================================
15:34:32 [+00:00:12] SUCCESS Fin de l'etape 'Autorisations sur le site, les listes et les elements (8 objet(s))' en 00:00:00
15:34:32 [+00:00:12] STEP    
15:34:32 [+00:00:12] STEP    ======================================================================
15:34:32 [+00:00:12] STEP    RESUME - duree totale 00:00:12 - mode SIMULATION
15:34:32 [+00:00:12] STEP    ======================================================================
15:34:32 [+00:00:12] INFO    Export, Skipped                               3
15:34:32 [+00:00:12] INFO    Export, Success                               2
15:34:32 [+00:00:12] INFO    General, Error                                1
15:34:32 [+00:00:12] INFO    Groups, Planned                               9
15:34:32 [+00:00:12] ERROR   Erreurs : 1
15:34:32 [+00:00:12] ERROR     - [General] Execution interrompue -  : Cannot validate argument on parameter 'Status'. The argument is null or empty. Provide an argument that is not null or empty, and then try the command again.
15:34:32 [+00:00:12] SUCCESS Principaux non resolus : 0 (voir UnresolvedPrincipals.csv)
15:34:32 [+00:00:12] INFO    Journal de suivi : C:\Users\ffaradji-op\Desktop\Mercury script powershell\sharepoint\SharePoint-Permissions-Migration\Suivi_20260923_153419.log
